10.100.0.1 - - [10/Nov/2016:00:01:07 +0800] "HEAD / HTTP/1.1" 301 0 "117.121.101.40" "-" - "curl/7.19.7 (x86_64-redhat-linux-gnu) libcurl/7.19.7 NSS/3.16.2.3 Basic ECC zlib/1.2.3 libidn/1.18 libssh2/1.4.2" "-" - - - 0.000
125.95.14.169 - - [10/Nov/2016:00:01:08 +0800] "POST /course/ajaxmediauser HTTP/1.1" 200 67 "www.imooc.com" "http://www.imooc.com/code/89" mid=89&time=8.2 "Mozilla/5.0 (Windows NT 6.1; WOW64) AppleWebKit/537.36 (KHTML, like Gecko) Chrome/49.0.2623.75 Safari/537.36 115Browser/7.0.0" "-" 10.100.136.65:80 200 0.014 0.014
10.100.0.1 - - [10/Nov/2016:00:01:08 +0800] "HEAD / HTTP/1.1" 301 0 "117.121.101.40" "-" - "curl/7.19.7 (x86_64-redhat-linux-gnu) libcurl/7.19.7 NSS/3.16.2.3 Basic ECC zlib/1.2.3 libidn/1.18 libssh2/1.4.2" "-" - - - 0.000
171.113.102.163 - - [10/Nov/2016:00:01:08 +0800] "GET /course/ajaxcourserecom?cid=249 HTTP/1.1" 200 2036 "www.imooc.com" "http://www.imooc.com/learn/249" - "Mozilla/5.0 (Windows NT 6.1) AppleWebKit/537.36 (KHTML, like Gecko) Chrome/45.0.2454.101 Safari/537.36" "-" 10.100.136.65:80 200 0.008 0.008
10.100.0.1 - - [10/Nov/2016:00:01:08 +0800] "HEAD / HTTP/1.1" 301 0 "117.121.101.40" "-" - "curl/7.19.7 (x86_64-redhat-linux-gnu) libcurl/7.19.7 NSS/3.16.2.3 Basic ECC zlib/1.2.3 libidn/1.18 libssh2/1.4.2" "-" - - - 0.000
10.100.0.1 - - [10/Nov/2016:00:01:08 +0800] "HEAD / HTTP/1.1" 301 0 "117.121.101.40" "-" - "curl/7.19.7 (x86_64-redhat-linux-gnu) libcurl/7.19.7 NSS/3.16.2.3 Basic ECC zlib/1.2.3 libidn/1.18 libssh2/1.4.2" "-" - - - 0.000
58.20.14.170 - - [10/Nov/2016:00:01:08 +0800] "GET /course/ajaxlastmediarecom?cid=267 HTTP/1.1" 200 3561 "www.imooc.com" "http://www.imooc.com/video/5683" - "Mozilla/5.0 (Windows NT 6.1; WOW64) AppleWebKit/537.36 (KHTML, like Gecko) Chrome/53.0.2785.143 Safari/537.36" "-" 10.100.136.64:80 200 0.167 0.167
10.100.0.1 - - [10/Nov/2016:00:01:08 +0800] "HEAD / HTTP/1.1" 301 0 "117.121.101.40" "-" - "curl/7.19.7 (x86_64-redhat-linux-gnu) libcurl/7.19.7 NSS/3.16.2.3 Basic ECC zlib/1.2.3 libidn/1.18 libssh2/1.4.2" "-" - - - 0.000
218.241.152.202 - - [10/Nov/2016:00:01:08 +0800] "POST /run/savecode HTTP/1.1" 200 88 "cr.fw.imooc.com" "-" ------------------------------19c9f4f4f1dc\x0D\x0AContent-Disposition: form-data; name=\x22lang\x22\x0D\x0A\x0D\x0Ajava\x0D\x0A------------------------------19c9f4f4f1dc\x0D\x0AContent-Disposition: form-data; name=\x22code\x22\x0D\x0A\x0D\x0Apublic class HelloWorld{\x0A    public static void main(String[] args) {\x0A\x09//\x09System.out.println(\x22Java\x22);\x0A\x09\x09System.out.println(\x22imooc\x22);\x0A\x09/*\x09System.out.println(\x22Oracle\x22);\x0A\x09\x09System.out.println(\x22MySQL\x22);*/\x0A\x09}\x0A}\x0D\x0A------------------------------19c9f4f4f1dc\x0D\x0AContent-Disposition: form-data; name=\x22cid\x22\x0D\x0A\x0D\x0A85\x0D\x0A------------------------------19c9f4f4f1dc\x0D\x0AContent-Disposition: form-data; name=\x22sid\x22\x0D\x0A\x0D\x0A1274-4313639-5364847\x0D\x0A------------------------------19c9f4f4f1dc\x0D\x0AContent-Disposition: form-data; name=\x22filename\x22\x0D\x0A\x0D\x0AHelloWorld.java\x0D\x0A------------------------------19c9f4f4f1dc\x0D\x0AContent-Disposition: form-data; name=\x22filelen\x22\x0D\x0A\x0D\x0A1\x0D\x0A------------------------------19c9f4f4f1dc--\x0D\x0A "Mozilla/4.0" "-" 10.100.132.152:80 200 0.023 0.027
10.100.0.1 - - [10/Nov/2016:00:01:08 +0800] "HEAD / HTTP/1.1" 301 0 "117.121.101.40" "-" - "curl/7.19.7 (x86_64-redhat-linux-gnu) libcurl/7.19.7 NSS/3.16.2.3 Basic ECC zlib/1.2.3 libidn/1.18 libssh2/1.4.2" "-" - - - 0.000
120.210.190.167 - - [10/Nov/2016:00:01:08 +0800] "POST /course/savecode HTTP/1.1" 200 63 "www.imooc.com" "http://www.imooc.com/code/1274" lang=java&cid=85&code=public+class+HelloWorld%7B%0A++++public+static+void+main(String%5B%5D+args)+%7B%0A%09%2F%2F%09System.out.println(%22Java%22)%3B%0A%09%09System.out.println(%22imooc%22)%3B%0A%09%2F*%09System.out.println(%22Oracle%22)%3B%0A%09%09System.out.println(%22MySQL%22)%3B*%2F%0A%09%7D%0A%7D&filename=HelloWorld.java&sid=1274-5364847 "Mozilla/5.0 (Windows NT 6.1; WOW64) AppleWebKit/537.36 (KHTML, like Gecko) Chrome/47.0.2526.106 BIDUBrowser/8.6 Safari/537.36" "-" 10.100.136.65:80 200 0.162 0.162
10.100.0.1 - - [10/Nov/2016:00:01:08 +0800] "HEAD / HTTP/1.1" 301 0 "117.121.101.40" "-" - "curl/7.19.7 (x86_64-redhat-linux-gnu) libcurl/7.19.7 NSS/3.16.2.3 Basic ECC zlib/1.2.3 libidn/1.18 libssh2/1.4.2" "-" - - - 0.000
10.100.0.1 - - [10/Nov/2016:00:01:08 +0800] "HEAD / HTTP/1.1" 301 0 "117.121.101.40" "-" - "curl/7.19.7 (x86_64-redhat-linux-gnu) libcurl/7.19.7 NSS/3.16.2.3 Basic ECC zlib/1.2.3 libidn/1.18 libssh2/1.4.2" "-" - - - 0.000
10.100.0.1 - - [10/Nov/2016:00:01:08 +0800] "HEAD / HTTP/1.1" 301 0 "117.121.101.40" "-" - "curl/7.19.7 (x86_64-redhat-linux-gnu) libcurl/7.19.7 NSS/3.16.2.3 Basic ECC zlib/1.2.3 libidn/1.18 libssh2/1.4.2" "-" - - - 0.000
10.100.0.1 - - [10/Nov/2016:00:01:08 +0800] "HEAD / HTTP/1.1" 301 0 "117.121.101.40" "-" - "curl/7.19.7 (x86_64-redhat-linux-gnu) libcurl/7.19.7 NSS/3.16.2.3 Basic ECC zlib/1.2.3 libidn/1.18 libssh2/1.4.2" "-" - - - 0.000
10.100.0.1 - - [10/Nov/2016:00:01:08 +0800] "HEAD / HTTP/1.1" 301 0 "117.121.101.40" "-" - "curl/7.19.7 (x86_64-redhat-linux-gnu) libcurl/7.19.7 NSS/3.16.2.3 Basic ECC zlib/1.2.3 libidn/1.18 libssh2/1.4.2" "-" - - - 0.000
10.100.0.1 - - [10/Nov/2016:00:01:08 +0800] "HEAD / HTTP/1.1" 301 0 "117.121.101.40" "-" - "curl/7.19.7 (x86_64-redhat-linux-gnu) libcurl/7.19.7 NSS/3.16.2.3 Basic ECC zlib/1.2.3 libidn/1.18 libssh2/1.4.2" "-" - - - 0.000
114.42.37.247 - - [10/Nov/2016:00:01:08 +0800] "POST /course/ajaxmediauser/ HTTP/1.1" 200 54 "www.imooc.com" "http://www.imooc.com/video/6492" mid=6492&time=60&learn_time=0 "Mozilla/5.0 (Windows NT 10.0; Win64; x64) AppleWebKit/537.36 (KHTML, like Gecko) Chrome/54.0.2840.71 Safari/537.36" "-" 10.100.136.65:80 200 0.017 0.019
14.145.74.175 - - [10/Nov/2016:00:01:08 +0800] "POST /course/collectvideo HTTP/1.1" 200 72 "www.imooc.com" "http://www.imooc.com/video/678" renderingMode=0&bufferTime=0&videoFileName=http%3A%2F%2Fv2.mukewang.com%2F75526bd5-da44-4ce6-b3e6-a9421f65ce08%2FM.mp4%3Fauth_key%3D1478707373-0-0-f87b7cb5680a536ce6fc27a638a126f7&videoId=678&errorMsg=&currentHd=1&oldHd=NaN&type=4&fullscreen=1&cdn=v2.mukewang.com&source=1&currentSpeed=1.0+X&oldSpeed=&winWidth=1366&winHeight=768 "Mozilla/5.0 (Windows NT 6.1; WOW64) AppleWebKit/537.36 (KHTML, like Gecko) Chrome/45.0.2454.101 Safari/537.36" "-" 10.100.136.65:80 200 0.106 0.106
10.100.0.1 - - [10/Nov/2016:00:01:08 +0800] "HEAD / HTTP/1.1" 301 0 "117.121.101.40" "-" - "curl/7.19.7 (x86_64-redhat-linux-gnu) libcurl/7.19.7 NSS/3.16.2.3 Basic ECC zlib/1.2.3 libidn/1.18 libssh2/1.4.2" "-" - - - 0.000
58.62.92.227 - - [10/Nov/2016:00:01:08 +0800] "POST /socket.io/1/ HTTP/1.1" 200 94 "chat.mukewang.com" "-" - "android-websockets-2.0" "-" 10.100.15.239:80 200 0.003 0.003
10.100.0.1 - - [10/Nov/2016:00:01:08 +0800] "HEAD / HTTP/1.1" 301 0 "117.121.101.40" "-" - "curl/7.19.7 (x86_64-redhat-linux-gnu) libcurl/7.19.7 NSS/3.16.2.3 Basic ECC zlib/1.2.3 libidn/1.18 libssh2/1.4.2" "-" - - - 0.000
211.162.33.31 - - [10/Nov/2016:00:01:08 +0800] "POST /course/codesubmit HTTP/1.1" 200 180 "www.imooc.com" "http://www.imooc.com/code/2053" cid=9&mid=2053&eid=2053&lang=HTML&file=&files%5B0%5D%5Bfilename%5D=index.html&files%5B0%5D%5Blang%5D=html&files%5B0%5D%5Bcontent%5D=%3C!DOCTYPE+HTML%3E%0A%3Chtml%3E%0A%3Chead%3E%0A%3Cmeta+http-equiv%3D%22Content-Type%22+content%3D%22text%2Fhtml%3B+charset%3Dgb2312%22%3E%0A%3Ctitle%3E%E8%BE%B9%E6%A1%86%3C%2Ftitle%3E%0A%3Cstyle+type%3D%22text%2Fcss%22%3E%0Ali%7B%0A++++%0A%7D%0A%3C%2Fstyle%3E%0A%3C%2Fhead%3E%0A%3Cbody%3E%0A%3Cul%3E%0A++++%3Cli%3E%E5%88%AB%E8%AE%A9%E4%B8%8D%E4%BC%9A%E8%AF%B4%E8%AF%9D%E5%AE%B3%E4%BA%86%E4%BD%A0%3C%2Fli%3E%0A++++%3Cli%3E%E4%BA%8C%E5%8D%81%E4%B8%83%E5%85%AB%E5%B2%81%E5%B0%B1%E5%BA%94%E8%AF%A5%E6%9C%89%E7%9A%84%E8%A7%81%E8%AF%86%3C%2Fli%3E%0A++++%3Cli%3E%E5%88%AB%E8%AE%A9%E4%B8%8D%E5%A5%BD%E6%84%8F%E6%80%9D%E5%AE%B3%E4%BA%86%E4%BD%A0%3C%2Fli%3E%0A%3C%2Ful%3E%0A%3C%2Fbody%3E%0A%3C%2Fhtml%3E "Mozilla/5.0 (Windows NT 6.1) AppleWebKit/537.36 (KHTML, like Gecko) Chrome/45.0.2454.101 Safari/537.36" "-" 10.100.136.64:80 200 0.304 0.304
36.46.203.138 - - [10/Nov/2016:00:01:08 +0800] "POST /course/ajaxmediauser/ HTTP/1.1" 200 54 "www.imooc.com" "http://www.imooc.com/video/2633" mid=2633&time=59.996000000000095&learn_time=362.6 "Mozilla/5.0 (Windows NT 10.0; WOW64; rv:49.0) Gecko/20100101 Firefox/49.0" "-" 10.100.136.65:80 200 0.021 0.021
10.100.0.1 - - [10/Nov/2016:00:01:08 +0800] "HEAD / HTTP/1.1" 301 0 "117.121.101.40" "-" - "curl/7.19.7 (x86_64-redhat-linux-gnu) libcurl/7.19.7 NSS/3.16.2.3 Basic ECC zlib/1.2.3 libidn/1.18 libssh2/1.4.2" "-" - - - 0.000
49.73.66.60 - - [10/Nov/2016:00:01:08 +0800] "POST /socket.io/1/ HTTP/1.1" 200 94 "chat.mukewang.com" "-" - "android-websockets-2.0" "-" 10.100.15.239:80 200 0.003 0.003
10.100.0.1 - - [10/Nov/2016:00:01:08 +0800] "HEAD / HTTP/1.1" 301 0 "117.121.101.40" "-" - "curl/7.19.7 (x86_64-redhat-linux-gnu) libcurl/7.19.7 NSS/3.16.2.3 Basic ECC zlib/1.2.3 libidn/1.18 libssh2/1.4.2" "-" - - - 0.000
10.100.0.1 - - [10/Nov/2016:00:01:08 +0800] "HEAD / HTTP/1.1" 301 0 "117.121.101.40" "-" - "curl/7.19.7 (x86_64-redhat-linux-gnu) libcurl/7.19.7 NSS/3.16.2.3 Basic ECC zlib/1.2.3 libidn/1.18 libssh2/1.4.2" "-" - - - 0.000
171.113.102.163 - - [10/Nov/2016:00:01:08 +0800] "GET /course/ajaxcourselearn?cid=249 HTTP/1.1" 200 70 "www.imooc.com" "http://www.imooc.com/learn/249" - "Mozilla/5.0 (Windows NT 6.1) AppleWebKit/537.36 (KHTML, like Gecko) Chrome/45.0.2454.101 Safari/537.36" "-" 10.100.136.64:80 200 0.157 0.157
10.100.0.1 - - [10/Nov/2016:00:01:08 +0800] "HEAD / HTTP/1.1" 301 0 "117.121.101.40" "-" - "curl/7.19.7 (x86_64-redhat-linux-gnu) libcurl/7.19.7 NSS/3.16.2.3 Basic ECC zlib/1.2.3 libidn/1.18 libssh2/1.4.2" "-" - - - 0.000
10.100.0.1 - - [10/Nov/2016:00:01:08 +0800] "HEAD / HTTP/1.1" 301 0 "117.121.101.40" "-" - "curl/7.19.7 (x86_64-redhat-linux-gnu) libcurl/7.19.7 NSS/3.16.2.3 Basic ECC zlib/1.2.3 libidn/1.18 libssh2/1.4.2" "-" - - - 0.000
171.113.102.163 - - [10/Nov/2016:00:01:08 +0800] "GET /course/ajaxplanrecom?cid=249 HTTP/1.1" 200 839 "www.imooc.com" "http://www.imooc.com/learn/249" - "Mozilla/5.0 (Windows NT 6.1) AppleWebKit/537.36 (KHTML, like Gecko) Chrome/45.0.2454.101 Safari/537.36" "-" 10.100.136.64:80 200 0.170 0.170
10.100.0.1 - - [10/Nov/2016:00:01:08 +0800] "HEAD / HTTP/1.1" 301 0 "117.121.101.40" "-" - "curl/7.19.7 (x86_64-redhat-linux-gnu) libcurl/7.19.7 NSS/3.16.2.3 Basic ECC zlib/1.2.3 libidn/1.18 libssh2/1.4.2" "-" - - - 0.000
10.100.0.1 - - [10/Nov/2016:00:01:08 +0800] "HEAD / HTTP/1.1" 301 0 "117.121.101.40" "-" - "curl/7.19.7 (x86_64-redhat-linux-gnu) libcurl/7.19.7 NSS/3.16.2.3 Basic ECC zlib/1.2.3 libidn/1.18 libssh2/1.4.2" "-" - - - 0.000
23.27.126.122 - - [10/Nov/2016:00:01:08 +0800] "GET /390/201684406377.html HTTP/1.1" 302 5 "www.imooc.com" "http://www.baidu.com" - "Mozilla/4.0 (compatible; MSIE 9.0; Windows NT 6.1)" "-" 10.100.136.65:80 302 0.011 0.011
58.20.14.170 - - [10/Nov/2016:00:01:08 +0800] "GET /wenda/ajaxcourserecommends?id=267 HTTP/1.1" 200 2230 "www.imooc.com" "http://www.imooc.com/video/5683" - "Mozilla/5.0 (Windows NT 6.1; WOW64) AppleWebKit/537.36 (KHTML, like Gecko) Chrome/53.0.2785.143 Safari/537.36" "-" 10.100.134.244:80 200 1.966 1.966
10.100.0.1 - - [10/Nov/2016:00:01:08 +0800] "HEAD / HTTP/1.1" 301 0 "117.121.101.40" "-" - "curl/7.19.7 (x86_64-redhat-linux-gnu) libcurl/7.19.7 NSS/3.16.2.3 Basic ECC zlib/1.2.3 libidn/1.18 libssh2/1.4.2" "-" - - - 0.000
10.100.0.1 - - [10/Nov/2016:00:01:08 +0800] "HEAD / HTTP/1.1" 301 0 "117.121.101.40" "-" - "curl/7.19.7 (x86_64-redhat-linux-gnu) libcurl/7.19.7 NSS/3.16.2.3 Basic ECC zlib/1.2.3 libidn/1.18 libssh2/1.4.2" "-" - - - 0.000
10.100.0.1 - - [10/Nov/2016:00:01:08 +0800] "HEAD / HTTP/1.1" 301 0 "117.121.101.40" "-" - "curl/7.19.7 (x86_64-redhat-linux-gnu) libcurl/7.19.7 NSS/3.16.2.3 Basic ECC zlib/1.2.3 libidn/1.18 libssh2/1.4.2" "-" - - - 0.000
101.200.101.207 - - [10/Nov/2016:00:01:08 +0800] "GET /static/img/common/logo.png?t=1478707267406 HTTP/1.1" 200 4468 "static.mukewang.com" "http://www.imooc.com/article/11325" - "Mozilla/5.0 (Windows NT 6.1; WOW64) AppleWebKit/534+ (KHTML, like Gecko) BingPreview/1.0b" "199.30.25.88" 10.100.15.240:80 200 0.001 0.001
120.52.94.105 - - [10/Nov/2016:00:01:08 +0800] "POST /api3/downloadcourse HTTP/1.1" 200 115 "www.imooc.com" "-" cid=608&secrect=e25994750eb2bbc7ade1a36708b999a5&timestamp=1478707268025&token=fa57e2e85c3160e1dcc77c469ea346ea&uid=4203162 "mukewang/5.0.2 (iPhone; iOS 10.0.1; Scale/3.00)" "-" 10.100.136.64:80 200 0.063 0.064
10.100.0.1 - - [10/Nov/2016:00:01:08 +0800] "HEAD / HTTP/1.1" 301 0 "117.121.101.40" "-" - "curl/7.19.7 (x86_64-redhat-linux-gnu) libcurl/7.19.7 NSS/3.16.2.3 Basic ECC zlib/1.2.3 libidn/1.18 libssh2/1.4.2" "-" - - - 0.000
113.246.84.80 - - [10/Nov/2016:00:01:08 +0800] "POST /api3/searchcourse HTTP/1.1" 200 578 "www.imooc.com" "-" page=1&secrect=802523470e5300408e2a91debc454d4f&timestamp=1478707268052&token=07ceb0f8c9e1814b790dd974c055dc6f&uid=144098&words=andriod "mukewang/5.0.1 (iPhone; iOS 9.3.5; Scale/2.00)" "-" 10.100.134.244:80 200 0.093 0.093
123.57.117.77 - - [10/Nov/2016:00:01:08 +0800] "GET /57d77995b3fee3e1438b4575/H/f7e1159acaef43b7.ts HTTP/1.1" 304 0 "szv1.mukewang.com" "http://coding.imooc.com/lesson/65.html" - "Mozilla/5.0 (Windows NT 10.0; WOW64) AppleWebKit/537.36 (KHTML, like Gecko) Chrome/54.0.2840.71 Safari/537.36" "111.194.99.89" 10.100.133.99:80 304 0.003 0.003
10.100.0.1 - - [10/Nov/2016:00:01:08 +0800] "HEAD / HTTP/1.1" 301 0 "117.121.101.40" "-" - "curl/7.19.7 (x86_64-redhat-linux-gnu) libcurl/7.19.7 NSS/3.16.2.3 Basic ECC zlib/1.2.3 libidn/1.18 libssh2/1.4.2" "-" - - - 0.000
110.53.254.169 - - [10/Nov/2016:00:01:08 +0800] "POST /api3/userinfo HTTP/1.1" 200 153 "www.imooc.com" "-" cid=0&timestamp=1478707266130&uid=3010644&secrect=1e9633f91aa99dc3273ae922aaae525f&uuid=1e3769682960667bad7f468078651ec2&token=25c0ed6beee179577432a4765409beb2 "mukewang/5.0.1 (Android 5.0.2; vivo vivo Y37 Build/LRX22G),Network WIFI" "-" 10.100.134.244:80 200 0.087 0.087
119.139.137.43 - - [10/Nov/2016:00:01:08 +0800] "POST /course/ajaxmediauser HTTP/1.1" 200 54 "www.imooc.com" "http://www.imooc.com/code/3783" mid=3783&time=60 "Mozilla/5.0 (Windows NT 10.0; WOW64) AppleWebKit/537.36 (KHTML, like Gecko) Chrome/45.0.2454.101 Safari/537.36" "-" 10.100.136.64:80 200 0.020 0.020
222.65.137.21 - - [10/Nov/2016:00:01:08 +0800] "GET /socket.io/1/websocket/vScUXFMiszYmOgG3MfF- HTTP/1.1" 101 96 "chat.mukewang.com" "-" - "-" "-" 10.100.15.239:80 101 60.256 60.256
10.100.0.1 - - [10/Nov/2016:00:01:08 +0800] "HEAD / HTTP/1.1" 301 0 "117.121.101.40" "-" - "curl/7.19.7 (x86_64-redhat-linux-gnu) libcurl/7.19.7 NSS/3.16.2.3 Basic ECC zlib/1.2.3 libidn/1.18 libssh2/1.4.2" "-" - - - 0.000
10.100.0.1 - - [10/Nov/2016:00:01:08 +0800] "HEAD / HTTP/1.1" 301 0 "117.121.101.40" "-" - "curl/7.19.7 (x86_64-redhat-linux-gnu) libcurl/7.19.7 NSS/3.16.2.3 Basic ECC zlib/1.2.3 libidn/1.18 libssh2/1.4.2" "-" - - - 0.000
10.100.0.1 - - [10/Nov/2016:00:01:08 +0800] "HEAD / HTTP/1.1" 301 0 "117.121.101.40" "-" - "curl/7.19.7 (x86_64-redhat-linux-gnu) libcurl/7.19.7 NSS/3.16.2.3 Basic ECC zlib/1.2.3 libidn/1.18 libssh2/1.4.2" "-" - - - 0.000
183.63.97.26 - - [10/Nov/2016:00:01:08 +0800] "GET /static/moco/v1.0/dist/css/moco.min.css HTTP/1.1" 200 5474 "www.imooc.com" "http://www.imooc.com/code/738" - "Mozilla/5.0 (Windows NT 6.3; WOW64) AppleWebKit/537.36 (KHTML, like Gecko) Maxthon/4.4.8.1000 Chrome/30.0.1599.101 Safari/537.36" "-" 10.100.136.65:80 200 0.002 0.002
10.100.0.1 - - [10/Nov/2016:00:01:08 +0800] "HEAD / HTTP/1.1" 301 0 "117.121.101.40" "-" - "curl/7.19.7 (x86_64-redhat-linux-gnu) libcurl/7.19.7 NSS/3.16.2.3 Basic ECC zlib/1.2.3 libidn/1.18 libssh2/1.4.2" "-" - - - 0.000
183.63.97.26 - - [10/Nov/2016:00:01:08 +0800] "GET /static/sea-modules/seajs/seajs/2.1.1/sea.js HTTP/1.1" 200 6365 "www.imooc.com" "http://www.imooc.com/code/738" - "Mozilla/5.0 (Windows NT 6.3; WOW64) AppleWebKit/537.36 (KHTML, like Gecko) Maxthon/4.4.8.1000 Chrome/30.0.1599.101 Safari/537.36" "-" 10.100.136.65:80 200 0.001 0.001
183.63.97.26 - - [10/Nov/2016:00:01:08 +0800] "GET /static/sea_config.js?v=201611082232 HTTP/1.1" 200 2317 "www.imooc.com" "http://www.imooc.com/code/738" - "Mozilla/5.0 (Windows NT 6.3; WOW64) AppleWebKit/537.36 (KHTML, like Gecko) Maxthon/4.4.8.1000 Chrome/30.0.1599.101 Safari/537.36" "-" 10.100.134.244:80 200 0.001 0.001
183.63.97.26 - - [10/Nov/2016:00:01:08 +0800] "GET /static/img/index/QR-code.jpg HTTP/1.1" 200 14531 "www.imooc.com" "http://www.imooc.com/code/738" - "Mozilla/5.0 (Windows NT 6.3; WOW64) AppleWebKit/537.36 (KHTML, like Gecko) Maxthon/4.4.8.1000 Chrome/30.0.1599.101 Safari/537.36" "-" 10.100.136.64:80 200 0.002 0.002
183.63.97.26 - - [10/Nov/2016:00:01:08 +0800] "GET /passport/static/scripts/ssologin.js HTTP/1.1" 200 16756 "www.imooc.com" "http://www.imooc.com/code/738" - "Mozilla/5.0 (Windows NT 6.3; WOW64) AppleWebKit/537.36 (KHTML, like Gecko) Maxthon/4.4.8.1000 Chrome/30.0.1599.101 Safari/537.36" "-" 10.100.136.64:80 200 0.005 0.005
58.20.14.170 - - [10/Nov/2016:00:01:08 +0800] "GET /article/ajaxcourserecommends?id=267 HTTP/1.1" 200 2195 "www.imooc.com" "http://www.imooc.com/video/5683" - "Mozilla/5.0 (Windows NT 6.1; WOW64) AppleWebKit/537.36 (KHTML, like Gecko) Chrome/53.0.2785.143 Safari/537.36" "-" 10.100.136.64:80 200 2.097 2.097
10.100.0.1 - - [10/Nov/2016:00:01:08 +0800] "HEAD / HTTP/1.1" 301 0 "117.121.101.40" "-" - "curl/7.19.7 (x86_64-redhat-linux-gnu) libcurl/7.19.7 NSS/3.16.2.3 Basic ECC zlib/1.2.3 libidn/1.18 libssh2/1.4.2" "-" - - - 0.000
114.241.121.34 - - [10/Nov/2016:00:01:08 +0800] "POST /api3/savemediafinish HTTP/1.1" 200 103 "www.imooc.com" "-" timestamp=1478707274088&plat_id=5&uid=3227409&time=0&secrect=d664d12ad7c969604dee1f8cd794b86e&stay_time=4&mid=6100&is_offline=0&cid=0&token=3d9849f8daf54f4bf7951924d491a408 "mukewang/5.0.0 (Android 4.4.4; Xiaomi MI 4W Build/KTU84P),Network WIFI" "-" 10.100.136.64:80 200 0.114 0.114
10.100.0.1 - - [10/Nov/2016:00:01:08 +0800] "HEAD / HTTP/1.1" 301 0 "117.121.101.40" "-" - "curl/7.19.7 (x86_64-redhat-linux-gnu) libcurl/7.19.7 NSS/3.16.2.3 Basic ECC zlib/1.2.3 libidn/1.18 libssh2/1.4.2" "-" - - - 0.000
211.162.33.31 - - [10/Nov/2016:00:01:08 +0800] "GET /course/otherscode?mid=2053&page=1&r=0.09993035905063152 HTTP/1.1" 200 3426 "www.imooc.com" "http://www.imooc.com/code/2053" - "Mozilla/5.0 (Windows NT 6.1) AppleWebKit/537.36 (KHTML, like Gecko) Chrome/45.0.2454.101 Safari/537.36" "-" 10.100.136.64:80 200 0.138 0.138
58.20.14.170 - - [10/Nov/2016:00:01:08 +0800] "GET /course/ajaxcourserecom?cid=267 HTTP/1.1" 200 3388 "www.imooc.com" "http://www.imooc.com/video/5683" - "Mozilla/5.0 (Windows NT 6.1; WOW64) AppleWebKit/537.36 (KHTML, like Gecko) Chrome/53.0.2785.143 Safari/537.36" "-" 10.100.136.64:80 200 1.673 1.673
10.100.0.1 - - [10/Nov/2016:00:01:08 +0800] "HEAD / HTTP/1.1" 301 0 "117.121.101.40" "-" - "curl/7.19.7 (x86_64-redhat-linux-gnu) libcurl/7.19.7 NSS/3.16.2.3 Basic ECC zlib/1.2.3 libidn/1.18 libssh2/1.4.2" "-" - - - 0.000
10.100.0.1 - - [10/Nov/2016:00:01:08 +0800] "HEAD / HTTP/1.1" 301 0 "117.121.101.40" "-" - "curl/7.19.7 (x86_64-redhat-linux-gnu) libcurl/7.19.7 NSS/3.16.2.3 Basic ECC zlib/1.2.3 libidn/1.18 libssh2/1.4.2" "-" - - - 0.000
10.100.0.1 - - [10/Nov/2016:00:01:08 +0800] "HEAD / HTTP/1.1" 301 0 "117.121.101.40" "-" - "curl/7.19.7 (x86_64-redhat-linux-gnu) libcurl/7.19.7 NSS/3.16.2.3 Basic ECC zlib/1.2.3 libidn/1.18 libssh2/1.4.2" "-" - - - 0.000
10.100.0.1 - - [10/Nov/2016:00:01:08 +0800] "HEAD / HTTP/1.1" 301 0 "117.121.101.40" "-" - "curl/7.19.7 (x86_64-redhat-linux-gnu) libcurl/7.19.7 NSS/3.16.2.3 Basic ECC zlib/1.2.3 libidn/1.18 libssh2/1.4.2" "-" - - - 0.000
123.125.71.79 - - [10/Nov/2016:00:01:08 +0800] "GET /error/noexists HTTP/1.1" 200 4028 "www.imooc.com" "-" - "Mozilla/5.0 (compatible; Baiduspider/2.0; +http://www.baidu.com/search/spider.html)" "-" 10.100.134.244:80 200 0.032 0.047
10.100.0.1 - - [10/Nov/2016:00:01:08 +0800] "HEAD / HTTP/1.1" 301 0 "117.121.101.40" "-" - "curl/7.19.7 (x86_64-redhat-linux-gnu) libcurl/7.19.7 NSS/3.16.2.3 Basic ECC zlib/1.2.3 libidn/1.18 libssh2/1.4.2" "-" - - - 0.000
124.225.62.61 - - [10/Nov/2016:00:01:08 +0800] "POST /course/ajaxmediauser/ HTTP/1.1" 200 54 "www.imooc.com" "http://www.imooc.com/video/9704" mid=9704&time=60&learn_time=10.3 "Mozilla/5.0 (Windows NT 6.1) AppleWebKit/537.36 (KHTML, like Gecko) Chrome/45.0.2454.101 Safari/537.36" "-" 10.100.136.65:80 200 0.017 0.017
180.136.231.209 - - [10/Nov/2016:00:01:08 +0800] "POST /api3/latest HTTP/1.1" 200 366 "www.imooc.com" "-" cid=0&timestamp=1478707267413&uid=3335389&secrect=2bf1134d99e1af6418a7dfb1f5e60052&uuid=d0dcefe55c2bcf981991763d4f1eebb7&token=29a0d8b6ebde8f65a6cdb2d4255db6bb "mukewang/5.0.1 (Android 5.1; Meizu M57AC Build/LMY47D),Network WIFI" "-" 10.100.136.65:80 200 0.044 0.044
23.27.126.122 - - [10/Nov/2016:00:01:08 +0800] "GET /error/noexists HTTP/1.1" 200 4028 "www.imooc.com" "http://www.baidu.com" - "Mozilla/4.0 (compatible; MSIE 9.0; Windows NT 6.1)" "-" 10.100.136.64:80 200 0.032 0.032
125.95.14.169 - - [10/Nov/2016:00:01:08 +0800] "GET /code/88 HTTP/1.1" 200 11341 "www.imooc.com" "http://www.imooc.com/code/87" - "Mozilla/5.0 (Windows NT 6.1; WOW64) AppleWebKit/537.36 (KHTML, like Gecko) Chrome/49.0.2623.75 Safari/537.36 115Browser/7.0.0" "-" 10.100.134.244:80 200 0.276 0.276
10.100.0.1 - - [10/Nov/2016:00:01:08 +0800] "HEAD / HTTP/1.1" 301 0 "117.121.101.40" "-" - "curl/7.19.7 (x86_64-redhat-linux-gnu) libcurl/7.19.7 NSS/3.16.2.3 Basic ECC zlib/1.2.3 libidn/1.18 libssh2/1.4.2" "-" - - - 0.000
124.202.168.106 - - [10/Nov/2016:00:01:08 +0800] "POST /api3/newcourseskill HTTP/1.1" 200 5797 "www.imooc.com" "-" token=4acd768ecd6e4eeeca2f7ec3e71515e6&uid=3038658 "mukewang/4.3.2 (iPhone; iOS 7.1.2; Scale/2.00)" "-" 10.100.136.65:80 200 0.425 0.425
180.136.231.209 - - [10/Nov/2016:00:01:08 +0800] "POST /api3/getinvitemeuserlist HTTP/1.1" 200 115 "www.imooc.com" "-" cid=0&timestamp=1478707267445&uid=3335389&secrect=2bf1134d99e1af6418a7dfb1f5e60052&uuid=d0dcefe55c2bcf981991763d4f1eebb7&token=7c3c09cb20279eec1b19d8f459e2be73 "mukewang/5.0.1 (Android 5.1; Meizu M57AC Build/LMY47D),Network WIFI" "-" 10.100.136.64:80 200 0.063 0.063
111.62.239.21 - - [10/Nov/2016:00:01:08 +0800] "POST /api/cartorder HTTP/1.1" 200 123 "coding.imooc.com" "-" cid=0&timestamp=1478707269554&uid=2692535&token_trade=a86e694bef589eabff178eb26ffbd6bf&secrect=979dcb6d4f81b59ee5629b7d5f60b7bb&token=06f99915f97fd5082cbfc3c2bcc53251 "mukewang/5.0.1 (Android 6.0; LeEco Le X620 Build/HEXCNFN5801708221S),Network WIFI" "-" 10.100.135.25:80 200 0.026 0.026
10.100.0.1 - - [10/Nov/2016:00:01:08 +0800] "HEAD / HTTP/1.1" 301 0 "117.121.101.40" "-" - "curl/7.19.7 (x86_64-redhat-linux-gnu) libcurl/7.19.7 NSS/3.16.2.3 Basic ECC zlib/1.2.3 libidn/1.18 libssh2/1.4.2" "-" - - - 0.000
111.194.210.161 - - [10/Nov/2016:00:01:08 +0800] "GET /static/lib/jwplayer/1.0.0/webjwplayer.html5.js HTTP/1.1" 200 205544 "coding.imooc.com" "http://coding.imooc.com/wap/classindex/cid/71?app=1" - "Mozilla/5.0 (Linux; Android 6.0; PRO 6 Build/MRA58K; wv) AppleWebKit/537.36 (KHTML, like Gecko) Version/4.0 Chrome/44.0.2403.130 Mobile Safari/537.36" "-" 10.100.135.25:80 200 0.009 0.174
101.200.101.208 - - [10/Nov/2016:00:01:08 +0800] "GET /md5/f1ade806-3aaf-435a-8a12-994c655440ca/L/b7d9273a22d2c443.ts HTTP/1.1" 304 0 "szv1.mukewang.com" "-" - "Lavf/56.15.102" "36.47.218.163" 10.100.133.99:80 304 0.003 0.003
10.100.0.1 - - [10/Nov/2016:00:01:08 +0800] "HEAD / HTTP/1.1" 301 0 "117.121.101.40" "-" - "curl/7.19.7 (x86_64-redhat-linux-gnu) libcurl/7.19.7 NSS/3.16.2.3 Basic ECC zlib/1.2.3 libidn/1.18 libssh2/1.4.2" "-" - - - 0.000
117.173.0.113 - - [10/Nov/2016:00:01:08 +0800] "GET /video/8135 HTTP/1.1" 200 6784 "www.imooc.com" "http://www.imooc.com/video/8135" - "Mozilla/5.0 (Windows NT 10.0; WOW64; rv:49.0) Gecko/20100101 Firefox/49.0" "-" 10.100.136.65:80 200 0.154 0.154
10.100.0.1 - - [10/Nov/2016:00:01:08 +0800] "HEAD / HTTP/1.1" 301 0 "117.121.101.40" "-" - "curl/7.19.7 (x86_64-redhat-linux-gnu) libcurl/7.19.7 NSS/3.16.2.3 Basic ECC zlib/1.2.3 libidn/1.18 libssh2/1.4.2" "-" - - - 0.000
121.33.168.58 - - [10/Nov/2016:00:01:08 +0800] "POST /course/ajaxmediauser/ HTTP/1.1" 200 67 "www.imooc.com" "http://www.imooc.com/video/1803" mid=1803&time=3606.648&learn_time=505.7 "Mozilla/5.0 (Windows NT 6.1; WOW64) AppleWebKit/537.36 (KHTML, like Gecko) Chrome/38.0.2125.122 Safari/537.36 SE 2.X MetaSr 1.0" "-" 10.100.134.244:80 200 0.024 0.024
58.20.14.170 - - [10/Nov/2016:00:01:08 +0800] "GET /course/ajaxmediainfo/?mid=5683&mode=flash HTTP/1.1" 200 324 "www.imooc.com" "http://www.imooc.com/video/5683" - "Mozilla/5.0 (Windows NT 6.1; WOW64) AppleWebKit/537.36 (KHTML, like Gecko) Chrome/53.0.2785.143 Safari/537.36" "-" 10.100.136.64:80 200 0.422 0.422
222.18.127.74 - - [10/Nov/2016:00:01:08 +0800] "POST /api3/getnewyear HTTP/1.1" 200 775 "www.imooc.com" "-" timestamp=1478707268416&uid=1176739&secrect=80c951fcb74d488bd16816dd9b1e1896&type=2&cid=0&token=2300bdab63493fad4aa4c2752352e0a1 "mukewang/5.0.0 (Android 4.4.2; Xiaomi 2014501 Build/KOT49H),Network WIFI" "-" 10.100.136.64:80 200 0.008 0.009
10.100.0.1 - - [10/Nov/2016:00:01:08 +0800] "HEAD / HTTP/1.1" 301 0 "117.121.101.40" "-" - "curl/7.19.7 (x86_64-redhat-linux-gnu) libcurl/7.19.7 NSS/3.16.2.3 Basic ECC zlib/1.2.3 libidn/1.18 libssh2/1.4.2" "-" - - - 0.000
58.196.136.209 - - [10/Nov/2016:00:01:08 +0800] "GET /open/courselistrandjs HTTP/1.1" 200 1249 "www.imooc.com" "http://blog.jobbole.com/18339/" - "Mozilla/5.0 (Macintosh; Intel Mac OS X 10_11_6) AppleWebKit/537.36 (KHTML, like Gecko) Chrome/54.0.2840.87 Safari/537.36" "-" 10.100.136.65:80 200 0.025 0.025
218.106.156.123 - - [10/Nov/2016:00:01:08 +0800] "POST /course/ajaxmediauser HTTP/1.1" 200 54 "www.imooc.com" "http://www.imooc.com/code/1598" mid=1598&time=60 "Mozilla/5.0 (Windows NT 10.0; WOW64) AppleWebKit/537.36 (KHTML, like Gecko) Chrome/45.0.2454.101 Safari/537.36" "-" 10.100.136.65:80 200 0.018 0.018
222.18.127.74 - - [10/Nov/2016:00:01:08 +0800] "POST /api3/updateversion HTTP/1.1" 200 485 "www.imooc.com" "-" timestamp=1478707268425&uid=1176739&plat_id=2&v=5.0.0&secrect=80c951fcb74d488bd16816dd9b1e1896&v_code=5000&app_id=1&type=0&cid=0&token=a8f0edeacf354359c6bf83ae825cf2ef "mukewang/5.0.0 (Android 4.4.2; Xiaomi 2014501 Build/KOT49H),Network WIFI" "-" 10.100.134.244:80 200 0.023 0.024
61.170.145.187 - - [10/Nov/2016:00:01:08 +0800] "GET /watch/websocket/?EIO=3&transport=websocket HTTP/1.1" 101 182 "ide.ws.imooc.io" "-" - "Mozilla/5.0 (Macintosh; Intel Mac OS X 10_10_5) AppleWebKit/537.36 (KHTML, like Gecko) Chrome/54.0.2840.71 Safari/537.36" "-" 10.100.135.254:30800 101 835.048 835.048
10.100.0.1 - - [10/Nov/2016:00:01:08 +0800] "HEAD / HTTP/1.1" 301 0 "117.121.101.40" "-" - "curl/7.19.7 (x86_64-redhat-linux-gnu) libcurl/7.19.7 NSS/3.16.2.3 Basic ECC zlib/1.2.3 libidn/1.18 libssh2/1.4.2" "-" - - - 0.000
123.57.117.84 - - [10/Nov/2016:00:01:08 +0800] "GET /5808ad12b3fee39f1b8b462f/L/7d5ab6bfe9246528.ts HTTP/1.1" 304 0 "szv1.mukewang.com" "http://coding.imooc.com/lesson/71.html" - "Mozilla/5.0 (Macintosh; Intel Mac OS X 10_12_0) AppleWebKit/537.36 (KHTML, like Gecko) Chrome/54.0.2840.71 Safari/537.36" "221.223.105.73" 10.100.133.99:80 304 0.004 0.004
10.100.0.1 - - [10/Nov/2016:00:01:08 +0800] "HEAD / HTTP/1.1" 301 0 "117.121.101.40" "-" - "curl/7.19.7 (x86_64-redhat-linux-gnu) libcurl/7.19.7 NSS/3.16.2.3 Basic ECC zlib/1.2.3 libidn/1.18 libssh2/1.4.2" "-" - - - 0.000
10.100.0.1 - - [10/Nov/2016:00:01:08 +0800] "HEAD / HTTP/1.1" 301 0 "117.121.101.40" "-" - "curl/7.19.7 (x86_64-redhat-linux-gnu) libcurl/7.19.7 NSS/3.16.2.3 Basic ECC zlib/1.2.3 libidn/1.18 libssh2/1.4.2" "-" - - - 0.000
10.100.0.1 - - [10/Nov/2016:00:01:08 +0800] "HEAD / HTTP/1.1" 301 0 "117.121.101.40" "-" - "curl/7.19.7 (x86_64-redhat-linux-gnu) libcurl/7.19.7 NSS/3.16.2.3 Basic ECC zlib/1.2.3 libidn/1.18 libssh2/1.4.2" "-" - - - 0.000
222.70.27.27 - - [10/Nov/2016:00:01:08 +0800] "POST /course/ajaxmediauser/ HTTP/1.1" 200 67 "www.imooc.com" "http://www.imooc.com/video/4877" mid=4877&time=9539.99900000001&learn_time=0 "Mozilla/5.0 (Windows NT 10.0; Win64; x64) AppleWebKit/537.36 (KHTML, like Gecko) Chrome/54.0.2840.71 Safari/537.36" "-" 10.100.134.244:80 200 0.026 0.026
58.20.14.170 - - [10/Nov/2016:00:01:08 +0800] "GET /u/card HTTP/1.1" 200 347 "www.imooc.com" "http://www.imooc.com/video/5683" - "Mozilla/5.0 (Windows NT 6.1; WOW64) AppleWebKit/537.36 (KHTML, like Gecko) Chrome/53.0.2785.143 Safari/537.36" "-" 10.100.136.64:80 200 0.379 0.379
27.186.100.39 - - [10/Nov/2016:00:01:08 +0800] "POST /course/ajaxmediauser HTTP/1.1" 200 54 "www.imooc.com" "http://www.imooc.com/code/8551" mid=8551&time=60 "Mozilla/5.0 (Windows NT 10.0; WOW64) AppleWebKit/537.36 (KHTML, like Gecko) Chrome/50.0.2661.102 Safari/537.36" "-" 10.100.136.64:80 200 0.017 0.017
10.100.0.1 - - [10/Nov/2016:00:01:08 +0800] "HEAD / HTTP/1.1" 301 0 "117.121.101.40" "-" - "curl/7.19.7 (x86_64-redhat-linux-gnu) libcurl/7.19.7 NSS/3.16.2.3 Basic ECC zlib/1.2.3 libidn/1.18 libssh2/1.4.2" "-" - - - 0.000
10.100.0.1 - - [10/Nov/2016:00:01:08 +0800] "HEAD / HTTP/1.1" 301 0 "117.121.101.40" "-" - "curl/7.19.7 (x86_64-redhat-linux-gnu) libcurl/7.19.7 NSS/3.16.2.3 Basic ECC zlib/1.2.3 libidn/1.18 libssh2/1.4.2" "-" - - - 0.000
10.100.0.1 - - [10/Nov/2016:00:01:08 +0800] "HEAD / HTTP/1.1" 301 0 "117.121.101.40" "-" - "curl/7.19.7 (x86_64-redhat-linux-gnu) libcurl/7.19.7 NSS/3.16.2.3 Basic ECC zlib/1.2.3 libidn/1.18 libssh2/1.4.2" "-" - - - 0.000
222.18.127.74 - - [10/Nov/2016:00:01:08 +0800] "POST /api3/apprun HTTP/1.1" 200 103 "www.imooc.com" "-" uid=1176739&service_id=1&os=Android&secrect=80c951fcb74d488bd16816dd9b1e1896&osv=4.4.2&d_code=00000000-6bf3-a496-86f2-1d160033c587&chan_id=10102010&screen_size=720*1280&type=1&cid=0&timestamp=1478707268466&plat_id=2&v_id=5.0.0&brand=Xiaomi%202014501&app_id=1&token=5cd54cd8ae5006ccbbc7a4692f9095c5 "mukewang/5.0.0 (Android 4.4.2; Xiaomi 2014501 Build/KOT49H),Network WIFI" "-" 10.100.136.65:80 200 0.049 0.051
10.100.0.1 - - [10/Nov/2016:00:01:08 +0800] "HEAD / HTTP/1.1" 301 0 "117.121.101.40" "-" - "curl/7.19.7 (x86_64-redhat-linux-gnu) libcurl/7.19.7 NSS/3.16.2.3 Basic ECC zlib/1.2.3 libidn/1.18 libssh2/1.4.2" "-" - - - 0.000
113.232.60.146 - - [10/Nov/2016:00:01:08 +0800] "POST /course/ajaxmediauser HTTP/1.1" 200 54 "www.imooc.com" "http://www.imooc.com/code/2092" mid=2092&time=60 "Mozilla/5.0 (Windows NT 10.0; WOW64) AppleWebKit/537.36 (KHTML, like Gecko) Chrome/49.0.2623.75 Safari/537.36" "-" 10.100.136.64:80 200 0.015 0.049
222.18.127.74 - - [10/Nov/2016:00:01:08 +0800] "POST /api3/userinfo HTTP/1.1" 200 153 "www.imooc.com" "-" timestamp=1478707268451&uid=1176739&secrect=80c951fcb74d488bd16816dd9b1e1896&uuid=bc80117b7a99d459f36e9c45e37d9931&cid=0&token=ae4aed099253b5b0af6940f5174f641d "mukewang/5.0.0 (Android 4.4.2; Xiaomi 2014501 Build/KOT49H),Network WIFI" "-" 10.100.134.244:80 200 0.085 0.085
10.100.0.1 - - [10/Nov/2016:00:01:08 +0800] "HEAD / HTTP/1.1" 301 0 "117.121.101.40" "-" - "curl/7.19.7 (x86_64-redhat-linux-gnu) libcurl/7.19.7 NSS/3.16.2.3 Basic ECC zlib/1.2.3 libidn/1.18 libssh2/1.4.2" "-" - - - 0.000
171.8.133.100 - - [10/Nov/2016:00:01:08 +0800] "POST /socket.io/1/ HTTP/1.1" 200 94 "chat.mukewang.com" "-" - "android-websockets-2.0" "-" 10.100.15.239:80 200 0.003 0.003
101.200.101.203 - - [10/Nov/2016:00:01:08 +0800] "GET /md5/84b541cd-b8d5-445f-b3c4-aa87acf29522/H/84a4e02d26121f16.ts HTTP/1.1" 304 0 "szv1.mukewang.com" "http://coding.imooc.com/lesson/15.html" - "Mozilla/5.0 (Windows NT 10.0; Win64; x64) AppleWebKit/537.36 (KHTML, like Gecko) Chrome/54.0.2840.71 Safari/537.36" "218.17.207.74" 10.100.133.99:80 304 0.003 0.003
10.100.0.1 - - [10/Nov/2016:00:01:08 +0800] "HEAD / HTTP/1.1" 301 0 "117.121.101.40" "-" - "curl/7.19.7 (x86_64-redhat-linux-gnu) libcurl/7.19.7 NSS/3.16.2.3 Basic ECC zlib/1.2.3 libidn/1.18 libssh2/1.4.2" "-" - - - 0.000
10.100.0.1 - - [10/Nov/2016:00:01:08 +0800] "HEAD / HTTP/1.1" 301 0 "117.121.101.40" "-" - "curl/7.19.7 (x86_64-redhat-linux-gnu) libcurl/7.19.7 NSS/3.16.2.3 Basic ECC zlib/1.2.3 libidn/1.18 libssh2/1.4.2" "-" - - - 0.000
123.123.125.141 - - [10/Nov/2016:00:01:08 +0800] "GET /socket.io/1/websocket/ZXRaF5w_-2G5LM8oMfMt HTTP/1.1" 101 91 "chat.mukewang.com" "-" - "-" "-" 10.100.15.239:80 101 30.014 30.014
10.100.0.1 - - [10/Nov/2016:00:01:08 +0800] "HEAD / HTTP/1.1" 301 0 "117.121.101.40" "-" - "curl/7.19.7 (x86_64-redhat-linux-gnu) libcurl/7.19.7 NSS/3.16.2.3 Basic ECC zlib/1.2.3 libidn/1.18 libssh2/1.4.2" "-" - - - 0.000
183.63.97.26 - - [10/Nov/2016:00:01:08 +0800] "GET /static/sea-modules/seajs/seajs-text/1.0.3/seajs-text.js?v=201611082232 HTTP/1.1" 200 2051 "www.imooc.com" "http://www.imooc.com/code/738" - "Mozilla/5.0 (Windows NT 6.3; WOW64) AppleWebKit/537.36 (KHTML, like Gecko) Maxthon/4.4.8.1000 Chrome/30.0.1599.101 Safari/537.36" "-" 10.100.136.65:80 200 0.001 0.001
183.63.97.26 - - [10/Nov/2016:00:01:08 +0800] "GET /static/component/logic/common/common.js?v=201611082232 HTTP/1.1" 200 4887 "www.imooc.com" "http://www.imooc.com/code/738" - "Mozilla/5.0 (Windows NT 6.3; WOW64) AppleWebKit/537.36 (KHTML, like Gecko) Maxthon/4.4.8.1000 Chrome/30.0.1599.101 Safari/537.36" "-" 10.100.134.244:80 200 0.002 0.002
10.100.0.1 - - [10/Nov/2016:00:01:08 +0800] "HEAD / HTTP/1.1" 301 0 "117.121.101.40" "-" - "curl/7.19.7 (x86_64-redhat-linux-gnu) libcurl/7.19.7 NSS/3.16.2.3 Basic ECC zlib/1.2.3 libidn/1.18 libssh2/1.4.2" "-" - - - 0.000
10.100.0.1 - - [10/Nov/2016:00:01:08 +0800] "HEAD / HTTP/1.1" 301 0 "117.121.101.40" "-" - "curl/7.19.7 (x86_64-redhat-linux-gnu) libcurl/7.19.7 NSS/3.16.2.3 Basic ECC zlib/1.2.3 libidn/1.18 libssh2/1.4.2" "-" - - - 0.000
10.100.0.1 - - [10/Nov/2016:00:01:08 +0800] "HEAD / HTTP/1.1" 301 0 "117.121.101.40" "-" - "curl/7.19.7 (x86_64-redhat-linux-gnu) libcurl/7.19.7 NSS/3.16.2.3 Basic ECC zlib/1.2.3 libidn/1.18 libssh2/1.4.2" "-" - - - 0.000
101.200.101.210 - - [10/Nov/2016:00:01:08 +0800] "GET /md5/f1ade806-3aaf-435a-8a12-994c655440ca/L/51c2435f35c97cb1.ts HTTP/1.1" 304 0 "szv1.mukewang.com" "-" - "Lavf/56.15.102" "36.47.218.163" 10.100.133.99:80 304 0.003 0.003
10.100.0.1 - - [10/Nov/2016:00:01:08 +0800] "HEAD / HTTP/1.1" 301 0 "117.121.101.40" "-" - "curl/7.19.7 (x86_64-redhat-linux-gnu) libcurl/7.19.7 NSS/3.16.2.3 Basic ECC zlib/1.2.3 libidn/1.18 libssh2/1.4.2" "-" - - - 0.000
113.57.178.121 - - [10/Nov/2016:00:01:08 +0800] "POST /socket.io/1/ HTTP/1.1" 200 94 "chat.mukewang.com" "-" - "android-websockets-2.0" "-" 10.100.15.239:80 200 0.004 0.004
10.100.0.1 - - [10/Nov/2016:00:01:08 +0800] "HEAD / HTTP/1.1" 301 0 "117.121.101.40" "-" - "curl/7.19.7 (x86_64-redhat-linux-gnu) libcurl/7.19.7 NSS/3.16.2.3 Basic ECC zlib/1.2.3 libidn/1.18 libssh2/1.4.2" "-" - - - 0.000
10.100.0.1 - - [10/Nov/2016:00:01:08 +0800] "HEAD / HTTP/1.1" 301 0 "117.121.101.40" "-" - "curl/7.19.7 (x86_64-redhat-linux-gnu) libcurl/7.19.7 NSS/3.16.2.3 Basic ECC zlib/1.2.3 libidn/1.18 libssh2/1.4.2" "-" - - - 0.000
10.100.0.1 - - [10/Nov/2016:00:01:08 +0800] "HEAD / HTTP/1.1" 301 0 "117.121.101.40" "-" - "curl/7.19.7 (x86_64-redhat-linux-gnu) libcurl/7.19.7 NSS/3.16.2.3 Basic ECC zlib/1.2.3 libidn/1.18 libssh2/1.4.2" "-" - - - 0.000
58.20.14.170 - - [10/Nov/2016:00:01:08 +0800] "POST /course/ajaxusermediasstatus?cid=267 HTTP/1.1" 200 348 "www.imooc.com" "http://www.imooc.com/video/5683" - "Mozilla/5.0 (Windows NT 6.1; WOW64) AppleWebKit/537.36 (KHTML, like Gecko) Chrome/53.0.2785.143 Safari/537.36" "-" 10.100.136.64:80 200 1.987 1.987
10.100.0.1 - - [10/Nov/2016:00:01:08 +0800] "HEAD / HTTP/1.1" 301 0 "117.121.101.40" "-" - "curl/7.19.7 (x86_64-redhat-linux-gnu) libcurl/7.19.7 NSS/3.16.2.3 Basic ECC zlib/1.2.3 libidn/1.18 libssh2/1.4.2" "-" - - - 0.000
222.18.127.74 - - [10/Nov/2016:00:01:08 +0800] "POST /api3/getadv HTTP/1.1" 200 813 "www.imooc.com" "-" timestamp=1478707268651&uid=1176739&secrect=80c951fcb74d488bd16816dd9b1e1896&marking=androidbanner&cid=0&token=776e83ee8bce54cf3fbfed256672effc "mukewang/5.0.0 (Android 4.4.2; Xiaomi 2014501 Build/KOT49H),Network WIFI" "-" 10.100.134.244:80 200 0.025 0.026
183.63.97.26 - - [10/Nov/2016:00:01:08 +0800] "GET /static/component/base/util/string.js?v=201611082232 HTTP/1.1" 200 1362 "www.imooc.com" "http://www.imooc.com/code/738" - "Mozilla/5.0 (Windows NT 6.3; WOW64) AppleWebKit/537.36 (KHTML, like Gecko) Maxthon/4.4.8.1000 Chrome/30.0.1599.101 Safari/537.36" "-" 10.100.136.65:80 200 0.001 0.001
10.100.0.1 - - [10/Nov/2016:00:01:08 +0800] "HEAD / HTTP/1.1" 301 0 "117.121.101.40" "-" - "curl/7.19.7 (x86_64-redhat-linux-gnu) libcurl/7.19.7 NSS/3.16.2.3 Basic ECC zlib/1.2.3 libidn/1.18 libssh2/1.4.2" "-" - - - 0.000
183.63.97.26 - - [10/Nov/2016:00:01:08 +0800] "GET /static/component/logic/common/userinfo.js?v=201611082232 HTTP/1.1" 200 2690 "www.imooc.com" "http://www.imooc.com/code/738" - "Mozilla/5.0 (Windows NT 6.3; WOW64) AppleWebKit/537.36 (KHTML, like Gecko) Maxthon/4.4.8.1000 Chrome/30.0.1599.101 Safari/537.36" "-" 10.100.136.64:80 200 0.001 0.001
183.63.97.26 - - [10/Nov/2016:00:01:08 +0800] "GET /static/component/base/util/cookie.js?v=201611082232 HTTP/1.1" 200 2223 "www.imooc.com" "http://www.imooc.com/code/738" - "Mozilla/5.0 (Windows NT 6.3; WOW64) AppleWebKit/537.36 (KHTML, like Gecko) Maxthon/4.4.8.1000 Chrome/30.0.1599.101 Safari/537.36" "-" 10.100.136.65:80 200 0.001 0.001
183.63.97.26 - - [10/Nov/2016:00:01:08 +0800] "GET /static/component/base/suggest/suggest.js?v=201611082232 HTTP/1.1" 200 7266 "www.imooc.com" "http://www.imooc.com/code/738" - "Mozilla/5.0 (Windows NT 6.3; WOW64) AppleWebKit/537.36 (KHTML, like Gecko) Maxthon/4.4.8.1000 Chrome/30.0.1599.101 Safari/537.36" "-" 10.100.134.244:80 200 0.001 0.001
183.63.97.26 - - [10/Nov/2016:00:01:08 +0800] "GET /visitlog/index/user?v=1478707267802 HTTP/1.1" 200 2955 "www.imooc.com" "http://www.imooc.com/code/738" - "Mozilla/5.0 (Windows NT 6.3; WOW64) AppleWebKit/537.36 (KHTML, like Gecko) Maxthon/4.4.8.1000 Chrome/30.0.1599.101 Safari/537.36" "-" 10.100.136.64:80 200 0.008 0.008
10.100.0.1 - - [10/Nov/2016:00:01:08 +0800] "HEAD / HTTP/1.1" 301 0 "117.121.101.40" "-" - "curl/7.19.7 (x86_64-redhat-linux-gnu) libcurl/7.19.7 NSS/3.16.2.3 Basic ECC zlib/1.2.3 libidn/1.18 libssh2/1.4.2" "-" - - - 0.000
211.142.247.151 - - [10/Nov/2016:00:01:08 +0800] "POST /api3/userinfo HTTP/1.1" 200 148 "www.imooc.com" "-" cid=0&timestamp=1478707268351&uid=4384507&secrect=bfb9d8b94ce3a332d145ef505dea5b2b&uuid=663b06cabfb3bc2a056662b74ca582e6&token=f71fd2c16686a917f71de7676c0de51d "mukewang/5.0.0 (Android 5.1; OPPO OPPO R9m Build/LMY47I),Network WIFI" "-" 10.100.136.64:80 200 0.064 0.064
10.100.0.1 - - [10/Nov/2016:00:01:08 +0800] "HEAD / HTTP/1.1" 301 0 "117.121.101.40" "-" - "curl/7.19.7 (x86_64-redhat-linux-gnu) libcurl/7.19.7 NSS/3.16.2.3 Basic ECC zlib/1.2.3 libidn/1.18 libssh2/1.4.2" "-" - - - 0.000
101.86.42.174 - - [10/Nov/2016:00:01:08 +0800] "GET /socket.io/1/websocket/wvAXu8vjsEX7HjLML1nB HTTP/1.1" 101 1831 "chat.mukewang.com" "-" - "-" "-" 10.100.15.239:80 101 10625.160 10625.160
10.100.0.1 - - [10/Nov/2016:00:01:08 +0800] "HEAD / HTTP/1.1" 301 0 "117.121.101.40" "-" - "curl/7.19.7 (x86_64-redhat-linux-gnu) libcurl/7.19.7 NSS/3.16.2.3 Basic ECC zlib/1.2.3 libidn/1.18 libssh2/1.4.2" "-" - - - 0.000
10.100.0.1 - - [10/Nov/2016:00:01:08 +0800] "HEAD / HTTP/1.1" 301 0 "117.121.101.40" "-" - "curl/7.19.7 (x86_64-redhat-linux-gnu) libcurl/7.19.7 NSS/3.16.2.3 Basic ECC zlib/1.2.3 libidn/1.18 libssh2/1.4.2" "-" - - - 0.000
10.100.0.1 - - [10/Nov/2016:00:01:08 +0800] "HEAD / HTTP/1.1" 301 0 "117.121.101.40" "-" - "curl/7.19.7 (x86_64-redhat-linux-gnu) libcurl/7.19.7 NSS/3.16.2.3 Basic ECC zlib/1.2.3 libidn/1.18 libssh2/1.4.2" "-" - - - 0.000
125.95.14.169 - - [10/Nov/2016:00:01:08 +0800] "GET /visitlog/index/user?v=1478707247478 HTTP/1.1" 200 2957 "www.imooc.com" "http://www.imooc.com/code/88" - "Mozilla/5.0 (Windows NT 6.1; WOW64) AppleWebKit/537.36 (KHTML, like Gecko) Chrome/49.0.2623.75 Safari/537.36 115Browser/7.0.0" "-" 10.100.134.244:80 200 0.013 0.013
10.100.0.1 - - [10/Nov/2016:00:01:08 +0800] "HEAD / HTTP/1.1" 301 0 "117.121.101.40" "-" - "curl/7.19.7 (x86_64-redhat-linux-gnu) libcurl/7.19.7 NSS/3.16.2.3 Basic ECC zlib/1.2.3 libidn/1.18 libssh2/1.4.2" "-" - - - 0.000
106.37.127.231 - - [10/Nov/2016:00:01:08 +0800] "POST /course/collectvideo HTTP/1.1" 200 72 "www.imooc.com" "http://www.imooc.com/video/8199" renderingMode=0&bufferTime=0&videoFileName=http%3A%2F%2Fv2.mukewang.com%2Fc978d121-3a66-473d-b244-3759249f8bc6%2FM.mp4%3Fauth_key%3D1478709066-0-0-53f2214fbf038f53cf9ed69a8b110eca&videoId=8199&errorMsg=&currentHd=1&oldHd=NaN&type=4&fullscreen=1&cdn=v2.mukewang.com&source=1&currentSpeed=1.25+X&oldSpeed=&winWidth=1366&winHeight=768 "Mozilla/5.0 (Windows NT 10.0; WOW64) AppleWebKit/537.36 (KHTML, like Gecko) Chrome/53.0.2785.104 Safari/537.36 Core/1.53.1708.400 QQBrowser/9.5.9635.400" "-" 10.100.134.244:80 200 0.129 0.129
10.100.0.1 - - [10/Nov/2016:00:01:08 +0800] "HEAD / HTTP/1.1" 301 0 "117.121.101.40" "-" - "curl/7.19.7 (x86_64-redhat-linux-gnu) libcurl/7.19.7 NSS/3.16.2.3 Basic ECC zlib/1.2.3 libidn/1.18 libssh2/1.4.2" "-" - - - 0.000
120.236.154.244 - - [10/Nov/2016:00:01:08 +0800] "GET /socket.io/1/websocket/tZgBi94uNI_SZIetMevE HTTP/1.1" 101 111 "chat.mukewang.com" "-" - "-" "-" 10.100.15.239:80 101 168.411 168.411
113.44.105.228 - - [10/Nov/2016:00:01:08 +0800] "POST /socket.io/1/ HTTP/1.1" 200 94 "chat.mukewang.com" "-" - "android-websockets-2.0" "-" 10.100.15.239:80 200 0.002 0.002
10.100.0.1 - - [10/Nov/2016:00:01:08 +0800] "HEAD / HTTP/1.1" 301 0 "117.121.101.40" "-" - "curl/7.19.7 (x86_64-redhat-linux-gnu) libcurl/7.19.7 NSS/3.16.2.3 Basic ECC zlib/1.2.3 libidn/1.18 libssh2/1.4.2" "-" - - - 0.000
111.194.210.161 - - [10/Nov/2016:00:01:08 +0800] "GET /favicon.ico HTTP/1.1" 200 12118 "coding.imooc.com" "http://coding.imooc.com/wap/classindex/cid/71?app=1" - "Mozilla/5.0 (Linux; Android 6.0; PRO 6 Build/MRA58K; wv) AppleWebKit/537.36 (KHTML, like Gecko) Version/4.0 Chrome/44.0.2403.130 Mobile Safari/537.36" "-" 10.100.135.57:80 200 0.002 0.002
10.100.0.1 - - [10/Nov/2016:00:01:08 +0800] "HEAD / HTTP/1.1" 301 0 "117.121.101.40" "-" - "curl/7.19.7 (x86_64-redhat-linux-gnu) libcurl/7.19.7 NSS/3.16.2.3 Basic ECC zlib/1.2.3 libidn/1.18 libssh2/1.4.2" "-" - - - 0.000
112.96.33.96 - - [10/Nov/2016:00:01:08 +0800] "GET /socket.io/1/websocket/HLc0Z2rFX8SYVuh4MfMs HTTP/1.1" 101 91 "chat.mukewang.com" "-" - "-" "-" 10.100.15.239:80 101 30.076 30.076
10.100.0.1 - - [10/Nov/2016:00:01:08 +0800] "HEAD / HTTP/1.1" 301 0 "117.121.101.40" "-" - "curl/7.19.7 (x86_64-redhat-linux-gnu) libcurl/7.19.7 NSS/3.16.2.3 Basic ECC zlib/1.2.3 libidn/1.18 libssh2/1.4.2" "-" - - - 0.000
10.100.0.1 - - [10/Nov/2016:00:01:08 +0800] "HEAD / HTTP/1.1" 301 0 "117.121.101.40" "-" - "curl/7.19.7 (x86_64-redhat-linux-gnu) libcurl/7.19.7 NSS/3.16.2.3 Basic ECC zlib/1.2.3 libidn/1.18 libssh2/1.4.2" "-" - - - 0.000
111.201.78.80 - - [10/Nov/2016:00:01:08 +0800] "POST /course/ajaxmediauser/ HTTP/1.1" 200 54 "www.imooc.com" "http://www.imooc.com/video/2544" mid=2544&time=360.03199999999924&learn_time=200.5 "Mozilla/5.0 (Macintosh; Intel Mac OS X 10_11_5) AppleWebKit/537.36 (KHTML, like Gecko) Chrome/53.0.2785.143 Safari/537.36" "-" 10.100.136.65:80 200 0.016 0.016
10.100.0.1 - - [10/Nov/2016:00:01:08 +0800] "HEAD / HTTP/1.1" 301 0 "117.121.101.40" "-" - "curl/7.19.7 (x86_64-redhat-linux-gnu) libcurl/7.19.7 NSS/3.16.2.3 Basic ECC zlib/1.2.3 libidn/1.18 libssh2/1.4.2" "-" - - - 0.000
114.246.48.185 - - [10/Nov/2016:00:01:08 +0800] "POST /api3/getcpinfo_ver2 HTTP/1.1" 200 103 "www.imooc.com" "-" IMid=1611092332299409&cid=506&secrect=4daf7b86ec7d9e51a38545e25a62e832&timestamp=1478707268698&token=0b58c176c7aab7bb3e44fd7891745166&uid=186975 "mukewang/5.0.2 (iPhone; iOS 10.1.1; Scale/2.00)" "-" 10.100.136.65:80 200 0.009 0.009
10.100.0.1 - - [10/Nov/2016:00:01:08 +0800] "HEAD / HTTP/1.1" 301 0 "117.121.101.40" "-" - "curl/7.19.7 (x86_64-redhat-linux-gnu) libcurl/7.19.7 NSS/3.16.2.3 Basic ECC zlib/1.2.3 libidn/1.18 libssh2/1.4.2" "-" - - - 0.000
10.100.0.1 - - [10/Nov/2016:00:01:08 +0800] "HEAD / HTTP/1.1" 301 0 "117.121.101.40" "-" - "curl/7.19.7 (x86_64-redhat-linux-gnu) libcurl/7.19.7 NSS/3.16.2.3 Basic ECC zlib/1.2.3 libidn/1.18 libssh2/1.4.2" "-" - - - 0.000
211.142.241.89 - - [10/Nov/2016:00:01:08 +0800] "POST /api3/getcourseintro HTTP/1.1" 200 2442 "www.imooc.com" "-" cid=410&secrect=3d6843e1944cfd5d79ef7476cbc3c208&timestamp=1478707268447&token=8acaacec83d00b6d5d2cfeebd307c611&uid=1113566 "mukewang/5.0.2 (iPhone; iOS 10.0.2; Scale/2.00)" "-" 10.100.136.64:80 200 0.232 0.232
10.100.0.1 - - [10/Nov/2016:00:01:08 +0800] "HEAD / HTTP/1.1" 301 0 "117.121.101.40" "-" - "curl/7.19.7 (x86_64-redhat-linux-gnu) libcurl/7.19.7 NSS/3.16.2.3 Basic ECC zlib/1.2.3 libidn/1.18 libssh2/1.4.2" "-" - - - 0.000
10.100.0.1 - - [10/Nov/2016:00:01:08 +0800] "HEAD / HTTP/1.1" 301 0 "117.121.101.40" "-" - "curl/7.19.7 (x86_64-redhat-linux-gnu) libcurl/7.19.7 NSS/3.16.2.3 Basic ECC zlib/1.2.3 libidn/1.18 libssh2/1.4.2" "-" - - - 0.000
10.100.0.1 - - [10/Nov/2016:00:01:08 +0800] "HEAD / HTTP/1.1" 301 0 "117.121.101.40" "-" - "curl/7.19.7 (x86_64-redhat-linux-gnu) libcurl/7.19.7 NSS/3.16.2.3 Basic ECC zlib/1.2.3 libidn/1.18 libssh2/1.4.2" "-" - - - 0.000
10.100.0.1 - - [10/Nov/2016:00:01:08 +0800] "HEAD / HTTP/1.1" 301 0 "117.121.101.40" "-" - "curl/7.19.7 (x86_64-redhat-linux-gnu) libcurl/7.19.7 NSS/3.16.2.3 Basic ECC zlib/1.2.3 libidn/1.18 libssh2/1.4.2" "-" - - - 0.000
10.100.0.1 - - [10/Nov/2016:00:01:08 +0800] "HEAD / HTTP/1.1" 301 0 "117.121.101.40" "-" - "curl/7.19.7 (x86_64-redhat-linux-gnu) libcurl/7.19.7 NSS/3.16.2.3 Basic ECC zlib/1.2.3 libidn/1.18 libssh2/1.4.2" "-" - - - 0.000
10.100.0.1 - - [10/Nov/2016:00:01:08 +0800] "HEAD / HTTP/1.1" 301 0 "117.121.101.40" "-" - "curl/7.19.7 (x86_64-redhat-linux-gnu) libcurl/7.19.7 NSS/3.16.2.3 Basic ECC zlib/1.2.3 libidn/1.18 libssh2/1.4.2" "-" - - - 0.000
42.49.224.54 - - [10/Nov/2016:00:01:08 +0800] "POST /socket.io/1/ HTTP/1.1" 200 94 "chat.mukewang.com" "-" - "android-websockets-2.0" "-" 10.100.15.239:80 200 0.004 0.004
10.100.0.1 - - [10/Nov/2016:00:01:08 +0800] "HEAD / HTTP/1.1" 301 0 "117.121.101.40" "-" - "curl/7.19.7 (x86_64-redhat-linux-gnu) libcurl/7.19.7 NSS/3.16.2.3 Basic ECC zlib/1.2.3 libidn/1.18 libssh2/1.4.2" "-" - - - 0.000
10.100.0.1 - - [10/Nov/2016:00:01:08 +0800] "HEAD / HTTP/1.1" 301 0 "117.121.101.40" "-" - "curl/7.19.7 (x86_64-redhat-linux-gnu) libcurl/7.19.7 NSS/3.16.2.3 Basic ECC zlib/1.2.3 libidn/1.18 libssh2/1.4.2" "-" - - - 0.000
10.100.0.1 - - [10/Nov/2016:00:01:08 +0800] "HEAD / HTTP/1.1" 301 0 "117.121.101.40" "-" - "curl/7.19.7 (x86_64-redhat-linux-gnu) libcurl/7.19.7 NSS/3.16.2.3 Basic ECC zlib/1.2.3 libidn/1.18 libssh2/1.4.2" "-" - - - 0.000
10.100.0.1 - - [10/Nov/2016:00:01:08 +0800] "HEAD / HTTP/1.1" 301 0 "117.121.101.40" "-" - "curl/7.19.7 (x86_64-redhat-linux-gnu) libcurl/7.19.7 NSS/3.16.2.3 Basic ECC zlib/1.2.3 libidn/1.18 libssh2/1.4.2" "-" - - - 0.000
10.100.0.1 - - [10/Nov/2016:00:01:08 +0800] "HEAD / HTTP/1.1" 301 0 "117.121.101.40" "-" - "curl/7.19.7 (x86_64-redhat-linux-gnu) libcurl/7.19.7 NSS/3.16.2.3 Basic ECC zlib/1.2.3 libidn/1.18 libssh2/1.4.2" "-" - - - 0.000
10.100.0.1 - - [10/Nov/2016:00:01:08 +0800] "HEAD / HTTP/1.1" 301 0 "117.121.101.40" "-" - "curl/7.19.7 (x86_64-redhat-linux-gnu) libcurl/7.19.7 NSS/3.16.2.3 Basic ECC zlib/1.2.3 libidn/1.18 libssh2/1.4.2" "-" - - - 0.000
10.100.0.1 - - [10/Nov/2016:00:01:08 +0800] "HEAD / HTTP/1.1" 301 0 "117.121.101.40" "-" - "curl/7.19.7 (x86_64-redhat-linux-gnu) libcurl/7.19.7 NSS/3.16.2.3 Basic ECC zlib/1.2.3 libidn/1.18 libssh2/1.4.2" "-" - - - 0.000
222.18.127.74 - - [10/Nov/2016:00:01:08 +0800] "POST /api3/userdynamic HTTP/1.1" 200 24865 "www.imooc.com" "-" timestamp=1478707268717&uid=1176739&secrect=80c951fcb74d488bd16816dd9b1e1896&touid=1176739&cid=0&page=1&token=914e5e4abe942459b2f5fd8b9fa6d90d "mukewang/5.0.0 (Android 4.4.2; Xiaomi 2014501 Build/KOT49H),Network WIFI" "-" 10.100.136.64:80 200 0.184 0.185
111.62.239.21 - - [10/Nov/2016:00:01:08 +0800] "GET /wap/classindex/cid/65?app=1 HTTP/1.1" 200 2989 "coding.imooc.com" "-" - "Mozilla/5.0 (Linux; Android 6.0; Le X620 Build/HEXCNFN5801708221S; wv) AppleWebKit/537.36 (KHTML, like Gecko) Version/4.0 Chrome/49.0.2623.91 Mobile Safari/537.36" "-" 10.100.135.25:80 200 0.249 0.249
10.100.0.1 - - [10/Nov/2016:00:01:08 +0800] "HEAD / HTTP/1.1" 301 0 "117.121.101.40" "-" - "curl/7.19.7 (x86_64-redhat-linux-gnu) libcurl/7.19.7 NSS/3.16.2.3 Basic ECC zlib/1.2.3 libidn/1.18 libssh2/1.4.2" "-" - - - 0.000
60.215.125.110 - - [10/Nov/2016:00:01:08 +0800] "HEAD /favicon.ico HTTP/1.0" 404 0 "chat.mukewang.com" "-" - "-" "-" 10.100.15.239:80 404 0.001 0.001
10.100.0.1 - - [10/Nov/2016:00:01:08 +0800] "HEAD / HTTP/1.1" 301 0 "117.121.101.40" "-" - "curl/7.19.7 (x86_64-redhat-linux-gnu) libcurl/7.19.7 NSS/3.16.2.3 Basic ECC zlib/1.2.3 libidn/1.18 libssh2/1.4.2" "-" - - - 0.000
10.100.0.1 - - [10/Nov/2016:00:01:08 +0800] "HEAD / HTTP/1.1" 301 0 "117.121.101.40" "-" - "curl/7.19.7 (x86_64-redhat-linux-gnu) libcurl/7.19.7 NSS/3.16.2.3 Basic ECC zlib/1.2.3 libidn/1.18 libssh2/1.4.2" "-" - - - 0.000
211.142.241.89 - - [10/Nov/2016:00:01:08 +0800] "POST /api3/getcpinfo_ver2 HTTP/1.1" 200 16295 "www.imooc.com" "-" cid=410&secrect=3d6843e1944cfd5d79ef7476cbc3c208&timestamp=1478707268454&token=631816f3172e7a7638e1ad15719d6c6e&uid=1113566 "mukewang/5.0.2 (iPhone; iOS 10.0.2; Scale/2.00)" "-" 10.100.136.65:80 200 0.365 0.365
119.139.136.103 - - [10/Nov/2016:00:01:08 +0800] "POST /course/ajaxmediauser/ HTTP/1.1" 200 54 "www.imooc.com" "http://www.imooc.com/video/4831" mid=4831&time=60.30600000000004&learn_time=634.4 "Mozilla/5.0 (Windows NT 6.1; WOW64) AppleWebKit/537.36 (KHTML, like Gecko) Chrome/54.0.2840.59 Safari/537.36" "-" 10.100.134.244:80 200 0.025 0.025
