222.131.22.52 - - [10/Nov/2016:00:01:05 +0800] "GET /learn/124 HTTP/1.1" 200 10264 "www.imooc.com" "http://www.imooc.com/u/1369610" - "Mozilla/5.0 (Windows NT 10.0; WOW64) AppleWebKit/537.36 (KHTML, like Gecko) Chrome/45.0.2454.101 Safari/537.36" "-" 10.100.136.65:80 200 0.063 0.063
10.100.0.1 - - [10/Nov/2016:00:01:05 +0800] "HEAD / HTTP/1.1" 301 0 "117.121.101.40" "-" - "curl/7.19.7 (x86_64-redhat-linux-gnu) libcurl/7.19.7 NSS/3.16.2.3 Basic ECC zlib/1.2.3 libidn/1.18 libssh2/1.4.2" "-" - - - 0.000
10.100.0.1 - - [10/Nov/2016:00:01:05 +0800] "HEAD / HTTP/1.1" 301 0 "117.121.101.40" "-" - "curl/7.19.7 (x86_64-redhat-linux-gnu) libcurl/7.19.7 NSS/3.16.2.3 Basic ECC zlib/1.2.3 libidn/1.18 libssh2/1.4.2" "-" - - - 0.000
10.100.0.1 - - [10/Nov/2016:00:01:05 +0800] "GET / HTTP/1.1" 200 145563 "www.imooc.com" "-" - "Mozilla/5.0 (compatible; MSIE 10.0; Windows NT 6.1; Trident/6.0)" "-" 10.100.134.244:80 200 0.127 0.127
10.100.0.1 - - [10/Nov/2016:00:01:05 +0800] "HEAD / HTTP/1.1" 301 0 "117.121.101.40" "-" - "curl/7.19.7 (x86_64-redhat-linux-gnu) libcurl/7.19.7 NSS/3.16.2.3 Basic ECC zlib/1.2.3 libidn/1.18 libssh2/1.4.2" "-" - - - 0.000
10.100.0.1 - - [10/Nov/2016:00:01:05 +0800] "HEAD / HTTP/1.1" 301 0 "117.121.101.40" "-" - "curl/7.19.7 (x86_64-redhat-linux-gnu) libcurl/7.19.7 NSS/3.16.2.3 Basic ECC zlib/1.2.3 libidn/1.18 libssh2/1.4.2" "-" - - - 0.000
113.45.39.241 - - [10/Nov/2016:00:01:05 +0800] "POST /api3/tweethome HTTP/1.1" 200 48127 "www.imooc.com" "-" startid=0&visituid=112028&secrect=e3d2254f54f1bdf9d665fa110f21541b&spaceuid=0&cid=0&timestamp=1478707264798&uid=112028&prev=0&pagesize=15&token=78ff2b99a9382fb76a20b7b9bb91463d "mukewang/5.0.1 (Android 5.1; Meizu MX5 Build/LMY47I),Network WIFI" "-" 10.100.136.64:80 200 0.239 0.239
10.100.0.1 - - [10/Nov/2016:00:01:05 +0800] "HEAD / HTTP/1.1" 301 0 "117.121.101.40" "-" - "curl/7.19.7 (x86_64-redhat-linux-gnu) libcurl/7.19.7 NSS/3.16.2.3 Basic ECC zlib/1.2.3 libidn/1.18 libssh2/1.4.2" "-" - - - 0.000
182.100.18.242 - - [10/Nov/2016:00:01:05 +0800] "POST /course/ajaxmediauser/ HTTP/1.1" 200 54 "www.imooc.com" "http://www.imooc.com/video/8995" mid=8995&time=60.02600000000166&learn_time=511.2 "Mozilla/5.0 (Windows NT 6.1; WOW64) AppleWebKit/537.36 (KHTML, like Gecko) Chrome/45.0.2454.101 Safari/537.36" "-" 10.100.136.64:80 200 0.016 0.016
120.198.231.150 - - [10/Nov/2016:00:01:05 +0800] "POST /api3/tweethome HTTP/1.1" 200 59121 "www.imooc.com" "-" startid=8197289&visituid=2448220&secrect=8e1f8c41309e65881c3f7b6ed1d2575c&spaceuid=0&cid=0&timestamp=1478707264982&uid=2448220&prev=1&pagesize=15&token=2d4c9bd6876852082d2c213ac05488d0 "mukewang/5.0.1 (Android 5.1.1; Xiaomi Redmi Note 3 Build/LMY47V),Network WIFI" "-" 10.100.134.244:80 200 0.392 0.392
14.18.53.149 - - [10/Nov/2016:00:01:05 +0800] "POST /socket.io/1/ HTTP/1.1" 200 94 "chat.mukewang.com" "-" - "android-websockets-2.0" "-" 10.100.15.239:80 200 0.003 0.003
10.100.0.1 - - [10/Nov/2016:00:01:05 +0800] "HEAD / HTTP/1.1" 301 0 "117.121.101.40" "-" - "curl/7.19.7 (x86_64-redhat-linux-gnu) libcurl/7.19.7 NSS/3.16.2.3 Basic ECC zlib/1.2.3 libidn/1.18 libssh2/1.4.2" "-" - - - 0.000
125.122.198.123 - - [10/Nov/2016:00:01:05 +0800] "POST /course/ajaxmediauser/ HTTP/1.1" 200 54 "www.imooc.com" "http://www.imooc.com/video/10897" mid=10897&time=60.00100000000384&learn_time=7.1 "Mozilla/5.0 (Macintosh; Intel Mac OS X 10_12_0) AppleWebKit/537.36 (KHTML, like Gecko) Chrome/54.0.2840.71 Safari/537.36" "-" 10.100.134.244:80 200 0.024 0.024
123.57.117.75 - - [10/Nov/2016:00:01:05 +0800] "GET /static/img/common/logo.png?t=1478707221405 HTTP/1.1" 200 4468 "static.mukewang.com" "http://www.imooc.com/learn/124" - "Mozilla/5.0 (Windows NT 10.0; WOW64) AppleWebKit/537.36 (KHTML, like Gecko) Chrome/45.0.2454.101 Safari/537.36" "222.131.22.52" 10.100.15.240:80 200 0.001 0.001
10.100.0.1 - - [10/Nov/2016:00:01:05 +0800] "HEAD / HTTP/1.1" 301 0 "117.121.101.40" "-" - "curl/7.19.7 (x86_64-redhat-linux-gnu) libcurl/7.19.7 NSS/3.16.2.3 Basic ECC zlib/1.2.3 libidn/1.18 libssh2/1.4.2" "-" - - - 0.000
10.100.0.1 - - [10/Nov/2016:00:01:05 +0800] "HEAD / HTTP/1.1" 301 0 "117.121.101.40" "-" - "curl/7.19.7 (x86_64-redhat-linux-gnu) libcurl/7.19.7 NSS/3.16.2.3 Basic ECC zlib/1.2.3 libidn/1.18 libssh2/1.4.2" "-" - - - 0.000
10.100.0.1 - - [10/Nov/2016:00:01:05 +0800] "HEAD / HTTP/1.1" 301 0 "117.121.101.40" "-" - "curl/7.19.7 (x86_64-redhat-linux-gnu) libcurl/7.19.7 NSS/3.16.2.3 Basic ECC zlib/1.2.3 libidn/1.18 libssh2/1.4.2" "-" - - - 0.000
10.100.0.1 - - [10/Nov/2016:00:01:05 +0800] "HEAD / HTTP/1.1" 301 0 "117.121.101.40" "-" - "curl/7.19.7 (x86_64-redhat-linux-gnu) libcurl/7.19.7 NSS/3.16.2.3 Basic ECC zlib/1.2.3 libidn/1.18 libssh2/1.4.2" "-" - - - 0.000
10.100.0.1 - - [10/Nov/2016:00:01:05 +0800] "HEAD / HTTP/1.1" 301 0 "117.121.101.40" "-" - "curl/7.19.7 (x86_64-redhat-linux-gnu) libcurl/7.19.7 NSS/3.16.2.3 Basic ECC zlib/1.2.3 libidn/1.18 libssh2/1.4.2" "-" - - - 0.000
10.100.0.1 - - [10/Nov/2016:00:01:05 +0800] "HEAD / HTTP/1.1" 301 0 "117.121.101.40" "-" - "curl/7.19.7 (x86_64-redhat-linux-gnu) libcurl/7.19.7 NSS/3.16.2.3 Basic ECC zlib/1.2.3 libidn/1.18 libssh2/1.4.2" "-" - - - 0.000
10.100.0.1 - - [10/Nov/2016:00:01:05 +0800] "GET / HTTP/1.1" 200 145563 "www.imooc.com" "-" - "Mozilla/5.0 (compatible; MSIE 10.0; Windows NT 6.1; Trident/6.0)" "-" 10.100.136.65:80 200 0.076 0.076
10.100.16.176 - - [10/Nov/2016:00:01:05 +0800] "GET / HTTP/1.1" 301 178 "10.100.16.20" "-" - "Mozilla/5.0 (compatible; MSIE 10.0; Windows NT 6.1; Trident/6.0)" "-" - - - 0.000
10.100.0.1 - - [10/Nov/2016:00:01:05 +0800] "HEAD / HTTP/1.1" 301 0 "117.121.101.40" "-" - "curl/7.19.7 (x86_64-redhat-linux-gnu) libcurl/7.19.7 NSS/3.16.2.3 Basic ECC zlib/1.2.3 libidn/1.18 libssh2/1.4.2" "-" - - - 0.000
10.100.0.1 - - [10/Nov/2016:00:01:05 +0800] "HEAD / HTTP/1.1" 301 0 "117.121.101.40" "-" - "curl/7.19.7 (x86_64-redhat-linux-gnu) libcurl/7.19.7 NSS/3.16.2.3 Basic ECC zlib/1.2.3 libidn/1.18 libssh2/1.4.2" "-" - - - 0.000
10.100.0.1 - - [10/Nov/2016:00:01:05 +0800] "HEAD / HTTP/1.1" 301 0 "117.121.101.40" "-" - "curl/7.19.7 (x86_64-redhat-linux-gnu) libcurl/7.19.7 NSS/3.16.2.3 Basic ECC zlib/1.2.3 libidn/1.18 libssh2/1.4.2" "-" - - - 0.000
199.30.25.88 - - [10/Nov/2016:00:01:05 +0800] "GET /article/getsimilar?id=11325 HTTP/1.1" 200 5994 "www.imooc.com" "http://www.imooc.com/article/11325" - "Mozilla/5.0 (Windows NT 6.1; WOW64) AppleWebKit/534+ (KHTML, like Gecko) BingPreview/1.0b" "-" 10.100.136.64:80 200 0.018 0.018
10.100.0.1 - - [10/Nov/2016:00:01:05 +0800] "HEAD / HTTP/1.1" 301 0 "117.121.101.40" "-" - "curl/7.19.7 (x86_64-redhat-linux-gnu) libcurl/7.19.7 NSS/3.16.2.3 Basic ECC zlib/1.2.3 libidn/1.18 libssh2/1.4.2" "-" - - - 0.000
10.100.0.1 - - [10/Nov/2016:00:01:05 +0800] "HEAD / HTTP/1.1" 301 0 "117.121.101.40" "-" - "curl/7.19.7 (x86_64-redhat-linux-gnu) libcurl/7.19.7 NSS/3.16.2.3 Basic ECC zlib/1.2.3 libidn/1.18 libssh2/1.4.2" "-" - - - 0.000
115.193.172.253 - - [10/Nov/2016:00:01:05 +0800] "GET /visitlog/index/user?v=1478707259821 HTTP/1.1" 200 2961 "www.imooc.com" "http://www.imooc.com/video/3078" - "Mozilla/5.0 (Windows NT 6.1; WOW64) AppleWebKit/537.36 (KHTML, like Gecko) Chrome/53.0.2785.104 Safari/537.36 Core/1.53.1708.400 QQBrowser/9.5.9635.400" "-" 10.100.136.65:80 200 0.010 0.010
10.100.0.1 - - [10/Nov/2016:00:01:05 +0800] "HEAD / HTTP/1.1" 301 0 "117.121.101.40" "-" - "curl/7.19.7 (x86_64-redhat-linux-gnu) libcurl/7.19.7 NSS/3.16.2.3 Basic ECC zlib/1.2.3 libidn/1.18 libssh2/1.4.2" "-" - - - 0.000
119.122.183.89 - - [10/Nov/2016:00:01:05 +0800] "GET /video/3244 HTTP/1.1" 200 7226 "www.imooc.com" "http://www.imooc.com/video/3244" - "Mozilla/5.0 (X11; Linux x86_64) AppleWebKit/537.36 (KHTML, like Gecko) Ubuntu Chromium/53.0.2785.143 Chrome/53.0.2785.143 Safari/537.36" "-" 10.100.136.64:80 200 0.180 0.180
222.131.22.52 - - [10/Nov/2016:00:01:05 +0800] "GET /visitlog/index/user?v=1478707221537 HTTP/1.1" 200 2955 "www.imooc.com" "http://www.imooc.com/learn/124" - "Mozilla/5.0 (Windows NT 10.0; WOW64) AppleWebKit/537.36 (KHTML, like Gecko) Chrome/45.0.2454.101 Safari/537.36" "-" 10.100.136.65:80 200 0.009 0.009
10.100.0.1 - - [10/Nov/2016:00:01:05 +0800] "GET / HTTP/1.1" 200 145540 "www.imooc.com" "-" - "Mozilla/5.0 (compatible; MSIE 10.0; Windows NT 6.1; Trident/6.0)" "-" 10.100.136.64:80 200 0.075 0.075
10.100.0.1 - - [10/Nov/2016:00:01:05 +0800] "HEAD / HTTP/1.1" 301 0 "117.121.101.40" "-" - "curl/7.19.7 (x86_64-redhat-linux-gnu) libcurl/7.19.7 NSS/3.16.2.3 Basic ECC zlib/1.2.3 libidn/1.18 libssh2/1.4.2" "-" - - - 0.000
120.197.199.74 - - [10/Nov/2016:00:01:05 +0800] "GET /static/img/home/Linux.png?t=1 HTTP/1.1" 200 1632 "www.imooc.com" "http://www.imooc.com/" - "Mozilla/5.0 (Windows NT 10.0; Win64; x64) AppleWebKit/537.36 (KHTML, like Gecko) Chrome/51.0.2704.79 Safari/537.36 Edge/14.14393" "-" 10.100.136.64:80 200 0.002 0.002
140.207.97.98 - - [10/Nov/2016:00:01:05 +0800] "POST /course/ajaxmediauser/ HTTP/1.1" 200 68 "www.imooc.com" "http://www.imooc.com/video/10936" mid=10936&time=195367.91499999992&learn_time=9.3 "Mozilla/5.0 (Windows NT 6.1; WOW64; rv:49.0) Gecko/20100101 Firefox/49.0" "-" 10.100.136.65:80 200 0.006 0.006
10.100.0.1 - - [10/Nov/2016:00:01:05 +0800] "HEAD / HTTP/1.1" 301 0 "117.121.101.40" "-" - "curl/7.19.7 (x86_64-redhat-linux-gnu) libcurl/7.19.7 NSS/3.16.2.3 Basic ECC zlib/1.2.3 libidn/1.18 libssh2/1.4.2" "-" - - - 0.000
183.128.164.83 - - [10/Nov/2016:00:01:05 +0800] "POST /course/ajaxmediauser/ HTTP/1.1" 200 67 "www.imooc.com" "http://www.imooc.com/video/953" mid=953&time=37390.67700000001&learn_time=20.3 "Mozilla/4.0 (compatible; MSIE 7.0; Windows NT 10.0; WOW64; Trident/7.0; .NET4.0C; .NET4.0E; .NET CLR 2.0.50727; .NET CLR 3.0.30729; .NET CLR 3.5.30729; Core/1.53.1708.400 QQBrowser/9.5.9635.400)" "-" 10.100.134.244:80 200 0.025 0.025
10.100.0.1 - - [10/Nov/2016:00:01:05 +0800] "HEAD / HTTP/1.1" 301 0 "117.121.101.40" "-" - "curl/7.19.7 (x86_64-redhat-linux-gnu) libcurl/7.19.7 NSS/3.16.2.3 Basic ECC zlib/1.2.3 libidn/1.18 libssh2/1.4.2" "-" - - - 0.000
106.37.127.231 - - [10/Nov/2016:00:01:05 +0800] "GET /course/getcomment?mid=8199&page=1&r=0.20062544385228787 HTTP/1.1" 200 1355 "www.imooc.com" "http://www.imooc.com/video/8199" - "Mozilla/5.0 (Windows NT 10.0; WOW64) AppleWebKit/537.36 (KHTML, like Gecko) Chrome/53.0.2785.104 Safari/537.36 Core/1.53.1708.400 QQBrowser/9.5.9635.400" "-" 10.100.136.65:80 200 0.599 0.599
124.205.53.178 - - [10/Nov/2016:00:01:05 +0800] "POST /course/ajaxmediauser HTTP/1.1" 200 54 "www.imooc.com" "http://www.imooc.com/code/401" mid=401&time=60 "Mozilla/5.0 (Windows NT 6.1; WOW64) AppleWebKit/537.36 (KHTML, like Gecko) Chrome/45.0.2454.101 Safari/537.36" "-" 10.100.136.65:80 200 0.018 0.018
10.100.0.1 - - [10/Nov/2016:00:01:05 +0800] "HEAD / HTTP/1.1" 301 0 "117.121.101.40" "-" - "curl/7.19.7 (x86_64-redhat-linux-gnu) libcurl/7.19.7 NSS/3.16.2.3 Basic ECC zlib/1.2.3 libidn/1.18 libssh2/1.4.2" "-" - - - 0.000
10.100.0.1 - - [10/Nov/2016:00:01:05 +0800] "HEAD / HTTP/1.1" 301 0 "117.121.101.40" "-" - "curl/7.19.7 (x86_64-redhat-linux-gnu) libcurl/7.19.7 NSS/3.16.2.3 Basic ECC zlib/1.2.3 libidn/1.18 libssh2/1.4.2" "-" - - - 0.000
10.100.0.1 - - [10/Nov/2016:00:01:05 +0800] "HEAD / HTTP/1.1" 301 0 "117.121.101.40" "-" - "curl/7.19.7 (x86_64-redhat-linux-gnu) libcurl/7.19.7 NSS/3.16.2.3 Basic ECC zlib/1.2.3 libidn/1.18 libssh2/1.4.2" "-" - - - 0.000
116.23.248.47 - - [10/Nov/2016:00:01:05 +0800] "POST /course/ajaxmediauser/ HTTP/1.1" 200 54 "www.imooc.com" "http://www.imooc.com/video/1034" mid=1034&time=60.038000000000466&learn_time=513.9 "Mozilla/5.0 (Windows NT 10.0; WOW64) AppleWebKit/537.36 (KHTML, like Gecko) Chrome/52.0.2743.116 Safari/537.36" "-" 10.100.136.64:80 200 0.018 0.018
111.112.84.51 - - [10/Nov/2016:00:01:05 +0800] "POST /course/ajaxmediauser/ HTTP/1.1" 200 54 "www.imooc.com" "http://www.imooc.com/video/6843" mid=6843&time=60&learn_time=247.9 "Mozilla/5.0 (Windows NT 6.1; Win64; x64; rv:49.0) Gecko/20100101 Firefox/49.0" "-" 10.100.136.64:80 200 0.019 0.019
10.100.0.1 - - [10/Nov/2016:00:01:05 +0800] "GET / HTTP/1.1" 200 145548 "www.imooc.com" "-" - "Mozilla/5.0 (compatible; MSIE 10.0; Windows NT 6.1; Trident/6.0)" "-" 10.100.136.65:80 200 0.075 0.076
10.100.0.1 - - [10/Nov/2016:00:01:05 +0800] "HEAD / HTTP/1.1" 301 0 "117.121.101.40" "-" - "curl/7.19.7 (x86_64-redhat-linux-gnu) libcurl/7.19.7 NSS/3.16.2.3 Basic ECC zlib/1.2.3 libidn/1.18 libssh2/1.4.2" "-" - - - 0.000
123.125.71.117 - - [10/Nov/2016:00:01:05 +0800] "GET /u/2906547/course/186/codes HTTP/1.1" 200 6321 "m.imooc.com" "-" - "Mozilla/5.0 (compatible; Baiduspider/2.0; +http://www.baidu.com/search/spider.html)" "-" 10.100.136.64:80 200 0.143 0.157
10.100.0.1 - - [10/Nov/2016:00:01:05 +0800] "HEAD / HTTP/1.1" 301 0 "117.121.101.40" "-" - "curl/7.19.7 (x86_64-redhat-linux-gnu) libcurl/7.19.7 NSS/3.16.2.3 Basic ECC zlib/1.2.3 libidn/1.18 libssh2/1.4.2" "-" - - - 0.000
61.160.101.18 - - [10/Nov/2016:00:01:05 +0800] "POST /socket.io/1/ HTTP/1.1" 200 94 "chat.mukewang.com" "-" - "android-websockets-2.0" "-" 10.100.15.239:80 200 0.004 0.004
10.100.0.1 - - [10/Nov/2016:00:01:05 +0800] "HEAD / HTTP/1.1" 301 0 "117.121.101.40" "-" - "curl/7.19.7 (x86_64-redhat-linux-gnu) libcurl/7.19.7 NSS/3.16.2.3 Basic ECC zlib/1.2.3 libidn/1.18 libssh2/1.4.2" "-" - - - 0.000
110.184.240.39 - - [10/Nov/2016:00:01:05 +0800] "POST /course/ajaxmediauser HTTP/1.1" 200 67 "www.imooc.com" "http://www.imooc.com/code/2023" mid=2023&time=20.656 "Mozilla/5.0 (Windows NT 6.1; WOW64) AppleWebKit/537.36 (KHTML, like Gecko) Chrome/52.0.2743.116 Safari/537.36" "-" 10.100.136.64:80 200 0.017 0.017
222.131.22.52 - - [10/Nov/2016:00:01:05 +0800] "GET /u/card HTTP/1.1" 200 310 "www.imooc.com" "http://www.imooc.com/learn/124" - "Mozilla/5.0 (Windows NT 10.0; WOW64) AppleWebKit/537.36 (KHTML, like Gecko) Chrome/45.0.2454.101 Safari/537.36" "-" 10.100.134.244:80 200 0.100 0.100
10.100.0.1 - - [10/Nov/2016:00:01:05 +0800] "HEAD / HTTP/1.1" 301 0 "117.121.101.40" "-" - "curl/7.19.7 (x86_64-redhat-linux-gnu) libcurl/7.19.7 NSS/3.16.2.3 Basic ECC zlib/1.2.3 libidn/1.18 libssh2/1.4.2" "-" - - - 0.000
115.193.172.253 - - [10/Nov/2016:00:01:05 +0800] "GET /u/card HTTP/1.1" 200 362 "www.imooc.com" "http://www.imooc.com/video/3078" - "Mozilla/5.0 (Windows NT 6.1; WOW64) AppleWebKit/537.36 (KHTML, like Gecko) Chrome/53.0.2785.104 Safari/537.36 Core/1.53.1708.400 QQBrowser/9.5.9635.400" "-" 10.100.136.65:80 200 0.107 0.107
106.37.127.231 - - [10/Nov/2016:00:01:05 +0800] "GET /course/ajaxmaxchaptermediaques?mid=8199 HTTP/1.1" 200 72 "www.imooc.com" "http://www.imooc.com/video/8199" - "Mozilla/5.0 (Windows NT 10.0; WOW64) AppleWebKit/537.36 (KHTML, like Gecko) Chrome/53.0.2785.104 Safari/537.36 Core/1.53.1708.400 QQBrowser/9.5.9635.400" "-" 10.100.136.65:80 200 0.690 0.690
10.100.0.1 - - [10/Nov/2016:00:01:05 +0800] "HEAD / HTTP/1.1" 301 0 "117.121.101.40" "-" - "curl/7.19.7 (x86_64-redhat-linux-gnu) libcurl/7.19.7 NSS/3.16.2.3 Basic ECC zlib/1.2.3 libidn/1.18 libssh2/1.4.2" "-" - - - 0.000
222.131.22.52 - - [10/Nov/2016:00:01:05 +0800] "GET /u/loading HTTP/1.1" 200 66 "www.imooc.com" "http://www.imooc.com/learn/124" - "Mozilla/5.0 (Windows NT 10.0; WOW64) AppleWebKit/537.36 (KHTML, like Gecko) Chrome/45.0.2454.101 Safari/537.36" "-" 10.100.136.65:80 200 0.014 0.014
117.135.159.4 - - [10/Nov/2016:00:01:05 +0800] "POST /course/ajaxmediauser/ HTTP/1.1" 200 68 "www.imooc.com" "http://www.imooc.com/video/353" mid=353&time=28255.449999999997&learn_time=36.7 "Mozilla/5.0 (Windows NT 6.1; WOW64) AppleWebKit/537.36 (KHTML, like Gecko) Chrome/44.0.2403.107 Safari/537.36" "-" 10.100.134.244:80 200 0.016 0.016
10.100.0.1 - - [10/Nov/2016:00:01:05 +0800] "HEAD / HTTP/1.1" 301 0 "117.121.101.40" "-" - "curl/7.19.7 (x86_64-redhat-linux-gnu) libcurl/7.19.7 NSS/3.16.2.3 Basic ECC zlib/1.2.3 libidn/1.18 libssh2/1.4.2" "-" - - - 0.000
10.100.0.1 - - [10/Nov/2016:00:01:05 +0800] "HEAD / HTTP/1.1" 301 0 "117.121.101.40" "-" - "curl/7.19.7 (x86_64-redhat-linux-gnu) libcurl/7.19.7 NSS/3.16.2.3 Basic ECC zlib/1.2.3 libidn/1.18 libssh2/1.4.2" "-" - - - 0.000
117.173.0.113 - - [10/Nov/2016:00:01:05 +0800] "GET /visitlog/index/user?v=1478707266470 HTTP/1.1" 200 2956 "www.imooc.com" "http://www.imooc.com/video/8135" - "Mozilla/5.0 (Windows NT 10.0; WOW64; rv:49.0) Gecko/20100101 Firefox/49.0" "-" 10.100.136.65:80 200 0.008 0.008
10.100.0.1 - - [10/Nov/2016:00:01:05 +0800] "HEAD / HTTP/1.1" 301 0 "117.121.101.40" "-" - "curl/7.19.7 (x86_64-redhat-linux-gnu) libcurl/7.19.7 NSS/3.16.2.3 Basic ECC zlib/1.2.3 libidn/1.18 libssh2/1.4.2" "-" - - - 0.000
211.162.33.107 - - [10/Nov/2016:00:01:05 +0800] "POST /course/ajaxmediauser/ HTTP/1.1" 200 54 "www.imooc.com" "http://www.imooc.com/video/9815" mid=9815&time=60.00200000000768&learn_time=2.1 "Mozilla/5.0 (Windows NT 10.0; WOW64) AppleWebKit/537.36 (KHTML, like Gecko) Chrome/52.0.2743.116 Safari/537.36" "-" 10.100.136.64:80 200 0.019 0.019
222.168.41.42 - - [10/Nov/2016:00:01:05 +0800] "POST /api3/getcpinfo_ver2 HTTP/1.1" 200 7963 "www.imooc.com" "-" cid=533&timestamp=1478707265557&uid=1260671&secrect=8fd83b3901a54719a3c6f1e3b4aa2ab2&token=725e1ae92375ecbf291e953f24e7b2f4 "mukewang/5.0.1 (Android 5.1.1; HUAWEI HUAWEI M2-803L Build/HUAWEIM2-803L),Network WIFI" "-" 10.100.136.64:80 200 0.054 0.054
10.100.0.1 - - [10/Nov/2016:00:01:05 +0800] "HEAD / HTTP/1.1" 301 0 "117.121.101.40" "-" - "curl/7.19.7 (x86_64-redhat-linux-gnu) libcurl/7.19.7 NSS/3.16.2.3 Basic ECC zlib/1.2.3 libidn/1.18 libssh2/1.4.2" "-" - - - 0.000
101.231.51.241 - - [10/Nov/2016:00:01:05 +0800] "POST /course/ajaxmediauser HTTP/1.1" 200 68 "www.imooc.com" "http://www.imooc.com/code/472" mid=472&time=60 "Mozilla/5.0 (Windows NT 6.1; WOW64) AppleWebKit/537.36 (KHTML, like Gecko) Chrome/39.0.2171.95 Safari/537.36" "-" 10.100.134.244:80 200 0.011 0.011
59.45.87.34 - - [10/Nov/2016:00:01:05 +0800] "POST /socket.io/1/ HTTP/1.1" 200 94 "chat.mukewang.com" "-" - "android-websockets-2.0" "-" 10.100.15.239:80 200 0.024 0.024
10.100.0.1 - - [10/Nov/2016:00:01:05 +0800] "HEAD / HTTP/1.1" 301 0 "117.121.101.40" "-" - "curl/7.19.7 (x86_64-redhat-linux-gnu) libcurl/7.19.7 NSS/3.16.2.3 Basic ECC zlib/1.2.3 libidn/1.18 libssh2/1.4.2" "-" - - - 0.000
106.37.127.231 - - [10/Nov/2016:00:01:05 +0800] "GET /course/ajaxplanrecom?cid=424 HTTP/1.1" 200 74 "www.imooc.com" "http://www.imooc.com/video/8199" - "Mozilla/5.0 (Windows NT 10.0; WOW64) AppleWebKit/537.36 (KHTML, like Gecko) Chrome/53.0.2785.104 Safari/537.36 Core/1.53.1708.400 QQBrowser/9.5.9635.400" "-" 10.100.136.64:80 200 0.770 0.770
116.23.155.253 - - [10/Nov/2016:00:01:05 +0800] "POST /course/ajaxmediauser/ HTTP/1.1" 200 54 "www.imooc.com" "http://www.imooc.com/video/9661" mid=9661&time=60&learn_time=3.7 "Mozilla/5.0 (Windows NT 6.1; WOW64) AppleWebKit/537.36 (KHTML, like Gecko) Chrome/54.0.2840.87 Safari/537.36" "-" 10.100.134.244:80 200 0.022 0.022
10.100.0.1 - - [10/Nov/2016:00:01:05 +0800] "GET / HTTP/1.1" 200 145563 "www.imooc.com" "-" - "Mozilla/5.0 (compatible; MSIE 10.0; Windows NT 6.1; Trident/6.0)" "-" 10.100.134.244:80 200 0.134 0.134
10.100.16.176 - - [10/Nov/2016:00:01:05 +0800] "GET / HTTP/1.1" 301 178 "10.100.16.198" "-" - "Mozilla/5.0 (compatible; MSIE 10.0; Windows NT 6.1; Trident/6.0)" "-" - - - 0.000
10.100.0.1 - - [10/Nov/2016:00:01:05 +0800] "HEAD / HTTP/1.1" 301 0 "117.121.101.40" "-" - "curl/7.19.7 (x86_64-redhat-linux-gnu) libcurl/7.19.7 NSS/3.16.2.3 Basic ECC zlib/1.2.3 libidn/1.18 libssh2/1.4.2" "-" - - - 0.000
222.131.22.52 - - [10/Nov/2016:00:01:05 +0800] "GET /course/AjaxCourseMembers?ids=124 HTTP/1.1" 200 85 "www.imooc.com" "http://www.imooc.com/learn/124" - "Mozilla/5.0 (Windows NT 10.0; WOW64) AppleWebKit/537.36 (KHTML, like Gecko) Chrome/45.0.2454.101 Safari/537.36" "-" 10.100.136.64:80 200 0.172 0.172
120.239.139.229 - - [10/Nov/2016:00:01:05 +0800] "POST /course/ajaxmediauser HTTP/1.1" 200 54 "www.imooc.com" "http://www.imooc.com/code/293" mid=293&time=60 "Mozilla/5.0 (Windows NT 6.1; WOW64) AppleWebKit/537.36 (KHTML, like Gecko) Chrome/49.0.2623.22 Safari/537.36 SE 2.X MetaSr 1.0" "-" 10.100.136.65:80 200 0.018 0.018
10.100.0.1 - - [10/Nov/2016:00:01:05 +0800] "HEAD / HTTP/1.1" 301 0 "117.121.101.40" "-" - "curl/7.19.7 (x86_64-redhat-linux-gnu) libcurl/7.19.7 NSS/3.16.2.3 Basic ECC zlib/1.2.3 libidn/1.18 libssh2/1.4.2" "-" - - - 0.000
106.37.127.231 - - [10/Nov/2016:00:01:05 +0800] "GET /u/loading HTTP/1.1" 200 66 "www.imooc.com" "http://www.imooc.com/video/8199" - "Mozilla/5.0 (Windows NT 10.0; WOW64) AppleWebKit/537.36 (KHTML, like Gecko) Chrome/53.0.2785.104 Safari/537.36 Core/1.53.1708.400 QQBrowser/9.5.9635.400" "-" 10.100.136.65:80 200 0.923 0.923
10.100.0.1 - - [10/Nov/2016:00:01:05 +0800] "HEAD / HTTP/1.1" 301 0 "117.121.101.40" "-" - "curl/7.19.7 (x86_64-redhat-linux-gnu) libcurl/7.19.7 NSS/3.16.2.3 Basic ECC zlib/1.2.3 libidn/1.18 libssh2/1.4.2" "-" - - - 0.000
222.131.22.52 - - [10/Nov/2016:00:01:05 +0800] "POST /course/ajaxusermediasstatus?cid=124 HTTP/1.1" 200 1482 "www.imooc.com" "http://www.imooc.com/learn/124" - "Mozilla/5.0 (Windows NT 10.0; WOW64) AppleWebKit/537.36 (KHTML, like Gecko) Chrome/45.0.2454.101 Safari/537.36" "-" 10.100.136.64:80 200 0.174 0.174
115.193.172.253 - - [10/Nov/2016:00:01:05 +0800] "GET /wenda/ajaxcourserecommends?id=161 HTTP/1.1" 200 945 "www.imooc.com" "http://www.imooc.com/video/3078" - "Mozilla/5.0 (Windows NT 6.1; WOW64) AppleWebKit/537.36 (KHTML, like Gecko) Chrome/53.0.2785.104 Safari/537.36 Core/1.53.1708.400 QQBrowser/9.5.9635.400" "-" 10.100.134.244:80 200 0.120 0.120
111.37.0.125 - - [10/Nov/2016:00:01:05 +0800] "POST /socket.io/1/ HTTP/1.1" 200 94 "chat.mukewang.com" "-" - "android-websockets-2.0" "-" 10.100.15.239:80 200 0.003 0.003
10.100.0.1 - - [10/Nov/2016:00:01:05 +0800] "HEAD / HTTP/1.1" 301 0 "117.121.101.40" "-" - "curl/7.19.7 (x86_64-redhat-linux-gnu) libcurl/7.19.7 NSS/3.16.2.3 Basic ECC zlib/1.2.3 libidn/1.18 libssh2/1.4.2" "-" - - - 0.000
171.212.136.239 - - [10/Nov/2016:00:01:05 +0800] "POST /course/ajaxmediauser HTTP/1.1" 200 68 "www.imooc.com" "http://www.imooc.com/code/3501" mid=3501&time=60 "Mozilla/5.0 (X11; Linux x86_64) AppleWebKit/537.36 (KHTML, like Gecko) Chrome/54.0.2840.90 Safari/537.36" "-" 10.100.136.65:80 200 0.013 0.013
10.100.0.1 - - [10/Nov/2016:00:01:05 +0800] "HEAD / HTTP/1.1" 301 0 "117.121.101.40" "-" - "curl/7.19.7 (x86_64-redhat-linux-gnu) libcurl/7.19.7 NSS/3.16.2.3 Basic ECC zlib/1.2.3 libidn/1.18 libssh2/1.4.2" "-" - - - 0.000
112.65.57.88 - - [10/Nov/2016:00:01:05 +0800] "POST /course/ajaxmediauser/ HTTP/1.1" 200 54 "www.imooc.com" "http://www.imooc.com/video/9593" mid=9593&time=60.021000000007916&learn_time=1 "Mozilla/5.0 (Windows NT 6.1; WOW64) AppleWebKit/537.36 (KHTML, like Gecko) Chrome/50.0.2661.102 Safari/537.36" "-" 10.100.136.64:80 200 0.022 0.022
117.173.0.113 - - [10/Nov/2016:00:01:05 +0800] "GET /u/card HTTP/1.1" 200 348 "www.imooc.com" "http://www.imooc.com/video/8135" - "Mozilla/5.0 (Windows NT 10.0; WOW64; rv:49.0) Gecko/20100101 Firefox/49.0" "-" 10.100.134.244:80 200 0.085 0.085
10.100.0.1 - - [10/Nov/2016:00:01:05 +0800] "HEAD / HTTP/1.1" 301 0 "117.121.101.40" "-" - "curl/7.19.7 (x86_64-redhat-linux-gnu) libcurl/7.19.7 NSS/3.16.2.3 Basic ECC zlib/1.2.3 libidn/1.18 libssh2/1.4.2" "-" - - - 0.000
10.100.0.1 - - [10/Nov/2016:00:01:05 +0800] "GET / HTTP/1.1" 200 145626 "www.imooc.com" "-" - "Mozilla/5.0 (compatible; MSIE 10.0; Windows NT 6.1; Trident/6.0)" "-" 10.100.136.65:80 200 0.080 0.080
10.100.0.1 - - [10/Nov/2016:00:01:05 +0800] "HEAD / HTTP/1.1" 301 0 "117.121.101.40" "-" - "curl/7.19.7 (x86_64-redhat-linux-gnu) libcurl/7.19.7 NSS/3.16.2.3 Basic ECC zlib/1.2.3 libidn/1.18 libssh2/1.4.2" "-" - - - 0.000
122.143.27.41 - - [10/Nov/2016:00:01:05 +0800] "HEAD /favicon.ico HTTP/1.0" 404 0 "chat.mukewang.com" "-" - "-" "-" 10.100.15.239:80 404 0.002 0.002
10.100.0.1 - - [10/Nov/2016:00:01:05 +0800] "HEAD / HTTP/1.1" 301 0 "117.121.101.40" "-" - "curl/7.19.7 (x86_64-redhat-linux-gnu) libcurl/7.19.7 NSS/3.16.2.3 Basic ECC zlib/1.2.3 libidn/1.18 libssh2/1.4.2" "-" - - - 0.000
58.20.14.170 - - [10/Nov/2016:00:01:05 +0800] "POST /course/ajaxmediauser/ HTTP/1.1" 200 67 "www.imooc.com" "http://www.imooc.com/video/5682" mid=5682&time=4.786000000000001&learn_time=234.4 "Mozilla/5.0 (Windows NT 6.1; WOW64) AppleWebKit/537.36 (KHTML, like Gecko) Chrome/53.0.2785.143 Safari/537.36" "-" 10.100.136.64:80 200 0.015 0.015
10.100.0.1 - - [10/Nov/2016:00:01:05 +0800] "HEAD / HTTP/1.1" 301 0 "117.121.101.40" "-" - "curl/7.19.7 (x86_64-redhat-linux-gnu) libcurl/7.19.7 NSS/3.16.2.3 Basic ECC zlib/1.2.3 libidn/1.18 libssh2/1.4.2" "-" - - - 0.000
113.139.190.95 - - [10/Nov/2016:00:01:05 +0800] "POST /course/ajaxmediauser/ HTTP/1.1" 200 67 "www.imooc.com" "http://www.imooc.com/video/9832" mid=9832&time=18.35499999999999&learn_time=245.9 "Mozilla/5.0 (Windows NT 10.0; WOW64) AppleWebKit/537.36 (KHTML, like Gecko) Chrome/53.0.2785.116 Safari/537.36" "-" 10.100.134.244:80 200 0.038 0.038
10.100.0.1 - - [10/Nov/2016:00:01:05 +0800] "HEAD / HTTP/1.1" 301 0 "117.121.101.40" "-" - "curl/7.19.7 (x86_64-redhat-linux-gnu) libcurl/7.19.7 NSS/3.16.2.3 Basic ECC zlib/1.2.3 libidn/1.18 libssh2/1.4.2" "-" - - - 0.000
123.57.117.73 - - [10/Nov/2016:00:01:05 +0800] "GET /5808ad12b3fee39f1b8b462f/L/324418f2deba64ec.ts HTTP/1.1" 304 0 "szv1.mukewang.com" "http://coding.imooc.com/lesson/71.html" - "Mozilla/5.0 (Macintosh; Intel Mac OS X 10_12_0) AppleWebKit/537.36 (KHTML, like Gecko) Chrome/54.0.2840.71 Safari/537.36" "221.223.105.73" 10.100.133.99:80 304 0.003 0.003
10.100.0.1 - - [10/Nov/2016:00:01:05 +0800] "HEAD / HTTP/1.1" 301 0 "117.121.101.40" "-" - "curl/7.19.7 (x86_64-redhat-linux-gnu) libcurl/7.19.7 NSS/3.16.2.3 Basic ECC zlib/1.2.3 libidn/1.18 libssh2/1.4.2" "-" - - - 0.000
119.122.183.89 - - [10/Nov/2016:00:01:05 +0800] "GET /video/3244 HTTP/1.1" 200 7226 "www.imooc.com" "http://www.imooc.com/video/3244" - "Mozilla/5.0 (X11; Linux x86_64) AppleWebKit/537.36 (KHTML, like Gecko) Ubuntu Chromium/53.0.2785.143 Chrome/53.0.2785.143 Safari/537.36" "-" 10.100.136.64:80 200 0.167 0.167
125.122.2.73 - - [10/Nov/2016:00:01:05 +0800] "POST /course/ajaxmediauser/ HTTP/1.1" 200 54 "www.imooc.com" "http://www.imooc.com/video/243" mid=243&time=60&learn_time=21.4 "Mozilla/5.0 (Windows NT 10.0; WOW64) AppleWebKit/537.36 (KHTML, like Gecko) Chrome/47.0.2526.80 Safari/537.36 Core/1.47.933.400 QQBrowser/9.4.8699.400" "-" 10.100.136.64:80 200 0.016 0.016
106.37.127.231 - - [10/Nov/2016:00:01:05 +0800] "POST /course/ajaxusermediasstatus?cid=424 HTTP/1.1" 200 306 "www.imooc.com" "http://www.imooc.com/video/8199" - "Mozilla/5.0 (Windows NT 10.0; WOW64) AppleWebKit/537.36 (KHTML, like Gecko) Chrome/53.0.2785.104 Safari/537.36 Core/1.53.1708.400 QQBrowser/9.5.9635.400" "-" 10.100.136.65:80 200 0.931 0.931
10.100.0.1 - - [10/Nov/2016:00:01:05 +0800] "HEAD / HTTP/1.1" 301 0 "117.121.101.40" "-" - "curl/7.19.7 (x86_64-redhat-linux-gnu) libcurl/7.19.7 NSS/3.16.2.3 Basic ECC zlib/1.2.3 libidn/1.18 libssh2/1.4.2" "-" - - - 0.000
10.100.0.1 - - [10/Nov/2016:00:01:05 +0800] "GET / HTTP/1.1" 200 145563 "www.imooc.com" "-" - "Mozilla/5.0 (compatible; MSIE 10.0; Windows NT 6.1; Trident/6.0)" "-" 10.100.136.65:80 200 0.080 0.080
222.131.22.52 - - [10/Nov/2016:00:01:05 +0800] "GET /course/ajaxplanrecom?cid=124 HTTP/1.1" 200 996 "www.imooc.com" "http://www.imooc.com/learn/124" - "Mozilla/5.0 (Windows NT 10.0; WOW64) AppleWebKit/537.36 (KHTML, like Gecko) Chrome/45.0.2454.101 Safari/537.36" "-" 10.100.136.64:80 200 0.327 0.327
10.100.0.1 - - [10/Nov/2016:00:01:05 +0800] "HEAD / HTTP/1.1" 301 0 "117.121.101.40" "-" - "curl/7.19.7 (x86_64-redhat-linux-gnu) libcurl/7.19.7 NSS/3.16.2.3 Basic ECC zlib/1.2.3 libidn/1.18 libssh2/1.4.2" "-" - - - 0.000
10.100.0.1 - - [10/Nov/2016:00:01:05 +0800] "HEAD / HTTP/1.1" 301 0 "117.121.101.40" "-" - "curl/7.19.7 (x86_64-redhat-linux-gnu) libcurl/7.19.7 NSS/3.16.2.3 Basic ECC zlib/1.2.3 libidn/1.18 libssh2/1.4.2" "-" - - - 0.000
10.100.0.1 - - [10/Nov/2016:00:01:05 +0800] "HEAD / HTTP/1.1" 301 0 "117.121.101.40" "-" - "curl/7.19.7 (x86_64-redhat-linux-gnu) libcurl/7.19.7 NSS/3.16.2.3 Basic ECC zlib/1.2.3 libidn/1.18 libssh2/1.4.2" "-" - - - 0.000
120.85.206.228 - - [10/Nov/2016:00:01:05 +0800] "POST /api3/getcpinfo_ver2 HTTP/1.1" 200 5094 "www.imooc.com" "-" cid=518&timestamp=1478707266083&uid=2950210&secrect=5e606326834600affb8941db2937423e&token=67245e8b6801df6a7ea80e8a937f0d46 "mukewang/5.0.0 (Android 6.0.1; HONOR KIW-UL00 Build/HONORKIW-UL00),Network WIFI" "-" 10.100.136.64:80 200 0.046 0.046
120.85.206.228 - - [10/Nov/2016:00:01:05 +0800] "POST /api3/getcourseinfor HTTP/1.1" 200 587 "www.imooc.com" "-" cid=518&timestamp=1478707266087&uid=2950210&secrect=5e606326834600affb8941db2937423e&token=33f886d61b84ed6e61d7ec0c7df224e8 "mukewang/5.0.0 (Android 6.0.1; HONOR KIW-UL00 Build/HONORKIW-UL00),Network WIFI" "-" 10.100.136.65:80 200 0.049 0.049
117.173.0.113 - - [10/Nov/2016:00:01:05 +0800] "GET /u/loading HTTP/1.1" 200 66 "www.imooc.com" "http://www.imooc.com/video/8135" - "Mozilla/5.0 (Windows NT 10.0; WOW64; rv:49.0) Gecko/20100101 Firefox/49.0" "-" 10.100.136.64:80 200 0.164 0.164
10.100.0.1 - - [10/Nov/2016:00:01:05 +0800] "HEAD / HTTP/1.1" 301 0 "117.121.101.40" "-" - "curl/7.19.7 (x86_64-redhat-linux-gnu) libcurl/7.19.7 NSS/3.16.2.3 Basic ECC zlib/1.2.3 libidn/1.18 libssh2/1.4.2" "-" - - - 0.000
115.193.172.253 - - [10/Nov/2016:00:01:05 +0800] "GET /article/ajaxcourserecommends?id=161 HTTP/1.1" 200 2345 "www.imooc.com" "http://www.imooc.com/video/3078" - "Mozilla/5.0 (Windows NT 6.1; WOW64) AppleWebKit/537.36 (KHTML, like Gecko) Chrome/53.0.2785.104 Safari/537.36 Core/1.53.1708.400 QQBrowser/9.5.9635.400" "-" 10.100.136.64:80 200 0.296 0.296
10.100.0.1 - - [10/Nov/2016:00:01:05 +0800] "HEAD / HTTP/1.1" 301 0 "117.121.101.40" "-" - "curl/7.19.7 (x86_64-redhat-linux-gnu) libcurl/7.19.7 NSS/3.16.2.3 Basic ECC zlib/1.2.3 libidn/1.18 libssh2/1.4.2" "-" - - - 0.000
110.184.240.39 - - [10/Nov/2016:00:01:05 +0800] "GET /code/2038 HTTP/1.1" 200 11197 "www.imooc.com" "http://www.imooc.com/code/2023" - "Mozilla/5.0 (Windows NT 6.1; WOW64) AppleWebKit/537.36 (KHTML, like Gecko) Chrome/52.0.2743.116 Safari/537.36" "-" 10.100.134.244:80 200 0.282 0.282
10.100.0.1 - - [10/Nov/2016:00:01:05 +0800] "HEAD / HTTP/1.1" 301 0 "117.121.101.40" "-" - "curl/7.19.7 (x86_64-redhat-linux-gnu) libcurl/7.19.7 NSS/3.16.2.3 Basic ECC zlib/1.2.3 libidn/1.18 libssh2/1.4.2" "-" - - - 0.000
10.100.0.1 - - [10/Nov/2016:00:01:05 +0800] "HEAD / HTTP/1.1" 301 0 "117.121.101.40" "-" - "curl/7.19.7 (x86_64-redhat-linux-gnu) libcurl/7.19.7 NSS/3.16.2.3 Basic ECC zlib/1.2.3 libidn/1.18 libssh2/1.4.2" "-" - - - 0.000
115.33.24.90 - - [10/Nov/2016:00:01:05 +0800] "POST /course/ajaxmediauser HTTP/1.1" 200 54 "www.imooc.com" "http://www.imooc.com/code/5150" mid=5150&time=60 "Mozilla/5.0 (X11; Ubuntu; Linux x86_64; rv:49.0) Gecko/20100101 Firefox/49.0" "-" 10.100.136.64:80 200 0.017 0.017
171.34.14.120 - - [10/Nov/2016:00:01:05 +0800] "GET /favicon.ico HTTP/1.1" 200 12118 "www.imooc.com" "-" - "Mozilla/5.0 (Windows NT 10.0; WOW64) AppleWebKit/537.36 (KHTML, like Gecko) Chrome/49.0.2623.22 Safari/537.36 SE 2.X MetaSr 1.0" "-" 10.100.136.65:80 200 0.002 0.002
10.100.0.1 - - [10/Nov/2016:00:01:05 +0800] "HEAD / HTTP/1.1" 301 0 "117.121.101.40" "-" - "curl/7.19.7 (x86_64-redhat-linux-gnu) libcurl/7.19.7 NSS/3.16.2.3 Basic ECC zlib/1.2.3 libidn/1.18 libssh2/1.4.2" "-" - - - 0.000
14.145.74.175 - - [10/Nov/2016:00:01:05 +0800] "POST /course/collectvideo HTTP/1.1" 200 72 "www.imooc.com" "http://www.imooc.com/video/678" renderingMode=0&bufferTime=0&videoFileName=http%3A%2F%2Fv2.mukewang.com%2F75526bd5-da44-4ce6-b3e6-a9421f65ce08%2FM.mp4%3Fauth_key%3D1478707373-0-0-f87b7cb5680a536ce6fc27a638a126f7&videoId=678&errorMsg=&currentHd=1&oldHd=NaN&type=4&fullscreen=0&cdn=v2.mukewang.com&source=1&currentSpeed=1.0+X&oldSpeed=&winWidth=1366&winHeight=768 "Mozilla/5.0 (Windows NT 6.1; WOW64) AppleWebKit/537.36 (KHTML, like Gecko) Chrome/45.0.2454.101 Safari/537.36" "-" 10.100.136.65:80 200 0.112 0.112
115.193.172.253 - - [10/Nov/2016:00:01:05 +0800] "POST /course/ajaxusermediasstatus?cid=161 HTTP/1.1" 200 221 "www.imooc.com" "http://www.imooc.com/video/3078" - "Mozilla/5.0 (Windows NT 6.1; WOW64) AppleWebKit/537.36 (KHTML, like Gecko) Chrome/53.0.2785.104 Safari/537.36 Core/1.53.1708.400 QQBrowser/9.5.9635.400" "-" 10.100.136.65:80 200 0.326 0.326
10.100.0.1 - - [10/Nov/2016:00:01:05 +0800] "HEAD / HTTP/1.1" 301 0 "117.121.101.40" "-" - "curl/7.19.7 (x86_64-redhat-linux-gnu) libcurl/7.19.7 NSS/3.16.2.3 Basic ECC zlib/1.2.3 libidn/1.18 libssh2/1.4.2" "-" - - - 0.000
183.1.200.240 - - [10/Nov/2016:00:01:05 +0800] "POST /api3/updateversion HTTP/1.1" 200 142 "www.imooc.com" "-" v_code=5010&v=5.0.1&secrect=edcdaf2b9cca583f81b7dd50ed4fb780&cid=0&plat_id=2&app_id=1&timestamp=1478707265581&uid=4113499&type=0&token=63aa3bf56465308806f78c83e8431e10 "mukewang/5.0.1 (Android 5.1.1; OPPO OPPO R7sPlus Build/LMY47V),Network WIFI" "-" 10.100.136.64:80 200 0.016 0.016
115.193.172.253 - - [10/Nov/2016:00:01:05 +0800] "GET /course/ajaxcourserecom?cid=161 HTTP/1.1" 200 4042 "www.imooc.com" "http://www.imooc.com/video/3078" - "Mozilla/5.0 (Windows NT 6.1; WOW64) AppleWebKit/537.36 (KHTML, like Gecko) Chrome/53.0.2785.104 Safari/537.36 Core/1.53.1708.400 QQBrowser/9.5.9635.400" "-" 10.100.136.64:80 200 0.316 0.316
153.34.100.102 - - [10/Nov/2016:00:01:05 +0800] "POST /api3/courselist_ver3 HTTP/1.1" 200 5698 "www.imooc.com" "-" cat_type=1&course_type=3&page=1&secrect=626635faa72c31ed3352ea17fec6bb31&timestamp=1478707265445&token=231be402dad3913d470e96721a11318b&uid=3880810 "mukewang/5.0.2 (iPhone; iOS 9.3.2; Scale/2.00)" "-" 10.100.136.65:80 200 0.126 0.126
10.100.0.1 - - [10/Nov/2016:00:01:05 +0800] "HEAD / HTTP/1.1" 301 0 "117.121.101.40" "-" - "curl/7.19.7 (x86_64-redhat-linux-gnu) libcurl/7.19.7 NSS/3.16.2.3 Basic ECC zlib/1.2.3 libidn/1.18 libssh2/1.4.2" "-" - - - 0.000
106.37.127.231 - - [10/Nov/2016:00:01:05 +0800] "GET /course/ajaxlastmediarecom?cid=424 HTTP/1.1" 200 3427 "www.imooc.com" "http://www.imooc.com/video/8199" - "Mozilla/5.0 (Windows NT 10.0; WOW64) AppleWebKit/537.36 (KHTML, like Gecko) Chrome/53.0.2785.104 Safari/537.36 Core/1.53.1708.400 QQBrowser/9.5.9635.400" "-" 10.100.136.64:80 200 1.066 1.066
122.206.190.75 - - [10/Nov/2016:00:01:05 +0800] "POST /course/ajaxmediauser/ HTTP/1.1" 200 54 "www.imooc.com" "http://www.imooc.com/video/7707" mid=7707&time=60.00799999999998&learn_time=68.6 "Mozilla/5.0 (Windows NT 6.1; WOW64) AppleWebKit/537.36 (KHTML, like Gecko) Chrome/45.0.2454.101 Safari/537.36" "-" 10.100.136.64:80 200 0.017 0.017
115.193.172.253 - - [10/Nov/2016:00:01:05 +0800] "GET /u/loading HTTP/1.1" 200 66 "www.imooc.com" "http://www.imooc.com/video/3078" - "Mozilla/5.0 (Windows NT 6.1; WOW64) AppleWebKit/537.36 (KHTML, like Gecko) Chrome/53.0.2785.104 Safari/537.36 Core/1.53.1708.400 QQBrowser/9.5.9635.400" "-" 10.100.136.64:80 200 0.467 0.467
10.100.0.1 - - [10/Nov/2016:00:01:05 +0800] "HEAD / HTTP/1.1" 301 0 "117.121.101.40" "-" - "curl/7.19.7 (x86_64-redhat-linux-gnu) libcurl/7.19.7 NSS/3.16.2.3 Basic ECC zlib/1.2.3 libidn/1.18 libssh2/1.4.2" "-" - - - 0.000
110.65.101.188 - - [10/Nov/2016:00:01:05 +0800] "POST /course/ajaxmediauser/ HTTP/1.1" 200 54 "www.imooc.com" "http://www.imooc.com/video/11786" mid=11786&time=60.001000000000204&learn_time=2.9 "Mozilla/5.0 (Windows NT 6.3; Win64; x64) AppleWebKit/537.36 (KHTML, like Gecko) Chrome/54.0.2840.59 Safari/537.36" "-" 10.100.136.65:80 200 0.019 0.019
222.131.22.52 - - [10/Nov/2016:00:01:05 +0800] "GET /course/ajaxcourselearn?cid=124 HTTP/1.1" 200 53 "www.imooc.com" "http://www.imooc.com/learn/124" - "Mozilla/5.0 (Windows NT 10.0; WOW64) AppleWebKit/537.36 (KHTML, like Gecko) Chrome/45.0.2454.101 Safari/537.36" "-" 10.100.136.65:80 200 0.473 0.473
10.100.0.1 - - [10/Nov/2016:00:01:05 +0800] "HEAD / HTTP/1.1" 301 0 "117.121.101.40" "-" - "curl/7.19.7 (x86_64-redhat-linux-gnu) libcurl/7.19.7 NSS/3.16.2.3 Basic ECC zlib/1.2.3 libidn/1.18 libssh2/1.4.2" "-" - - - 0.000
58.20.14.170 - - [10/Nov/2016:00:01:05 +0800] "GET /video/5683 HTTP/1.1" 200 6417 "www.imooc.com" "http://www.imooc.com/video/5682" - "Mozilla/5.0 (Windows NT 6.1; WOW64) AppleWebKit/537.36 (KHTML, like Gecko) Chrome/53.0.2785.143 Safari/537.36" "-" 10.100.136.64:80 200 0.156 0.156
10.100.0.1 - - [10/Nov/2016:00:01:05 +0800] "HEAD / HTTP/1.1" 301 0 "117.121.101.40" "-" - "curl/7.19.7 (x86_64-redhat-linux-gnu) libcurl/7.19.7 NSS/3.16.2.3 Basic ECC zlib/1.2.3 libidn/1.18 libssh2/1.4.2" "-" - - - 0.000
10.100.0.1 - - [10/Nov/2016:00:01:05 +0800] "HEAD / HTTP/1.1" 301 0 "117.121.101.40" "-" - "curl/7.19.7 (x86_64-redhat-linux-gnu) libcurl/7.19.7 NSS/3.16.2.3 Basic ECC zlib/1.2.3 libidn/1.18 libssh2/1.4.2" "-" - - - 0.000
10.100.0.1 - - [10/Nov/2016:00:01:05 +0800] "HEAD / HTTP/1.1" 301 0 "117.121.101.40" "-" - "curl/7.19.7 (x86_64-redhat-linux-gnu) libcurl/7.19.7 NSS/3.16.2.3 Basic ECC zlib/1.2.3 libidn/1.18 libssh2/1.4.2" "-" - - - 0.000
58.221.56.220 - - [10/Nov/2016:00:01:05 +0800] "HEAD /favicon.ico HTTP/1.0" 404 0 "chat.mukewang.com" "-" - "-" "-" 10.100.15.239:80 404 0.002 0.002
10.100.0.1 - - [10/Nov/2016:00:01:05 +0800] "HEAD / HTTP/1.1" 301 0 "117.121.101.40" "-" - "curl/7.19.7 (x86_64-redhat-linux-gnu) libcurl/7.19.7 NSS/3.16.2.3 Basic ECC zlib/1.2.3 libidn/1.18 libssh2/1.4.2" "-" - - - 0.000
117.144.180.73 - - [10/Nov/2016:00:01:05 +0800] "POST /socket.io/1/ HTTP/1.1" 200 94 "chat.mukewang.com" "-" - "android-websockets-2.0" "-" 10.100.15.239:80 200 0.003 0.003
183.1.200.240 - - [10/Nov/2016:00:01:05 +0800] "POST /api3/userinfo HTTP/1.1" 200 150 "www.imooc.com" "-" cid=0&timestamp=1478707265607&uid=4113499&secrect=edcdaf2b9cca583f81b7dd50ed4fb780&uuid=7af3d291d0663a5f6de09ef1d65d19bf&token=c04b81572371a3af634ad8b0b668bb07 "mukewang/5.0.1 (Android 5.1.1; OPPO OPPO R7sPlus Build/LMY47V),Network WIFI" "-" 10.100.134.244:80 200 0.080 0.080
223.104.10.122 - - [10/Nov/2016:00:01:05 +0800] "POST /api3/latest HTTP/1.1" 200 925 "www.imooc.com" "-" cid=0&timestamp=1478707264514&uid=4245392&secrect=405d2e2f0995420a934882023d9eb4c3&uuid=4e2dbe496185bf99b35bdd41268b2f67&token=757d73d65d53dec9ad95994225c097f1 "mukewang/5.0.0 (Android 5.0.2; Xiaomi Redmi Note 2 Build/LRX22G),Network 2G/3G" "-" 10.100.134.244:80 200 0.063 0.063
10.100.0.1 - - [10/Nov/2016:00:01:05 +0800] "HEAD / HTTP/1.1" 301 0 "117.121.101.40" "-" - "curl/7.19.7 (x86_64-redhat-linux-gnu) libcurl/7.19.7 NSS/3.16.2.3 Basic ECC zlib/1.2.3 libidn/1.18 libssh2/1.4.2" "-" - - - 0.000
10.100.0.1 - - [10/Nov/2016:00:01:05 +0800] "HEAD / HTTP/1.1" 301 0 "117.121.101.40" "-" - "curl/7.19.7 (x86_64-redhat-linux-gnu) libcurl/7.19.7 NSS/3.16.2.3 Basic ECC zlib/1.2.3 libidn/1.18 libssh2/1.4.2" "-" - - - 0.000
10.100.0.1 - - [10/Nov/2016:00:01:05 +0800] "HEAD / HTTP/1.1" 301 0 "117.121.101.40" "-" - "curl/7.19.7 (x86_64-redhat-linux-gnu) libcurl/7.19.7 NSS/3.16.2.3 Basic ECC zlib/1.2.3 libidn/1.18 libssh2/1.4.2" "-" - - - 0.000
10.100.0.1 - - [10/Nov/2016:00:01:05 +0800] "HEAD / HTTP/1.1" 301 0 "117.121.101.40" "-" - "curl/7.19.7 (x86_64-redhat-linux-gnu) libcurl/7.19.7 NSS/3.16.2.3 Basic ECC zlib/1.2.3 libidn/1.18 libssh2/1.4.2" "-" - - - 0.000
124.89.2.198 - - [10/Nov/2016:00:01:05 +0800] "POST /course/ajaxmediauser HTTP/1.1" 200 54 "www.imooc.com" "http://www.imooc.com/code/5303" mid=5303&time=60 "Mozilla/5.0 (Windows NT 10.0; Win64; x64) AppleWebKit/537.36 (KHTML, like Gecko) Chrome/51.0.2704.79 Safari/537.36 Edge/14.14393" "-" 10.100.136.65:80 200 0.017 0.018
183.1.200.240 - - [10/Nov/2016:00:01:05 +0800] "POST /api3/apprun HTTP/1.1" 200 103 "www.imooc.com" "-" osv=5.1.1&chan_id=10102002&secrect=edcdaf2b9cca583f81b7dd50ed4fb780&cid=0&app_id=1&timestamp=1478707265618&service_id=1&os=Android&screen_size=1080*1800&brand=OPPO%20OPPO%20R7sPlus&plat_id=2&uid=4113499&d_code=ffffffff-d658-d824-1b22-916911e5e16b&type=1&v_id=5.0.1&token=32f1e8cc694868a7246f61feed19651c "mukewang/5.0.1 (Android 5.1.1; OPPO OPPO R7sPlus Build/LMY47V),Network WIFI" "-" 10.100.134.244:80 200 0.075 0.075
1.194.187.2 - - [10/Nov/2016:00:01:05 +0800] "POST /course/ajaxmediauser/ HTTP/1.1" 200 54 "www.imooc.com" "http://www.imooc.com/video/2212" mid=2212&time=59.99900000000025&learn_time=439.1 "Mozilla/5.0 (Windows NT 10.0; WOW64) AppleWebKit/537.36 (KHTML, like Gecko) Chrome/45.0.2454.101 Safari/537.36" "-" 10.100.136.65:80 200 0.018 0.018
223.104.10.122 - - [10/Nov/2016:00:01:05 +0800] "POST /socket.io/1/ HTTP/1.1" 200 94 "chat.mukewang.com" "-" - "android-websockets-2.0" "-" 10.100.15.239:80 200 0.003 0.003
10.100.0.1 - - [10/Nov/2016:00:01:05 +0800] "HEAD / HTTP/1.1" 301 0 "117.121.101.40" "-" - "curl/7.19.7 (x86_64-redhat-linux-gnu) libcurl/7.19.7 NSS/3.16.2.3 Basic ECC zlib/1.2.3 libidn/1.18 libssh2/1.4.2" "-" - - - 0.000
119.124.164.57 - - [10/Nov/2016:00:01:05 +0800] "POST /course/ajaxmediauser/ HTTP/1.1" 200 54 "www.imooc.com" "http://www.imooc.com/video/4320" mid=4320&time=60.00200000000018&learn_time=3.9 "Mozilla/5.0 (Windows NT 6.3; WOW64) AppleWebKit/537.36 (KHTML, like Gecko) Chrome/45.0.2454.101 Safari/537.36" "-" 10.100.136.65:80 200 0.017 0.017
10.100.0.1 - - [10/Nov/2016:00:01:05 +0800] "HEAD / HTTP/1.1" 301 0 "117.121.101.40" "-" - "curl/7.19.7 (x86_64-redhat-linux-gnu) libcurl/7.19.7 NSS/3.16.2.3 Basic ECC zlib/1.2.3 libidn/1.18 libssh2/1.4.2" "-" - - - 0.000
10.100.0.1 - - [10/Nov/2016:00:01:05 +0800] "GET / HTTP/1.1" 200 145540 "www.imooc.com" "-" - "Mozilla/5.0 (compatible; MSIE 10.0; Windows NT 6.1; Trident/6.0)" "-" 10.100.136.65:80 200 0.074 0.074
106.37.127.231 - - [10/Nov/2016:00:01:05 +0800] "GET /course/ajaxcourserecom?cid=424 HTTP/1.1" 200 3280 "www.imooc.com" "http://www.imooc.com/video/8199" - "Mozilla/5.0 (Windows NT 10.0; WOW64) AppleWebKit/537.36 (KHTML, like Gecko) Chrome/53.0.2785.104 Safari/537.36 Core/1.53.1708.400 QQBrowser/9.5.9635.400" "-" 10.100.134.244:80 200 1.226 1.226
183.49.87.219 - - [10/Nov/2016:00:01:05 +0800] "POST /socket.io/1/ HTTP/1.1" 200 94 "chat.mukewang.com" "-" - "android-websockets-2.0" "-" 10.100.15.239:80 200 0.003 0.003
10.100.0.1 - - [10/Nov/2016:00:01:05 +0800] "HEAD / HTTP/1.1" 301 0 "117.121.101.40" "-" - "curl/7.19.7 (x86_64-redhat-linux-gnu) libcurl/7.19.7 NSS/3.16.2.3 Basic ECC zlib/1.2.3 libidn/1.18 libssh2/1.4.2" "-" - - - 0.000
222.131.22.52 - - [10/Nov/2016:00:01:05 +0800] "GET /course/ajaxcourserecom?cid=124 HTTP/1.1" 200 4186 "www.imooc.com" "http://www.imooc.com/learn/124" - "Mozilla/5.0 (Windows NT 10.0; WOW64) AppleWebKit/537.36 (KHTML, like Gecko) Chrome/45.0.2454.101 Safari/537.36" "-" 10.100.136.65:80 200 0.620 0.620
10.100.0.1 - - [10/Nov/2016:00:01:05 +0800] "HEAD / HTTP/1.1" 301 0 "117.121.101.40" "-" - "curl/7.19.7 (x86_64-redhat-linux-gnu) libcurl/7.19.7 NSS/3.16.2.3 Basic ECC zlib/1.2.3 libidn/1.18 libssh2/1.4.2" "-" - - - 0.000
10.100.0.1 - - [10/Nov/2016:00:01:05 +0800] "HEAD / HTTP/1.1" 301 0 "117.121.101.40" "-" - "curl/7.19.7 (x86_64-redhat-linux-gnu) libcurl/7.19.7 NSS/3.16.2.3 Basic ECC zlib/1.2.3 libidn/1.18 libssh2/1.4.2" "-" - - - 0.000
10.100.0.1 - - [10/Nov/2016:00:01:05 +0800] "HEAD / HTTP/1.1" 301 0 "117.121.101.40" "-" - "curl/7.19.7 (x86_64-redhat-linux-gnu) libcurl/7.19.7 NSS/3.16.2.3 Basic ECC zlib/1.2.3 libidn/1.18 libssh2/1.4.2" "-" - - - 0.000
10.100.0.1 - - [10/Nov/2016:00:01:05 +0800] "HEAD / HTTP/1.1" 301 0 "117.121.101.40" "-" - "curl/7.19.7 (x86_64-redhat-linux-gnu) libcurl/7.19.7 NSS/3.16.2.3 Basic ECC zlib/1.2.3 libidn/1.18 libssh2/1.4.2" "-" - - - 0.000
10.100.0.1 - - [10/Nov/2016:00:01:05 +0800] "HEAD / HTTP/1.1" 301 0 "117.121.101.40" "-" - "curl/7.19.7 (x86_64-redhat-linux-gnu) libcurl/7.19.7 NSS/3.16.2.3 Basic ECC zlib/1.2.3 libidn/1.18 libssh2/1.4.2" "-" - - - 0.000
120.85.206.228 - - [10/Nov/2016:00:01:05 +0800] "POST /api3/getcourseintro HTTP/1.1" 200 2733 "www.imooc.com" "-" cid=518&timestamp=1478707266430&uid=2950210&secrect=5e606326834600affb8941db2937423e&token=a03d9fad2ae33e91622bf1bcc3329806 "mukewang/5.0.0 (Android 6.0.1; HONOR KIW-UL00 Build/HONORKIW-UL00),Network WIFI" "-" 10.100.134.244:80 200 0.016 0.016
10.100.0.1 - - [10/Nov/2016:00:01:05 +0800] "HEAD / HTTP/1.1" 301 0 "117.121.101.40" "-" - "curl/7.19.7 (x86_64-redhat-linux-gnu) libcurl/7.19.7 NSS/3.16.2.3 Basic ECC zlib/1.2.3 libidn/1.18 libssh2/1.4.2" "-" - - - 0.000
120.85.206.228 - - [10/Nov/2016:00:01:05 +0800] "POST /api3/programcontact HTTP/1.1" 200 115 "www.imooc.com" "-" cid=518&timestamp=1478707266439&uid=2950210&secrect=5e606326834600affb8941db2937423e&token=a1ca8428a52b6c7bb9e010c7308613d7 "mukewang/5.0.0 (Android 6.0.1; HONOR KIW-UL00 Build/HONORKIW-UL00),Network WIFI" "-" 10.100.136.65:80 200 0.020 0.020
58.20.14.170 - - [10/Nov/2016:00:01:05 +0800] "GET /visitlog/index/user?v=1478707267522 HTTP/1.1" 200 2957 "www.imooc.com" "http://www.imooc.com/video/5683" - "Mozilla/5.0 (Windows NT 6.1; WOW64) AppleWebKit/537.36 (KHTML, like Gecko) Chrome/53.0.2785.143 Safari/537.36" "-" 10.100.136.64:80 200 0.009 0.009
183.1.200.240 - - [10/Nov/2016:00:01:05 +0800] "POST /api3/userallinfo HTTP/1.1" 200 626 "www.imooc.com" "-" cid=0&timestamp=1478707265770&uid=4113499&secrect=edcdaf2b9cca583f81b7dd50ed4fb780&uuid=7af3d291d0663a5f6de09ef1d65d19bf&token=cea29a162746ed7e72e87d0ea24bcc73 "mukewang/5.0.1 (Android 5.1.1; OPPO OPPO R7sPlus Build/LMY47V),Network WIFI" "-" 10.100.136.64:80 200 0.083 0.083
10.100.0.1 - - [10/Nov/2016:00:01:05 +0800] "HEAD / HTTP/1.1" 301 0 "117.121.101.40" "-" - "curl/7.19.7 (x86_64-redhat-linux-gnu) libcurl/7.19.7 NSS/3.16.2.3 Basic ECC zlib/1.2.3 libidn/1.18 libssh2/1.4.2" "-" - - - 0.000
183.1.200.240 - - [10/Nov/2016:00:01:05 +0800] "POST /api3/getadv HTTP/1.1" 200 813 "www.imooc.com" "-" cid=0&timestamp=1478707265832&uid=4113499&marking=androidbanner&secrect=edcdaf2b9cca583f81b7dd50ed4fb780&token=c0d278e881934e152a577034165283e0 "mukewang/5.0.1 (Android 5.1.1; OPPO OPPO R7sPlus Build/LMY47V),Network WIFI" "-" 10.100.136.64:80 200 0.018 0.018
223.72.89.88 - - [10/Nov/2016:00:01:05 +0800] "POST /course/ajaxmediauser/ HTTP/1.1" 200 67 "www.imooc.com" "http://www.imooc.com/video/2139" mid=2139&time=59.93299999999908&learn_time=228.6 "Mozilla/5.0 (Macintosh; Intel Mac OS X 10_11_6) AppleWebKit/537.36 (KHTML, like Gecko) Chrome/54.0.2840.87 Safari/537.36" "-" 10.100.136.65:80 200 0.016 0.016
120.85.206.228 - - [10/Nov/2016:00:01:05 +0800] "POST /api3/getrelevantcourse HTTP/1.1" 200 831 "www.imooc.com" "-" cid=518&timestamp=1478707266435&uid=2950210&secrect=5e606326834600affb8941db2937423e&token=9776e9705a3869eea55e28941c87567d "mukewang/5.0.0 (Android 6.0.1; HONOR KIW-UL00 Build/HONORKIW-UL00),Network WIFI" "-" 10.100.136.65:80 200 0.040 0.040
220.181.108.121 - - [10/Nov/2016:00:01:05 +0800] "GET /u/2906547/course/483/codes HTTP/1.1" 200 6346 "m.imooc.com" "-" - "Mozilla/5.0 (compatible; Baiduspider/2.0; +http://www.baidu.com/search/spider.html)" "-" 10.100.136.64:80 200 0.117 0.131
10.100.0.1 - - [10/Nov/2016:00:01:05 +0800] "HEAD / HTTP/1.1" 301 0 "117.121.101.40" "-" - "curl/7.19.7 (x86_64-redhat-linux-gnu) libcurl/7.19.7 NSS/3.16.2.3 Basic ECC zlib/1.2.3 libidn/1.18 libssh2/1.4.2" "-" - - - 0.000
117.173.0.113 - - [10/Nov/2016:00:01:05 +0800] "GET /wenda/ajaxcourserecommends?id=405 HTTP/1.1" 200 1161 "www.imooc.com" "http://www.imooc.com/video/8135" - "Mozilla/5.0 (Windows NT 10.0; WOW64; rv:49.0) Gecko/20100101 Firefox/49.0" "-" 10.100.136.65:80 200 0.229 0.229
10.100.0.1 - - [10/Nov/2016:00:01:06 +0800] "HEAD / HTTP/1.1" 301 0 "117.121.101.40" "-" - "curl/7.19.7 (x86_64-redhat-linux-gnu) libcurl/7.19.7 NSS/3.16.2.3 Basic ECC zlib/1.2.3 libidn/1.18 libssh2/1.4.2" "-" - - - 0.000
10.100.0.1 - - [10/Nov/2016:00:01:06 +0800] "HEAD / HTTP/1.1" 301 0 "117.121.101.40" "-" - "curl/7.19.7 (x86_64-redhat-linux-gnu) libcurl/7.19.7 NSS/3.16.2.3 Basic ECC zlib/1.2.3 libidn/1.18 libssh2/1.4.2" "-" - - - 0.000
115.193.172.253 - - [10/Nov/2016:00:01:06 +0800] "GET /course/getcomment?mid=3078&page=1&r=0.758613171816293 HTTP/1.1" 200 1801 "www.imooc.com" "http://www.imooc.com/video/3078" - "Mozilla/5.0 (Windows NT 6.1; WOW64) AppleWebKit/537.36 (KHTML, like Gecko) Chrome/53.0.2785.104 Safari/537.36 Core/1.53.1708.400 QQBrowser/9.5.9635.400" "-" 10.100.136.65:80 200 0.637 0.637
10.100.0.1 - - [10/Nov/2016:00:01:06 +0800] "HEAD / HTTP/1.1" 301 0 "117.121.101.40" "-" - "curl/7.19.7 (x86_64-redhat-linux-gnu) libcurl/7.19.7 NSS/3.16.2.3 Basic ECC zlib/1.2.3 libidn/1.18 libssh2/1.4.2" "-" - - - 0.000
182.85.221.106 - - [10/Nov/2016:00:01:06 +0800] "POST /course/ajaxmediauser HTTP/1.1" 200 67 "www.imooc.com" "http://www.imooc.com/code/2986" mid=2986&time=60 "Mozilla/5.0 (Windows NT 6.1; WOW64) AppleWebKit/537.36 (KHTML, like Gecko) Chrome/45.0.2454.101 Safari/537.36" "-" 10.100.134.244:80 200 0.021 0.021
58.243.254.80 - - [10/Nov/2016:00:01:06 +0800] "POST /api3/latest HTTP/1.1" 200 941 "www.imooc.com" "-" cid=0&timestamp=1478707264944&uid=4208498&secrect=67a779faee54d65e384f48b699271de2&uuid=cd4ae5087f66f78696af902e58ff287c&token=38fc91a35c2330559f17395341f789cb "mukewang/5.0.0 (Android 5.0.2; ramos ramos MOS 1 Build/LRX22G),Network 2G/3G" "-" 10.100.134.244:80 200 0.062 0.062
10.100.0.1 - - [10/Nov/2016:00:01:06 +0800] "HEAD / HTTP/1.1" 301 0 "117.121.101.40" "-" - "curl/7.19.7 (x86_64-redhat-linux-gnu) libcurl/7.19.7 NSS/3.16.2.3 Basic ECC zlib/1.2.3 libidn/1.18 libssh2/1.4.2" "-" - - - 0.000
10.100.0.1 - - [10/Nov/2016:00:01:06 +0800] "HEAD / HTTP/1.1" 301 0 "117.121.101.40" "-" - "curl/7.19.7 (x86_64-redhat-linux-gnu) libcurl/7.19.7 NSS/3.16.2.3 Basic ECC zlib/1.2.3 libidn/1.18 libssh2/1.4.2" "-" - - - 0.000
140.206.89.72 - - [10/Nov/2016:00:01:06 +0800] "POST /api3/courselist_ver3 HTTP/1.1" 200 115 "www.imooc.com" "-" cid=0&cat_type=1359&timestamp=1478707264705&uid=4093111&course_type=1&page=2&secrect=1e0f574b7d95d423d12adb5c5d0ccfe0&token=3ec99359611714d45354434d081e5996 "mukewang/5.0.1 (Android 6.0; HUAWEI VIE-AL10 Build/HUAWEIVIE-AL10),Network 2G/3G" "-" 10.100.136.64:80 200 0.025 0.025
