10.100.0.1 - - [10/Nov/2016:00:01:07 +0800] "HEAD / HTTP/1.1" 301 0 "117.121.101.40" "-" - "curl/7.19.7 (x86_64-redhat-linux-gnu) libcurl/7.19.7 NSS/3.16.2.3 Basic ECC zlib/1.2.3 libidn/1.18 libssh2/1.4.2" "-" - - - 0.000
110.184.240.39 - - [10/Nov/2016:00:01:07 +0800] "GET /course/mynote?mid=2038&page=1&r=0.37058494492539484 HTTP/1.1" 200 19788 "www.imooc.com" "http://www.imooc.com/code/2038" - "Mozilla/5.0 (Windows NT 6.1; WOW64) AppleWebKit/537.36 (KHTML, like Gecko) Chrome/52.0.2743.116 Safari/537.36" "-" 10.100.134.244:80 200 0.103 0.103
171.34.14.120 - - [10/Nov/2016:00:01:07 +0800] "GET /static/lib/layer/1.6.0/skin/layer.css HTTP/1.1" 200 1625 "www.imooc.com" "http://www.imooc.com/qadetail/60869" - "Mozilla/5.0 (Windows NT 10.0; WOW64) AppleWebKit/537.36 (KHTML, like Gecko) Chrome/49.0.2623.22 Safari/537.36 SE 2.X MetaSr 1.0" "-" 10.100.136.64:80 200 0.003 0.003
10.100.0.1 - - [10/Nov/2016:00:01:07 +0800] "HEAD / HTTP/1.1" 301 0 "117.121.101.40" "-" - "curl/7.19.7 (x86_64-redhat-linux-gnu) libcurl/7.19.7 NSS/3.16.2.3 Basic ECC zlib/1.2.3 libidn/1.18 libssh2/1.4.2" "-" - - - 0.000
10.100.0.1 - - [10/Nov/2016:00:01:07 +0800] "HEAD / HTTP/1.1" 301 0 "117.121.101.40" "-" - "curl/7.19.7 (x86_64-redhat-linux-gnu) libcurl/7.19.7 NSS/3.16.2.3 Basic ECC zlib/1.2.3 libidn/1.18 libssh2/1.4.2" "-" - - - 0.000
101.200.101.218 - - [10/Nov/2016:00:01:07 +0800] "GET /md5/6dbdf817-e838-4bc1-86a6-df86a38d575d/H/9e2deaceb1db4593.ts HTTP/1.1" 304 0 "szv1.mukewang.com" "http://coding.imooc.com/lesson/51.html" - "Mozilla/5.0 (Windows NT 10.0; Win64; x64) AppleWebKit/537.36 (KHTML, like Gecko) Chrome/54.0.2840.71 Safari/537.36" "113.68.32.128" 10.100.133.99:80 304 0.003 0.003
10.100.0.1 - - [10/Nov/2016:00:01:07 +0800] "HEAD / HTTP/1.1" 301 0 "117.121.101.40" "-" - "curl/7.19.7 (x86_64-redhat-linux-gnu) libcurl/7.19.7 NSS/3.16.2.3 Basic ECC zlib/1.2.3 libidn/1.18 libssh2/1.4.2" "-" - - - 0.000
10.100.0.1 - - [10/Nov/2016:00:01:07 +0800] "HEAD / HTTP/1.1" 301 0 "117.121.101.40" "-" - "curl/7.19.7 (x86_64-redhat-linux-gnu) libcurl/7.19.7 NSS/3.16.2.3 Basic ECC zlib/1.2.3 libidn/1.18 libssh2/1.4.2" "-" - - - 0.000
10.100.0.1 - - [10/Nov/2016:00:01:07 +0800] "HEAD / HTTP/1.1" 301 0 "117.121.101.40" "-" - "curl/7.19.7 (x86_64-redhat-linux-gnu) libcurl/7.19.7 NSS/3.16.2.3 Basic ECC zlib/1.2.3 libidn/1.18 libssh2/1.4.2" "-" - - - 0.000
10.100.0.1 - - [10/Nov/2016:00:01:07 +0800] "HEAD / HTTP/1.1" 301 0 "117.121.101.40" "-" - "curl/7.19.7 (x86_64-redhat-linux-gnu) libcurl/7.19.7 NSS/3.16.2.3 Basic ECC zlib/1.2.3 libidn/1.18 libssh2/1.4.2" "-" - - - 0.000
222.18.127.74 - - [10/Nov/2016:00:01:07 +0800] "POST /api3/getloading HTTP/1.1" 200 169 "www.imooc.com" "-" timestamp=1478707267160&uid=1176739&platform=2&secrect=80c951fcb74d488bd16816dd9b1e1896&height=1280&cid=0&width=720&token=247edeab16b2d7b8e651145bb396b4c4 "mukewang/5.0.0 (Android 4.4.2; Xiaomi 2014501 Build/KOT49H),Network WIFI" "-" 10.100.136.65:80 200 0.015 0.016
120.198.231.152 - - [10/Nov/2016:00:01:07 +0800] "POST /course/codesubmit HTTP/1.1" 200 87 "www.imooc.com" "http://www.imooc.com/code/6365" cid=9&mid=6365&eid=6365&lang=Javascript&file=&files%5B0%5D%5Bfilename%5D=index.html&files%5B0%5D%5Blang%5D=html&files%5B0%5D%5Bcontent%5D=%3C!DOCTYPE+HTML%3E%0A%3Chtml%3E%0A%3Chead%3E%0A%3Cmeta+charset%3D%22utf-8%22%3E%0A%3Ctitle%3E%E4%B8%8D%E5%AE%9A%E5%AE%BD%E5%9D%97%E7%8A%B6%E5%85%83%E7%B4%A0%E6%B0%B4%E5%B9%B3%E5%B1%85%E4%B8%AD%3C%2Ftitle%3E%0A%3Cstyle%3E%0A.container%7B%0A++++float%3Aleft%3B%0A%09position%3Arelative%3B%0A%09left%3A50%25%0A%7D%0A%0A.container+ul%7B%0A%09list-style%3Anone%3B%0A%09margin%3A0%3B%0A%09padding%3A0%3B%0A%09%0A%09position%3Arelative%3B%0A%09left%3A-50%25%3B%0A%7D%0A.container+li%7Bfloat%3Aleft%3Bdisplay%3Ainline%3Bmargin-right%3A8px%3B%7D%0A%0A%0A%2F*%E4%B8%8B%E9%9D%A2%E6%98%AF%E4%BB%A3%E7%A0%81%E4%BB%BB%E5%8A%A1%E5%8C%BA*%2F%0A%0A.wrap-center%7B%0A++++background%3A%23ccc%3B%0A++++position%3Arelative%3B%0A++++left%3A50%25%3B%0A++++float%3Aleft%3B%0A%7D%0A%3C%2Fstyle%3E%0A%3C%2Fhead%3E%0A%0A%3Cbody%3E%0A%3Cdiv+class%3D%22container%22%3E%0A%09%3Cul%3E%0A++++%09%3Cli%3E%3Ca+href%3D%22%23%22%3E1%3C%2Fa%3E%3C%2Fli%3E%0A++++++++%3Cli%3E%3Ca+href%3D%22%23%22%3E2%3C%2Fa%3E%3C%2Fli%3E%0A++++++++%3Cli%3E%3Ca+href%3D%22%23%22%3E3%3C%2Fa%3E%3C%2Fli%3E%0A++++%3C%2Ful%3E%0A%3C%2Fdiv%3E%0A%0A%3C!--%E4%B8%8B%E9%9D%A2%E6%98%AF%E4%BB%A3%E7%A0%81%E4%BB%BB%E5%8A%A1%E5%8C%BA--%3E%0A%3Cdiv+class%3D%22wrap%22%3E%0A++++%3Cdiv+class%3D%22wrap-center%22%3E%E6%88%91%E4%BB%AC%E6%9D%A5%E5%AD%A6%E4%B9%A0%E4%B8%80%E4%B8%8B%E8%BF%99%E7%A7%8D%E6%96%B9%E6%B3%95%E3%80%82%3C%2Fdiv%3E%0A%3C%2Fdiv%3E%0A%3C%2Fbody%3E%0A%3C%2Fhtml%3E "Mozilla/5.0 (Windows NT 6.1) AppleWebKit/537.36 (KHTML, like Gecko) Chrome/49.0.2623.110 Safari/537.36" "-" 10.100.136.64:80 200 0.255 0.255
10.100.0.1 - - [10/Nov/2016:00:01:07 +0800] "HEAD / HTTP/1.1" 301 0 "117.121.101.40" "-" - "curl/7.19.7 (x86_64-redhat-linux-gnu) libcurl/7.19.7 NSS/3.16.2.3 Basic ECC zlib/1.2.3 libidn/1.18 libssh2/1.4.2" "-" - - - 0.000
10.100.0.1 - - [10/Nov/2016:00:01:07 +0800] "HEAD / HTTP/1.1" 301 0 "117.121.101.40" "-" - "curl/7.19.7 (x86_64-redhat-linux-gnu) libcurl/7.19.7 NSS/3.16.2.3 Basic ECC zlib/1.2.3 libidn/1.18 libssh2/1.4.2" "-" - - - 0.000
111.162.163.241 - - [10/Nov/2016:00:01:07 +0800] "POST /api3/latest HTTP/1.1" 200 366 "www.imooc.com" "-" cid=0&timestamp=1478707266434&uid=3606078&secrect=a3cde2fd2aedf8841951ee4b4b10e688&uuid=3d436845d8aca0966d020db1c0bf6d7e&token=28cb01205a78e5cabf6e331e2c583ee0 "mukewang/5.0.0 (Android 5.0; samsung SM-N9008 Build/LRX21V),Network WIFI" "-" 10.100.136.65:80 200 0.065 0.065
42.243.125.117 - - [10/Nov/2016:00:01:07 +0800] "POST /course/ajaxmediauser/ HTTP/1.1" 200 54 "www.imooc.com" "http://www.imooc.com/video/8864" mid=8864&time=60.001000000000204&learn_time=18.6 "Mozilla/5.0 (Windows NT 10.0; WOW64; rv:49.0) Gecko/20100101 Firefox/49.0" "-" 10.100.136.64:80 200 0.017 0.018
10.100.0.1 - - [10/Nov/2016:00:01:07 +0800] "HEAD / HTTP/1.1" 301 0 "117.121.101.40" "-" - "curl/7.19.7 (x86_64-redhat-linux-gnu) libcurl/7.19.7 NSS/3.16.2.3 Basic ECC zlib/1.2.3 libidn/1.18 libssh2/1.4.2" "-" - - - 0.000
221.204.196.78 - - [10/Nov/2016:00:01:07 +0800] "GET /u/3854911/courses?page=4 HTTP/1.1" 200 8506 "www.imooc.com" "http://www.imooc.com/u/3854911/courses?page=4" - "Mozilla/5.0 (compatible; MSIE 9.0; Windows NT 6.1; Trident/5.0)" "-" 10.100.134.244:80 200 0.334 0.334
10.100.0.1 - - [10/Nov/2016:00:01:07 +0800] "HEAD / HTTP/1.1" 301 0 "117.121.101.40" "-" - "curl/7.19.7 (x86_64-redhat-linux-gnu) libcurl/7.19.7 NSS/3.16.2.3 Basic ECC zlib/1.2.3 libidn/1.18 libssh2/1.4.2" "-" - - - 0.000
223.104.31.75 - - [10/Nov/2016:00:01:07 +0800] "POST /socket.io/1/ HTTP/1.1" 200 94 "chat.mukewang.com" "-" - "android-websockets-2.0" "-" 10.100.15.239:80 200 0.007 0.007
117.151.41.145 - - [10/Nov/2016:00:01:07 +0800] "POST /socket.io/1/ HTTP/1.1" 200 94 "chat.mukewang.com" "-" - "android-websockets-2.0" "-" 10.100.15.239:80 200 0.003 0.003
10.100.0.1 - - [10/Nov/2016:00:01:07 +0800] "HEAD / HTTP/1.1" 301 0 "117.121.101.40" "-" - "curl/7.19.7 (x86_64-redhat-linux-gnu) libcurl/7.19.7 NSS/3.16.2.3 Basic ECC zlib/1.2.3 libidn/1.18 libssh2/1.4.2" "-" - - - 0.000
10.100.0.1 - - [10/Nov/2016:00:01:07 +0800] "HEAD / HTTP/1.1" 301 0 "117.121.101.40" "-" - "curl/7.19.7 (x86_64-redhat-linux-gnu) libcurl/7.19.7 NSS/3.16.2.3 Basic ECC zlib/1.2.3 libidn/1.18 libssh2/1.4.2" "-" - - - 0.000
110.184.240.39 - - [10/Nov/2016:00:01:07 +0800] "GET /u/card HTTP/1.1" 200 332 "www.imooc.com" "http://www.imooc.com/code/2038" - "Mozilla/5.0 (Windows NT 6.1; WOW64) AppleWebKit/537.36 (KHTML, like Gecko) Chrome/52.0.2743.116 Safari/537.36" "-" 10.100.136.64:80 200 0.220 0.220
120.39.57.206 - - [10/Nov/2016:00:01:07 +0800] "GET /watch/websocket/?EIO=3&transport=websocket HTTP/1.1" 400 45 "ide.ws.imooc.io" "-" - "Mozilla/5.0 (Windows NT 6.1; WOW64) AppleWebKit/537.36 (KHTML, like Gecko) Chrome/50.0.2661.102 Safari/537.36" "-" 10.100.135.254:30800 400 0.004 0.004
120.236.154.194 - - [10/Nov/2016:00:01:07 +0800] "POST /course/ajaxmediauser HTTP/1.1" 200 54 "www.imooc.com" "http://www.imooc.com/code/2096" mid=2096&time=60 "Mozilla/5.0 (Windows NT 6.1; WOW64) AppleWebKit/537.36 (KHTML, like Gecko) Chrome/49.0.2623.110 Safari/537.36" "-" 10.100.136.65:80 200 0.017 0.017
10.100.0.1 - - [10/Nov/2016:00:01:07 +0800] "HEAD / HTTP/1.1" 301 0 "117.121.101.40" "-" - "curl/7.19.7 (x86_64-redhat-linux-gnu) libcurl/7.19.7 NSS/3.16.2.3 Basic ECC zlib/1.2.3 libidn/1.18 libssh2/1.4.2" "-" - - - 0.000
10.100.0.1 - - [10/Nov/2016:00:01:07 +0800] "HEAD / HTTP/1.1" 301 0 "117.121.101.40" "-" - "curl/7.19.7 (x86_64-redhat-linux-gnu) libcurl/7.19.7 NSS/3.16.2.3 Basic ECC zlib/1.2.3 libidn/1.18 libssh2/1.4.2" "-" - - - 0.000
120.197.199.74 - - [10/Nov/2016:00:01:07 +0800] "GET /static/img/home/yjs.png HTTP/1.1" 200 50327 "www.imooc.com" "http://www.imooc.com/" - "Mozilla/5.0 (Windows NT 10.0; Win64; x64) AppleWebKit/537.36 (KHTML, like Gecko) Chrome/51.0.2704.79 Safari/537.36 Edge/14.14393" "-" 10.100.136.64:80 200 0.002 0.002
10.100.0.1 - - [10/Nov/2016:00:01:07 +0800] "HEAD / HTTP/1.1" 301 0 "117.121.101.40" "-" - "curl/7.19.7 (x86_64-redhat-linux-gnu) libcurl/7.19.7 NSS/3.16.2.3 Basic ECC zlib/1.2.3 libidn/1.18 libssh2/1.4.2" "-" - - - 0.000
171.34.14.120 - - [10/Nov/2016:00:01:07 +0800] "GET /passport/static/scripts/ssologin.js?v=2.0 HTTP/1.1" 200 16756 "www.imooc.com" "http://www.imooc.com/qadetail/60869" - "Mozilla/5.0 (Windows NT 10.0; WOW64) AppleWebKit/537.36 (KHTML, like Gecko) Chrome/49.0.2623.22 Safari/537.36 SE 2.X MetaSr 1.0" "-" 10.100.134.244:80 200 0.008 0.008
171.34.14.120 - - [10/Nov/2016:00:01:07 +0800] "GET /static/sea-modules/seajs/seajs/2.1.1/sea.js HTTP/1.1" 200 6365 "www.imooc.com" "http://www.imooc.com/qadetail/60869" - "Mozilla/5.0 (Windows NT 10.0; WOW64) AppleWebKit/537.36 (KHTML, like Gecko) Chrome/49.0.2623.22 Safari/537.36 SE 2.X MetaSr 1.0" "-" 10.100.136.64:80 200 0.002 0.002
10.100.0.1 - - [10/Nov/2016:00:01:07 +0800] "HEAD / HTTP/1.1" 301 0 "117.121.101.40" "-" - "curl/7.19.7 (x86_64-redhat-linux-gnu) libcurl/7.19.7 NSS/3.16.2.3 Basic ECC zlib/1.2.3 libidn/1.18 libssh2/1.4.2" "-" - - - 0.000
10.100.0.1 - - [10/Nov/2016:00:01:07 +0800] "HEAD / HTTP/1.1" 301 0 "117.121.101.40" "-" - "curl/7.19.7 (x86_64-redhat-linux-gnu) libcurl/7.19.7 NSS/3.16.2.3 Basic ECC zlib/1.2.3 libidn/1.18 libssh2/1.4.2" "-" - - - 0.000
10.100.0.1 - - [10/Nov/2016:00:01:07 +0800] "HEAD / HTTP/1.1" 301 0 "117.121.101.40" "-" - "curl/7.19.7 (x86_64-redhat-linux-gnu) libcurl/7.19.7 NSS/3.16.2.3 Basic ECC zlib/1.2.3 libidn/1.18 libssh2/1.4.2" "-" - - - 0.000
117.173.0.113 - - [10/Nov/2016:00:01:07 +0800] "GET /course/ajaxplanrecom?cid=405 HTTP/1.1" 200 572 "www.imooc.com" "http://www.imooc.com/video/8135" - "Mozilla/5.0 (Windows NT 10.0; WOW64; rv:49.0) Gecko/20100101 Firefox/49.0" "-" 10.100.134.244:80 200 1.552 1.552
110.184.240.39 - - [10/Nov/2016:00:01:07 +0800] "GET /course/ajaxplanrecom?cid=9 HTTP/1.1" 200 1482 "www.imooc.com" "http://www.imooc.com/code/2038" - "Mozilla/5.0 (Windows NT 6.1; WOW64) AppleWebKit/537.36 (KHTML, like Gecko) Chrome/52.0.2743.116 Safari/537.36" "-" 10.100.136.65:80 200 0.172 0.172
219.137.118.189 - - [10/Nov/2016:00:01:07 +0800] "POST /course/codesubmit HTTP/1.1" 200 142 "www.imooc.com" "http://www.imooc.com/code/6070" cid=317&mid=6070&eid=6070&lang=PYTHON&file=317%2F6070%2FERt7%2Findex.py&files%5B0%5D%5Bfilename%5D=index.py&files%5B0%5D%5Blang%5D=python&files%5B0%5D%5Bcontent%5D=import+os%0A%0Aprint+os.path.isdir(r'%2Fdata%2Fwebroot%2Fresource%2Fpython')%0A "Mozilla/5.0 (Windows NT 6.1; WOW64) AppleWebKit/537.36 (KHTML, like Gecko) Chrome/46.0.2479.0 Safari/537.36" "-" 10.100.136.64:80 200 0.212 0.212
10.100.0.1 - - [10/Nov/2016:00:01:07 +0800] "HEAD / HTTP/1.1" 301 0 "117.121.101.40" "-" - "curl/7.19.7 (x86_64-redhat-linux-gnu) libcurl/7.19.7 NSS/3.16.2.3 Basic ECC zlib/1.2.3 libidn/1.18 libssh2/1.4.2" "-" - - - 0.000
120.210.190.167 - - [10/Nov/2016:00:01:07 +0800] "POST /course/ajaxmediauser HTTP/1.1" 200 54 "www.imooc.com" "http://www.imooc.com/code/1274" mid=1274&time=60 "Mozilla/5.0 (Windows NT 6.1; WOW64) AppleWebKit/537.36 (KHTML, like Gecko) Chrome/47.0.2526.106 BIDUBrowser/8.6 Safari/537.36" "-" 10.100.134.244:80 200 0.024 0.024
10.100.0.1 - - [10/Nov/2016:00:01:07 +0800] "HEAD / HTTP/1.1" 301 0 "117.121.101.40" "-" - "curl/7.19.7 (x86_64-redhat-linux-gnu) libcurl/7.19.7 NSS/3.16.2.3 Basic ECC zlib/1.2.3 libidn/1.18 libssh2/1.4.2" "-" - - - 0.000
58.19.44.221 - - [10/Nov/2016:00:01:07 +0800] "GET /visitlog/index/user?v=1478707254439 HTTP/1.1" 200 2950 "www.imooc.com" "http://www.imooc.com/comment/96" - "Mozilla/5.0 (Windows NT 10.0; WOW64) AppleWebKit/537.36 (KHTML, like Gecko) Chrome/50.0.2661.102 Safari/537.36" "-" 10.100.136.65:80 200 0.008 0.008
124.93.4.61 - - [10/Nov/2016:00:01:07 +0800] "POST /api3/getcourseintro HTTP/1.1" 200 1647 "www.imooc.com" "-" cid=666&timestamp=1478707265463&uid=4366068&secrect=caf1c76f4aaadce104de1f81848f2805&token=b2f6e282f29b8ec1076b72e8f03dffb3 "mukewang/5.0.1 (Android 5.1; GIONEE GN3001 Build/LMY47I),Network WIFI" "-" 10.100.136.65:80 200 0.009 0.009
111.162.163.241 - - [10/Nov/2016:00:01:07 +0800] "POST /api3/getinvitemeuserlist HTTP/1.1" 200 115 "www.imooc.com" "-" cid=0&timestamp=1478707266476&uid=3606078&secrect=a3cde2fd2aedf8841951ee4b4b10e688&uuid=3d436845d8aca0966d020db1c0bf6d7e&token=687f7d7e83e883f88ab7745df560a91f "mukewang/5.0.0 (Android 5.0; samsung SM-N9008 Build/LRX21V),Network WIFI" "-" 10.100.134.244:80 200 0.092 0.092
10.100.0.1 - - [10/Nov/2016:00:01:07 +0800] "HEAD / HTTP/1.1" 301 0 "117.121.101.40" "-" - "curl/7.19.7 (x86_64-redhat-linux-gnu) libcurl/7.19.7 NSS/3.16.2.3 Basic ECC zlib/1.2.3 libidn/1.18 libssh2/1.4.2" "-" - - - 0.000
10.100.0.1 - - [10/Nov/2016:00:01:07 +0800] "HEAD / HTTP/1.1" 301 0 "117.121.101.40" "-" - "curl/7.19.7 (x86_64-redhat-linux-gnu) libcurl/7.19.7 NSS/3.16.2.3 Basic ECC zlib/1.2.3 libidn/1.18 libssh2/1.4.2" "-" - - - 0.000
106.37.127.231 - - [10/Nov/2016:00:01:07 +0800] "GET /video/8199 HTTP/1.1" 200 6412 "www.imooc.com" "http://www.imooc.com/video/8199" - "Mozilla/5.0 (Windows NT 10.0; WOW64) AppleWebKit/537.36 (KHTML, like Gecko) Chrome/53.0.2785.104 Safari/537.36 Core/1.53.1708.400 QQBrowser/9.5.9635.400" "-" 10.100.136.64:80 200 0.180 0.180
10.100.0.1 - - [10/Nov/2016:00:01:07 +0800] "HEAD / HTTP/1.1" 301 0 "117.121.101.40" "-" - "curl/7.19.7 (x86_64-redhat-linux-gnu) libcurl/7.19.7 NSS/3.16.2.3 Basic ECC zlib/1.2.3 libidn/1.18 libssh2/1.4.2" "-" - - - 0.000
10.100.0.1 - - [10/Nov/2016:00:01:07 +0800] "HEAD / HTTP/1.1" 301 0 "117.121.101.40" "-" - "curl/7.19.7 (x86_64-redhat-linux-gnu) libcurl/7.19.7 NSS/3.16.2.3 Basic ECC zlib/1.2.3 libidn/1.18 libssh2/1.4.2" "-" - - - 0.000
10.100.135.58 - - [10/Nov/2016:00:01:07 +0800] "POST /service/getcourseinfo HTTP/1.0" 200 14396 "www.imooc.com" "-" ------------------------------f2b95dba175d\x0D\x0AContent-Disposition: form-data; name=\x22course_ids\x22\x0D\x0A\x0D\x0A[\x2233\x22,\x22277\x22,\x22250\x22,\x22104\x22,\x2241\x22]\x0D\x0A------------------------------f2b95dba175d\x0D\x0AContent-Disposition: form-data; name=\x22course_num\x22\x0D\x0A\x0D\x0A6\x0D\x0A------------------------------f2b95dba175d--\x0D\x0A "Mozilla/4.0" "-" 10.100.136.65:80 200 0.021 0.022
222.18.127.74 - - [10/Nov/2016:00:01:07 +0800] "POST /socket.io/1/ HTTP/1.1" 200 94 "chat.mukewang.com" "-" - "android-websockets-2.0" "-" 10.100.15.239:80 200 0.004 0.004
10.100.0.1 - - [10/Nov/2016:00:01:07 +0800] "HEAD / HTTP/1.1" 301 0 "117.121.101.40" "-" - "curl/7.19.7 (x86_64-redhat-linux-gnu) libcurl/7.19.7 NSS/3.16.2.3 Basic ECC zlib/1.2.3 libidn/1.18 libssh2/1.4.2" "-" - - - 0.000
112.87.108.52 - - [10/Nov/2016:00:01:07 +0800] "POST /course/ajaxmediauser/ HTTP/1.1" 200 54 "www.imooc.com" "http://www.imooc.com/video/8671" mid=8671&time=60&learn_time=293.4 "Mozilla/5.0 (Windows NT 6.1; Win64; x64; rv:49.0) Gecko/20100101 Firefox/49.0" "-" 10.100.136.64:80 200 0.017 0.017
111.162.163.241 - - [10/Nov/2016:00:01:07 +0800] "POST /socket.io/1/ HTTP/1.1" 200 94 "chat.mukewang.com" "-" - "android-websockets-2.0" "-" 10.100.15.239:80 200 0.003 0.003
10.100.0.1 - - [10/Nov/2016:00:01:07 +0800] "HEAD / HTTP/1.1" 301 0 "117.121.101.40" "-" - "curl/7.19.7 (x86_64-redhat-linux-gnu) libcurl/7.19.7 NSS/3.16.2.3 Basic ECC zlib/1.2.3 libidn/1.18 libssh2/1.4.2" "-" - - - 0.000
10.100.0.1 - - [10/Nov/2016:00:01:07 +0800] "HEAD / HTTP/1.1" 301 0 "117.121.101.40" "-" - "curl/7.19.7 (x86_64-redhat-linux-gnu) libcurl/7.19.7 NSS/3.16.2.3 Basic ECC zlib/1.2.3 libidn/1.18 libssh2/1.4.2" "-" - - - 0.000
116.231.219.242 - - [10/Nov/2016:00:01:07 +0800] "POST /course/ajaxmediauser HTTP/1.1" 200 67 "www.imooc.com" "http://www.imooc.com/code/10181" mid=10181&time=60 "Mozilla/5.0 (Windows NT 6.1; WOW64) AppleWebKit/537.36 (KHTML, like Gecko) Chrome/52.0.2743.116 Safari/537.36" "-" 10.100.136.65:80 200 0.015 0.015
58.19.44.221 - - [10/Nov/2016:00:01:07 +0800] "GET /static/page/course/comment.js?v=201611082232 HTTP/1.1" 200 5400 "www.imooc.com" "http://www.imooc.com/comment/96" - "Mozilla/5.0 (Windows NT 10.0; WOW64) AppleWebKit/537.36 (KHTML, like Gecko) Chrome/50.0.2661.102 Safari/537.36" "-" 10.100.136.64:80 200 0.001 0.001
10.100.0.1 - - [10/Nov/2016:00:01:07 +0800] "HEAD / HTTP/1.1" 301 0 "117.121.101.40" "-" - "curl/7.19.7 (x86_64-redhat-linux-gnu) libcurl/7.19.7 NSS/3.16.2.3 Basic ECC zlib/1.2.3 libidn/1.18 libssh2/1.4.2" "-" - - - 0.000
10.100.0.1 - - [10/Nov/2016:00:01:07 +0800] "HEAD / HTTP/1.1" 301 0 "117.121.101.40" "-" - "curl/7.19.7 (x86_64-redhat-linux-gnu) libcurl/7.19.7 NSS/3.16.2.3 Basic ECC zlib/1.2.3 libidn/1.18 libssh2/1.4.2" "-" - - - 0.000
111.194.210.161 - - [10/Nov/2016:00:01:07 +0800] "GET /wap/classindex/cid/71?app=1 HTTP/1.1" 200 3005 "coding.imooc.com" "-" - "Mozilla/5.0 (Linux; Android 6.0; PRO 6 Build/MRA58K; wv) AppleWebKit/537.36 (KHTML, like Gecko) Version/4.0 Chrome/44.0.2403.130 Mobile Safari/537.36" "-" 10.100.135.25:80 200 0.244 0.244
10.100.0.1 - - [10/Nov/2016:00:01:07 +0800] "HEAD / HTTP/1.1" 301 0 "117.121.101.40" "-" - "curl/7.19.7 (x86_64-redhat-linux-gnu) libcurl/7.19.7 NSS/3.16.2.3 Basic ECC zlib/1.2.3 libidn/1.18 libssh2/1.4.2" "-" - - - 0.000
125.119.96.238 - - [10/Nov/2016:00:01:07 +0800] "POST /course/ajaxmediauser HTTP/1.1" 200 54 "www.imooc.com" "http://www.imooc.com/code/6060" mid=6060&time=60 "Mozilla/5.0 (Windows NT 6.1; WOW64) AppleWebKit/537.36 (KHTML, like Gecko) Chrome/45.0.2454.101 Safari/537.36" "-" 10.100.136.65:80 200 0.016 0.016
10.100.0.1 - - [10/Nov/2016:00:01:07 +0800] "HEAD / HTTP/1.1" 301 0 "117.121.101.40" "-" - "curl/7.19.7 (x86_64-redhat-linux-gnu) libcurl/7.19.7 NSS/3.16.2.3 Basic ECC zlib/1.2.3 libidn/1.18 libssh2/1.4.2" "-" - - - 0.000
10.100.0.1 - - [10/Nov/2016:00:01:07 +0800] "HEAD / HTTP/1.1" 301 0 "117.121.101.40" "-" - "curl/7.19.7 (x86_64-redhat-linux-gnu) libcurl/7.19.7 NSS/3.16.2.3 Basic ECC zlib/1.2.3 libidn/1.18 libssh2/1.4.2" "-" - - - 0.000
171.34.14.120 - - [10/Nov/2016:00:01:07 +0800] "GET /static/sea_config.js?v=201611082232 HTTP/1.1" 200 2317 "www.imooc.com" "http://www.imooc.com/qadetail/60869" - "Mozilla/5.0 (Windows NT 10.0; WOW64) AppleWebKit/537.36 (KHTML, like Gecko) Chrome/49.0.2623.22 Safari/537.36 SE 2.X MetaSr 1.0" "-" 10.100.136.64:80 200 0.001 0.001
171.34.14.120 - - [10/Nov/2016:00:01:07 +0800] "GET /static/img/index/QR-code.jpg HTTP/1.1" 200 14531 "www.imooc.com" "http://www.imooc.com/qadetail/60869" - "Mozilla/5.0 (Windows NT 10.0; WOW64) AppleWebKit/537.36 (KHTML, like Gecko) Chrome/49.0.2623.22 Safari/537.36 SE 2.X MetaSr 1.0" "-" 10.100.136.65:80 200 0.002 0.002
10.100.0.1 - - [10/Nov/2016:00:01:07 +0800] "HEAD / HTTP/1.1" 301 0 "117.121.101.40" "-" - "curl/7.19.7 (x86_64-redhat-linux-gnu) libcurl/7.19.7 NSS/3.16.2.3 Basic ECC zlib/1.2.3 libidn/1.18 libssh2/1.4.2" "-" - - - 0.000
171.34.14.120 - - [10/Nov/2016:00:01:07 +0800] "GET /static/lib/ueditor/ueditor.final.min.js HTTP/1.1" 200 260662 "www.imooc.com" "http://www.imooc.com/qadetail/60869" - "Mozilla/5.0 (Windows NT 10.0; WOW64) AppleWebKit/537.36 (KHTML, like Gecko) Chrome/49.0.2623.22 Safari/537.36 SE 2.X MetaSr 1.0" "-" 10.100.136.65:80 200 0.007 0.157
120.85.202.68 - - [10/Nov/2016:00:01:07 +0800] "POST /course/ajaxmediauser/ HTTP/1.1" 200 54 "www.imooc.com" "http://www.imooc.com/video/3096" mid=3096&time=59.98999999999978&learn_time=14.2 "Mozilla/5.0 (Windows NT 6.3; WOW64) AppleWebKit/537.36 (KHTML, like Gecko) Chrome/54.0.2840.71 Safari/537.36" "-" 10.100.134.244:80 200 0.023 0.023
10.100.0.1 - - [10/Nov/2016:00:01:07 +0800] "HEAD / HTTP/1.1" 301 0 "117.121.101.40" "-" - "curl/7.19.7 (x86_64-redhat-linux-gnu) libcurl/7.19.7 NSS/3.16.2.3 Basic ECC zlib/1.2.3 libidn/1.18 libssh2/1.4.2" "-" - - - 0.000
120.198.231.152 - - [10/Nov/2016:00:01:07 +0800] "GET /course/otherscode?mid=6365&page=1&r=0.4557249204598113 HTTP/1.1" 200 3351 "www.imooc.com" "http://www.imooc.com/code/6365" - "Mozilla/5.0 (Windows NT 6.1) AppleWebKit/537.36 (KHTML, like Gecko) Chrome/49.0.2623.110 Safari/537.36" "-" 10.100.134.244:80 200 0.166 0.166
10.100.0.1 - - [10/Nov/2016:00:01:07 +0800] "HEAD / HTTP/1.1" 301 0 "117.121.101.40" "-" - "curl/7.19.7 (x86_64-redhat-linux-gnu) libcurl/7.19.7 NSS/3.16.2.3 Basic ECC zlib/1.2.3 libidn/1.18 libssh2/1.4.2" "-" - - - 0.000
10.100.0.1 - - [10/Nov/2016:00:01:07 +0800] "HEAD / HTTP/1.1" 301 0 "117.121.101.40" "-" - "curl/7.19.7 (x86_64-redhat-linux-gnu) libcurl/7.19.7 NSS/3.16.2.3 Basic ECC zlib/1.2.3 libidn/1.18 libssh2/1.4.2" "-" - - - 0.000
10.100.0.1 - - [10/Nov/2016:00:01:07 +0800] "HEAD / HTTP/1.1" 301 0 "117.121.101.40" "-" - "curl/7.19.7 (x86_64-redhat-linux-gnu) libcurl/7.19.7 NSS/3.16.2.3 Basic ECC zlib/1.2.3 libidn/1.18 libssh2/1.4.2" "-" - - - 0.000
115.193.172.253 - - [10/Nov/2016:00:01:07 +0800] "GET /video/3078 HTTP/1.1" 200 6589 "www.imooc.com" "http://www.imooc.com/video/3078" - "Mozilla/5.0 (Windows NT 6.1; WOW64) AppleWebKit/537.36 (KHTML, like Gecko) Chrome/53.0.2785.104 Safari/537.36 Core/1.53.1708.400 QQBrowser/9.5.9635.400" "-" 10.100.134.244:80 200 0.277 0.277
10.100.0.1 - - [10/Nov/2016:00:01:07 +0800] "HEAD / HTTP/1.1" 301 0 "117.121.101.40" "-" - "curl/7.19.7 (x86_64-redhat-linux-gnu) libcurl/7.19.7 NSS/3.16.2.3 Basic ECC zlib/1.2.3 libidn/1.18 libssh2/1.4.2" "-" - - - 0.000
10.100.0.1 - - [10/Nov/2016:00:01:07 +0800] "HEAD / HTTP/1.1" 301 0 "117.121.101.40" "-" - "curl/7.19.7 (x86_64-redhat-linux-gnu) libcurl/7.19.7 NSS/3.16.2.3 Basic ECC zlib/1.2.3 libidn/1.18 libssh2/1.4.2" "-" - - - 0.000
101.200.101.218 - - [10/Nov/2016:00:01:07 +0800] "GET /md5/f1ade806-3aaf-435a-8a12-994c655440ca/L/fe76a4ecc24e894c.ts HTTP/1.1" 304 0 "szv1.mukewang.com" "-" - "Lavf/56.15.102" "36.47.218.163" 10.100.133.99:80 304 0.006 0.006
10.100.0.1 - - [10/Nov/2016:00:01:07 +0800] "HEAD / HTTP/1.1" 301 0 "117.121.101.40" "-" - "curl/7.19.7 (x86_64-redhat-linux-gnu) libcurl/7.19.7 NSS/3.16.2.3 Basic ECC zlib/1.2.3 libidn/1.18 libssh2/1.4.2" "-" - - - 0.000
117.173.0.113 - - [10/Nov/2016:00:01:07 +0800] "POST /course/collectvideo HTTP/1.1" 200 72 "www.imooc.com" "http://www.imooc.com/video/8135" renderingMode=0&bufferTime=440&videoFileName=http%3A%2F%2Fv2.mukewang.com%2F30f1205f-e4ae-423f-add4-1625d6df68e2%2FM.mp4%3Fauth_key%3D1478709066-0-0-0ae1f4ee676a437bd300f6ed446a1a13&videoId=8135&errorMsg=&currentHd=1&oldHd=NaN&type=1&fullscreen=0&cdn=v2.mukewang.com&source=1&currentSpeed=1.25+X&oldSpeed=&winWidth=1366&winHeight=768 "Mozilla/5.0 (Windows NT 10.0; WOW64; rv:49.0) Gecko/20100101 Firefox/49.0" "-" 10.100.136.65:80 200 0.106 0.106
10.100.0.1 - - [10/Nov/2016:00:01:07 +0800] "HEAD / HTTP/1.1" 301 0 "117.121.101.40" "-" - "curl/7.19.7 (x86_64-redhat-linux-gnu) libcurl/7.19.7 NSS/3.16.2.3 Basic ECC zlib/1.2.3 libidn/1.18 libssh2/1.4.2" "-" - - - 0.000
116.225.79.156 - - [10/Nov/2016:00:01:07 +0800] "POST /socket.io/1/ HTTP/1.1" 200 94 "chat.mukewang.com" "-" - "android-websockets-2.0" "-" 10.100.15.239:80 200 0.004 0.004
117.143.187.234 - - [10/Nov/2016:00:01:07 +0800] "POST /course/ajaxmediauser HTTP/1.1" 200 54 "www.imooc.com" "http://www.imooc.com/code/2916" mid=2916&time=60 "Mozilla/5.0 (Windows NT 10.0; Win64; x64) AppleWebKit/537.36 (KHTML, like Gecko) Chrome/51.0.2704.79 Safari/537.36 Edge/14.14393" "-" 10.100.136.65:80 200 0.023 0.023
110.184.240.39 - - [10/Nov/2016:00:01:07 +0800] "GET /course/ajaxmaxchaptermediaques?mid=2038 HTTP/1.1" 200 72 "www.imooc.com" "http://www.imooc.com/code/2038" - "Mozilla/5.0 (Windows NT 6.1; WOW64) AppleWebKit/537.36 (KHTML, like Gecko) Chrome/52.0.2743.116 Safari/537.36" "-" 10.100.136.64:80 200 0.407 0.407
10.100.0.1 - - [10/Nov/2016:00:01:07 +0800] "HEAD / HTTP/1.1" 301 0 "117.121.101.40" "-" - "curl/7.19.7 (x86_64-redhat-linux-gnu) libcurl/7.19.7 NSS/3.16.2.3 Basic ECC zlib/1.2.3 libidn/1.18 libssh2/1.4.2" "-" - - - 0.000
10.100.0.1 - - [10/Nov/2016:00:01:07 +0800] "HEAD / HTTP/1.1" 301 0 "117.121.101.40" "-" - "curl/7.19.7 (x86_64-redhat-linux-gnu) libcurl/7.19.7 NSS/3.16.2.3 Basic ECC zlib/1.2.3 libidn/1.18 libssh2/1.4.2" "-" - - - 0.000
106.38.161.230 - - [10/Nov/2016:00:01:07 +0800] "POST /socket.io/1/ HTTP/1.1" 200 94 "chat.mukewang.com" "-" - "android-websockets-2.0" "-" 10.100.15.239:80 200 0.003 0.003
10.100.0.1 - - [10/Nov/2016:00:01:07 +0800] "HEAD / HTTP/1.1" 301 0 "117.121.101.40" "-" - "curl/7.19.7 (x86_64-redhat-linux-gnu) libcurl/7.19.7 NSS/3.16.2.3 Basic ECC zlib/1.2.3 libidn/1.18 libssh2/1.4.2" "-" - - - 0.000
111.194.210.161 - - [10/Nov/2016:00:01:07 +0800] "GET /static/module/??wap/class/css/swiper.min.css,wap/class/css/reset.css,wap/class/css/index-less.css?v=1478603755 HTTP/1.1" 200 7244 "coding.imooc.com" "http://coding.imooc.com/wap/classindex/cid/71?app=1" - "Mozilla/5.0 (Linux; Android 6.0; PRO 6 Build/MRA58K; wv) AppleWebKit/537.36 (KHTML, like Gecko) Version/4.0 Chrome/44.0.2403.130 Mobile Safari/537.36" "-" 10.100.135.57:80 200 0.003 0.003
10.100.0.1 - - [10/Nov/2016:00:01:07 +0800] "HEAD / HTTP/1.1" 301 0 "117.121.101.40" "-" - "curl/7.19.7 (x86_64-redhat-linux-gnu) libcurl/7.19.7 NSS/3.16.2.3 Basic ECC zlib/1.2.3 libidn/1.18 libssh2/1.4.2" "-" - - - 0.000
10.100.0.1 - - [10/Nov/2016:00:01:07 +0800] "HEAD / HTTP/1.1" 301 0 "117.121.101.40" "-" - "curl/7.19.7 (x86_64-redhat-linux-gnu) libcurl/7.19.7 NSS/3.16.2.3 Basic ECC zlib/1.2.3 libidn/1.18 libssh2/1.4.2" "-" - - - 0.000
58.19.44.221 - - [10/Nov/2016:00:01:07 +0800] "GET /course/ajaxcourselearn?cid=96 HTTP/1.1" 200 70 "www.imooc.com" "http://www.imooc.com/comment/96" - "Mozilla/5.0 (Windows NT 10.0; WOW64) AppleWebKit/537.36 (KHTML, like Gecko) Chrome/50.0.2661.102 Safari/537.36" "-" 10.100.136.65:80 200 0.007 0.007
10.100.0.1 - - [10/Nov/2016:00:01:07 +0800] "HEAD / HTTP/1.1" 301 0 "117.121.101.40" "-" - "curl/7.19.7 (x86_64-redhat-linux-gnu) libcurl/7.19.7 NSS/3.16.2.3 Basic ECC zlib/1.2.3 libidn/1.18 libssh2/1.4.2" "-" - - - 0.000
120.85.203.222 - - [10/Nov/2016:00:01:07 +0800] "GET /socket.io/1/websocket/EacAnjkU2_hubs7_MfBH HTTP/1.1" 101 96 "chat.mukewang.com" "-" - "-" "-" 10.100.15.239:80 101 75.228 75.228
111.194.210.161 - - [10/Nov/2016:00:01:07 +0800] "GET /static/lib/jwplayer/1.0.0/webjwplayer.js HTTP/1.1" 200 54074 "coding.imooc.com" "http://coding.imooc.com/wap/classindex/cid/71?app=1" - "Mozilla/5.0 (Linux; Android 6.0; PRO 6 Build/MRA58K; wv) AppleWebKit/537.36 (KHTML, like Gecko) Version/4.0 Chrome/44.0.2403.130 Mobile Safari/537.36" "-" 10.100.135.57:80 200 0.004 0.004
10.100.0.1 - - [10/Nov/2016:00:01:07 +0800] "HEAD / HTTP/1.1" 301 0 "117.121.101.40" "-" - "curl/7.19.7 (x86_64-redhat-linux-gnu) libcurl/7.19.7 NSS/3.16.2.3 Basic ECC zlib/1.2.3 libidn/1.18 libssh2/1.4.2" "-" - - - 0.000
58.19.44.221 - - [10/Nov/2016:00:01:07 +0800] "GET /course/ajaxcourserecom?cid=96 HTTP/1.1" 200 4411 "www.imooc.com" "http://www.imooc.com/comment/96" - "Mozilla/5.0 (Windows NT 10.0; WOW64) AppleWebKit/537.36 (KHTML, like Gecko) Chrome/50.0.2661.102 Safari/537.36" "-" 10.100.134.244:80 200 0.014 0.014
115.193.172.253 - - [10/Nov/2016:00:01:07 +0800] "POST /course/collectvideo HTTP/1.1" 200 72 "www.imooc.com" "http://www.imooc.com/video/3078" renderingMode=0&bufferTime=296&videoFileName=http%3A%2F%2Fv2.mukewang.com%2F92bc14f4-4228-495a-8f52-8d7498b641ea%2FL.mp4%3Fauth_key%3D1478709067-0-0-2fcfcf32db09e32d429c684e4fbcb344&videoId=3078&errorMsg=&currentHd=0&oldHd=NaN&type=1&fullscreen=0&cdn=v2.mukewang.com&source=1&currentSpeed=1.0+X&oldSpeed=&winWidth=1366&winHeight=768 "Mozilla/5.0 (Windows NT 6.1; WOW64) AppleWebKit/537.36 (KHTML, like Gecko) Chrome/53.0.2785.104 Safari/537.36 Core/1.53.1708.400 QQBrowser/9.5.9635.400" "-" 10.100.136.64:80 200 0.103 0.104
111.194.210.161 - - [10/Nov/2016:00:01:07 +0800] "GET /static/module/wap/class/js/common.js HTTP/1.1" 200 351 "coding.imooc.com" "http://coding.imooc.com/wap/classindex/cid/71?app=1" - "Mozilla/5.0 (Linux; Android 6.0; PRO 6 Build/MRA58K; wv) AppleWebKit/537.36 (KHTML, like Gecko) Version/4.0 Chrome/44.0.2403.130 Mobile Safari/537.36" "-" 10.100.135.24:80 200 0.004 0.004
111.194.210.161 - - [10/Nov/2016:00:01:07 +0800] "GET /static/module/wap/class/js/swiper.js HTTP/1.1" 200 77700 "coding.imooc.com" "http://coding.imooc.com/wap/classindex/cid/71?app=1" - "Mozilla/5.0 (Linux; Android 6.0; PRO 6 Build/MRA58K; wv) AppleWebKit/537.36 (KHTML, like Gecko) Version/4.0 Chrome/44.0.2403.130 Mobile Safari/537.36" "-" 10.100.135.58:80 200 0.004 0.004
111.194.210.161 - - [10/Nov/2016:00:01:07 +0800] "GET /static/module/wap/class/js/zepto.min.js HTTP/1.1" 200 22661 "coding.imooc.com" "http://coding.imooc.com/wap/classindex/cid/71?app=1" - "Mozilla/5.0 (Linux; Android 6.0; PRO 6 Build/MRA58K; wv) AppleWebKit/537.36 (KHTML, like Gecko) Version/4.0 Chrome/44.0.2403.130 Mobile Safari/537.36" "-" 10.100.135.25:80 200 0.004 0.004
111.194.210.161 - - [10/Nov/2016:00:01:07 +0800] "GET /static/module/wap/class/js/index.js?v=2 HTTP/1.1" 200 5454 "coding.imooc.com" "http://coding.imooc.com/wap/classindex/cid/71?app=1" - "Mozilla/5.0 (Linux; Android 6.0; PRO 6 Build/MRA58K; wv) AppleWebKit/537.36 (KHTML, like Gecko) Version/4.0 Chrome/44.0.2403.130 Mobile Safari/537.36" "-" 10.100.135.57:80 200 0.004 0.004
10.100.0.1 - - [10/Nov/2016:00:01:07 +0800] "HEAD / HTTP/1.1" 301 0 "117.121.101.40" "-" - "curl/7.19.7 (x86_64-redhat-linux-gnu) libcurl/7.19.7 NSS/3.16.2.3 Basic ECC zlib/1.2.3 libidn/1.18 libssh2/1.4.2" "-" - - - 0.000
111.194.210.161 - - [10/Nov/2016:00:01:07 +0800] "GET /static/module/common/js/launchApp.js HTTP/1.1" 200 1246 "coding.imooc.com" "http://coding.imooc.com/wap/classindex/cid/71?app=1" - "Mozilla/5.0 (Linux; Android 6.0; PRO 6 Build/MRA58K; wv) AppleWebKit/537.36 (KHTML, like Gecko) Version/4.0 Chrome/44.0.2403.130 Mobile Safari/537.36" "-" 10.100.135.58:80 200 0.002 0.002
10.100.0.1 - - [10/Nov/2016:00:01:07 +0800] "HEAD / HTTP/1.1" 301 0 "117.121.101.40" "-" - "curl/7.19.7 (x86_64-redhat-linux-gnu) libcurl/7.19.7 NSS/3.16.2.3 Basic ECC zlib/1.2.3 libidn/1.18 libssh2/1.4.2" "-" - - - 0.000
58.19.44.221 - - [10/Nov/2016:00:01:07 +0800] "GET /course/ajaxusercommentsstatus?ids=153322%2C48387%2C18443%2C328087%2C327927%2C327745%2C327493%2C327489%2C327368%2C326812%2C326755%2C326710%2C326497%2C326401%2C325768%2C325373%2C325294%2C325209 HTTP/1.1" 200 70 "www.imooc.com" "http://www.imooc.com/comment/96" - "Mozilla/5.0 (Windows NT 10.0; WOW64) AppleWebKit/537.36 (KHTML, like Gecko) Chrome/50.0.2661.102 Safari/537.36" "-" 10.100.136.64:80 200 0.007 0.007
10.100.0.1 - - [10/Nov/2016:00:01:07 +0800] "HEAD / HTTP/1.1" 301 0 "117.121.101.40" "-" - "curl/7.19.7 (x86_64-redhat-linux-gnu) libcurl/7.19.7 NSS/3.16.2.3 Basic ECC zlib/1.2.3 libidn/1.18 libssh2/1.4.2" "-" - - - 0.000
122.143.27.22 - - [10/Nov/2016:00:01:07 +0800] "HEAD /favicon.ico HTTP/1.0" 404 0 "chat.mukewang.com" "-" - "-" "-" 10.100.15.239:80 404 0.001 0.001
123.125.71.40 - - [10/Nov/2016:00:01:07 +0800] "GET /qadetail/152933 HTTP/1.1" 200 8209 "m.imooc.com" "-" - "Mozilla/5.0 (compatible; Baiduspider/2.0; +http://www.baidu.com/search/spider.html)" "-" 10.100.136.64:80 200 0.319 0.336
10.100.0.1 - - [10/Nov/2016:00:01:07 +0800] "HEAD / HTTP/1.1" 301 0 "117.121.101.40" "-" - "curl/7.19.7 (x86_64-redhat-linux-gnu) libcurl/7.19.7 NSS/3.16.2.3 Basic ECC zlib/1.2.3 libidn/1.18 libssh2/1.4.2" "-" - - - 0.000
110.184.240.39 - - [10/Nov/2016:00:01:07 +0800] "GET /course/ajaxcourserecom?cid=9 HTTP/1.1" 200 3843 "www.imooc.com" "http://www.imooc.com/code/2038" - "Mozilla/5.0 (Windows NT 6.1; WOW64) AppleWebKit/537.36 (KHTML, like Gecko) Chrome/52.0.2743.116 Safari/537.36" "-" 10.100.134.244:80 200 0.477 0.477
10.100.0.1 - - [10/Nov/2016:00:01:07 +0800] "HEAD / HTTP/1.1" 301 0 "117.121.101.40" "-" - "curl/7.19.7 (x86_64-redhat-linux-gnu) libcurl/7.19.7 NSS/3.16.2.3 Basic ECC zlib/1.2.3 libidn/1.18 libssh2/1.4.2" "-" - - - 0.000
111.194.210.161 - - [10/Nov/2016:00:01:07 +0800] "GET /static/module/wap/class/img/arrow.png HTTP/1.1" 200 1737 "coding.imooc.com" "http://coding.imooc.com/wap/classindex/cid/71?app=1" - "Mozilla/5.0 (Linux; Android 6.0; PRO 6 Build/MRA58K; wv) AppleWebKit/537.36 (KHTML, like Gecko) Version/4.0 Chrome/44.0.2403.130 Mobile Safari/537.36" "-" 10.100.135.24:80 200 0.003 0.003
10.100.0.1 - - [10/Nov/2016:00:01:07 +0800] "HEAD / HTTP/1.1" 301 0 "117.121.101.40" "-" - "curl/7.19.7 (x86_64-redhat-linux-gnu) libcurl/7.19.7 NSS/3.16.2.3 Basic ECC zlib/1.2.3 libidn/1.18 libssh2/1.4.2" "-" - - - 0.000
219.137.118.189 - - [10/Nov/2016:00:01:07 +0800] "GET /course/otherscode?mid=6070&page=1&r=0.27217863593250513 HTTP/1.1" 200 3408 "www.imooc.com" "http://www.imooc.com/code/6070" - "Mozilla/5.0 (Windows NT 6.1; WOW64) AppleWebKit/537.36 (KHTML, like Gecko) Chrome/46.0.2479.0 Safari/537.36" "-" 10.100.136.64:80 200 0.132 0.132
10.100.0.1 - - [10/Nov/2016:00:01:07 +0800] "HEAD / HTTP/1.1" 301 0 "117.121.101.40" "-" - "curl/7.19.7 (x86_64-redhat-linux-gnu) libcurl/7.19.7 NSS/3.16.2.3 Basic ECC zlib/1.2.3 libidn/1.18 libssh2/1.4.2" "-" - - - 0.000
10.100.0.1 - - [10/Nov/2016:00:01:07 +0800] "HEAD / HTTP/1.1" 301 0 "117.121.101.40" "-" - "curl/7.19.7 (x86_64-redhat-linux-gnu) libcurl/7.19.7 NSS/3.16.2.3 Basic ECC zlib/1.2.3 libidn/1.18 libssh2/1.4.2" "-" - - - 0.000
42.102.248.194 - - [10/Nov/2016:00:01:07 +0800] "GET /socket.io/1/websocket/5C-vynj0dSfpn5xqMdui HTTP/1.1" 101 166 "chat.mukewang.com" "-" - "-" "-" 10.100.15.239:80 101 482.141 482.141
10.100.0.1 - - [10/Nov/2016:00:01:07 +0800] "HEAD / HTTP/1.1" 301 0 "117.121.101.40" "-" - "curl/7.19.7 (x86_64-redhat-linux-gnu) libcurl/7.19.7 NSS/3.16.2.3 Basic ECC zlib/1.2.3 libidn/1.18 libssh2/1.4.2" "-" - - - 0.000
10.100.0.1 - - [10/Nov/2016:00:01:07 +0800] "HEAD / HTTP/1.1" 301 0 "117.121.101.40" "-" - "curl/7.19.7 (x86_64-redhat-linux-gnu) libcurl/7.19.7 NSS/3.16.2.3 Basic ECC zlib/1.2.3 libidn/1.18 libssh2/1.4.2" "-" - - - 0.000
111.194.210.161 - - [10/Nov/2016:00:01:07 +0800] "GET /static/module/common/font/fonts/sz.ttf?jftt03 HTTP/1.1" 200 13232 "coding.imooc.com" "http://coding.imooc.com/static/module/??wap/class/css/swiper.min.css,wap/class/css/reset.css,wap/class/css/index-less.css?v=1478603755" - "Mozilla/5.0 (Linux; Android 6.0; PRO 6 Build/MRA58K; wv) AppleWebKit/537.36 (KHTML, like Gecko) Version/4.0 Chrome/44.0.2403.130 Mobile Safari/537.36" "-" 10.100.135.58:80 200 0.004 0.004
10.100.0.1 - - [10/Nov/2016:00:01:07 +0800] "HEAD / HTTP/1.1" 301 0 "117.121.101.40" "-" - "curl/7.19.7 (x86_64-redhat-linux-gnu) libcurl/7.19.7 NSS/3.16.2.3 Basic ECC zlib/1.2.3 libidn/1.18 libssh2/1.4.2" "-" - - - 0.000
171.113.102.163 - - [10/Nov/2016:00:01:07 +0800] "GET /learn/249 HTTP/1.1" 200 10608 "www.imooc.com" "http://www.imooc.com/course/list?c=C" - "Mozilla/5.0 (Windows NT 6.1) AppleWebKit/537.36 (KHTML, like Gecko) Chrome/45.0.2454.101 Safari/537.36" "-" 10.100.134.244:80 200 0.063 0.063
10.100.0.1 - - [10/Nov/2016:00:01:07 +0800] "HEAD / HTTP/1.1" 301 0 "117.121.101.40" "-" - "curl/7.19.7 (x86_64-redhat-linux-gnu) libcurl/7.19.7 NSS/3.16.2.3 Basic ECC zlib/1.2.3 libidn/1.18 libssh2/1.4.2" "-" - - - 0.000
10.100.0.1 - - [10/Nov/2016:00:01:07 +0800] "HEAD / HTTP/1.1" 301 0 "117.121.101.40" "-" - "curl/7.19.7 (x86_64-redhat-linux-gnu) libcurl/7.19.7 NSS/3.16.2.3 Basic ECC zlib/1.2.3 libidn/1.18 libssh2/1.4.2" "-" - - - 0.000
58.217.137.221 - - [10/Nov/2016:00:01:07 +0800] "GET /course/programdetail/pid/45 HTTP/1.1" 200 8587 "www.imooc.com" "http://www.imooc.com/course/list?c=op" - "Mozilla/5.0 (Windows NT 6.1; Win64; x64) AppleWebKit/537.36 (KHTML, like Gecko) Chrome/54.0.2840.87 Safari/537.36" "-" 10.100.136.64:80 200 0.099 0.099
10.100.0.1 - - [10/Nov/2016:00:01:07 +0800] "HEAD / HTTP/1.1" 301 0 "117.121.101.40" "-" - "curl/7.19.7 (x86_64-redhat-linux-gnu) libcurl/7.19.7 NSS/3.16.2.3 Basic ECC zlib/1.2.3 libidn/1.18 libssh2/1.4.2" "-" - - - 0.000
10.100.0.1 - - [10/Nov/2016:00:01:07 +0800] "HEAD / HTTP/1.1" 301 0 "117.121.101.40" "-" - "curl/7.19.7 (x86_64-redhat-linux-gnu) libcurl/7.19.7 NSS/3.16.2.3 Basic ECC zlib/1.2.3 libidn/1.18 libssh2/1.4.2" "-" - - - 0.000
10.100.0.1 - - [10/Nov/2016:00:01:07 +0800] "HEAD / HTTP/1.1" 301 0 "117.121.101.40" "-" - "curl/7.19.7 (x86_64-redhat-linux-gnu) libcurl/7.19.7 NSS/3.16.2.3 Basic ECC zlib/1.2.3 libidn/1.18 libssh2/1.4.2" "-" - - - 0.000
10.100.0.1 - - [10/Nov/2016:00:01:07 +0800] "HEAD / HTTP/1.1" 301 0 "117.121.101.40" "-" - "curl/7.19.7 (x86_64-redhat-linux-gnu) libcurl/7.19.7 NSS/3.16.2.3 Basic ECC zlib/1.2.3 libidn/1.18 libssh2/1.4.2" "-" - - - 0.000
58.19.44.221 - - [10/Nov/2016:00:01:07 +0800] "GET /course/ajaxplanrecom?cid=96 HTTP/1.1" 200 1175 "www.imooc.com" "http://www.imooc.com/comment/96" - "Mozilla/5.0 (Windows NT 10.0; WOW64) AppleWebKit/537.36 (KHTML, like Gecko) Chrome/50.0.2661.102 Safari/537.36" "-" 10.100.136.65:80 200 0.169 0.169
10.100.0.1 - - [10/Nov/2016:00:01:07 +0800] "HEAD / HTTP/1.1" 301 0 "117.121.101.40" "-" - "curl/7.19.7 (x86_64-redhat-linux-gnu) libcurl/7.19.7 NSS/3.16.2.3 Basic ECC zlib/1.2.3 libidn/1.18 libssh2/1.4.2" "-" - - - 0.000
123.57.117.68 - - [10/Nov/2016:00:01:07 +0800] "GET /md5/59dcd9a8-ce72-400d-9cf9-e1180e6dd253/M/71534f399bce1552.ts HTTP/1.1" 304 0 "szv1.mukewang.com" "http://coding.imooc.com/lesson/62.html" - "Mozilla/5.0 (Windows NT 6.1; Win64; x64) AppleWebKit/537.36 (KHTML, like Gecko) Chrome/54.0.2840.71 Safari/537.36" "222.20.78.41" 10.100.133.99:80 304 0.003 0.003
218.75.34.250 - - [10/Nov/2016:00:01:07 +0800] "POST /course/ajaxmediauser/ HTTP/1.1" 200 54 "www.imooc.com" "http://www.imooc.com/video/9103" mid=9103&time=60.33499999999913&learn_time=251.8 "Mozilla/5.0 (Macintosh; Intel Mac OS X 10_11_1) AppleWebKit/601.2.7 (KHTML, like Gecko) Version/9.0.1 Safari/601.2.7" "-" 10.100.136.65:80 200 0.016 0.016
10.100.0.1 - - [10/Nov/2016:00:01:07 +0800] "HEAD / HTTP/1.1" 301 0 "117.121.101.40" "-" - "curl/7.19.7 (x86_64-redhat-linux-gnu) libcurl/7.19.7 NSS/3.16.2.3 Basic ECC zlib/1.2.3 libidn/1.18 libssh2/1.4.2" "-" - - - 0.000
10.100.0.1 - - [10/Nov/2016:00:01:07 +0800] "HEAD / HTTP/1.1" 301 0 "117.121.101.40" "-" - "curl/7.19.7 (x86_64-redhat-linux-gnu) libcurl/7.19.7 NSS/3.16.2.3 Basic ECC zlib/1.2.3 libidn/1.18 libssh2/1.4.2" "-" - - - 0.000
10.100.0.1 - - [10/Nov/2016:00:01:07 +0800] "HEAD / HTTP/1.1" 301 0 "117.121.101.40" "-" - "curl/7.19.7 (x86_64-redhat-linux-gnu) libcurl/7.19.7 NSS/3.16.2.3 Basic ECC zlib/1.2.3 libidn/1.18 libssh2/1.4.2" "-" - - - 0.000
115.193.172.253 - - [10/Nov/2016:00:01:07 +0800] "GET /video/3078 HTTP/1.1" 200 6589 "www.imooc.com" "http://www.imooc.com/video/3078" - "Mozilla/5.0 (Windows NT 6.1; WOW64) AppleWebKit/537.36 (KHTML, like Gecko) Chrome/53.0.2785.104 Safari/537.36 Core/1.53.1708.400 QQBrowser/9.5.9635.400" "-" 10.100.136.65:80 200 0.160 0.160
10.100.0.1 - - [10/Nov/2016:00:01:07 +0800] "HEAD / HTTP/1.1" 301 0 "117.121.101.40" "-" - "curl/7.19.7 (x86_64-redhat-linux-gnu) libcurl/7.19.7 NSS/3.16.2.3 Basic ECC zlib/1.2.3 libidn/1.18 libssh2/1.4.2" "-" - - - 0.000
110.184.240.39 - - [10/Nov/2016:00:01:07 +0800] "POST /course/ajaxusermediasstatus?cid=9 HTTP/1.1" 200 4377 "www.imooc.com" "http://www.imooc.com/code/2038" - "Mozilla/5.0 (Windows NT 6.1; WOW64) AppleWebKit/537.36 (KHTML, like Gecko) Chrome/52.0.2743.116 Safari/537.36" "-" 10.100.136.64:80 200 0.633 0.633
10.100.0.1 - - [10/Nov/2016:00:01:07 +0800] "HEAD / HTTP/1.1" 301 0 "117.121.101.40" "-" - "curl/7.19.7 (x86_64-redhat-linux-gnu) libcurl/7.19.7 NSS/3.16.2.3 Basic ECC zlib/1.2.3 libidn/1.18 libssh2/1.4.2" "-" - - - 0.000
10.100.0.1 - - [10/Nov/2016:00:01:07 +0800] "HEAD / HTTP/1.1" 301 0 "117.121.101.40" "-" - "curl/7.19.7 (x86_64-redhat-linux-gnu) libcurl/7.19.7 NSS/3.16.2.3 Basic ECC zlib/1.2.3 libidn/1.18 libssh2/1.4.2" "-" - - - 0.000
10.100.0.1 - - [10/Nov/2016:00:01:07 +0800] "HEAD / HTTP/1.1" 301 0 "117.121.101.40" "-" - "curl/7.19.7 (x86_64-redhat-linux-gnu) libcurl/7.19.7 NSS/3.16.2.3 Basic ECC zlib/1.2.3 libidn/1.18 libssh2/1.4.2" "-" - - - 0.000
58.20.14.170 - - [10/Nov/2016:00:01:07 +0800] "GET /course/ajaxmediaques?mid=5683&page=1&r=0.31096958902649185 HTTP/1.1" 200 5485 "www.imooc.com" "http://www.imooc.com/video/5683" - "Mozilla/5.0 (Windows NT 6.1; WOW64) AppleWebKit/537.36 (KHTML, like Gecko) Chrome/53.0.2785.143 Safari/537.36" "-" 10.100.136.65:80 200 1.542 1.542
10.100.0.1 - - [10/Nov/2016:00:01:07 +0800] "HEAD / HTTP/1.1" 301 0 "117.121.101.40" "-" - "curl/7.19.7 (x86_64-redhat-linux-gnu) libcurl/7.19.7 NSS/3.16.2.3 Basic ECC zlib/1.2.3 libidn/1.18 libssh2/1.4.2" "-" - - - 0.000
10.100.0.1 - - [10/Nov/2016:00:01:07 +0800] "HEAD / HTTP/1.1" 301 0 "117.121.101.40" "-" - "curl/7.19.7 (x86_64-redhat-linux-gnu) libcurl/7.19.7 NSS/3.16.2.3 Basic ECC zlib/1.2.3 libidn/1.18 libssh2/1.4.2" "-" - - - 0.000
10.100.0.1 - - [10/Nov/2016:00:01:07 +0800] "HEAD / HTTP/1.1" 301 0 "117.121.101.40" "-" - "curl/7.19.7 (x86_64-redhat-linux-gnu) libcurl/7.19.7 NSS/3.16.2.3 Basic ECC zlib/1.2.3 libidn/1.18 libssh2/1.4.2" "-" - - - 0.000
175.9.181.138 - - [10/Nov/2016:00:01:07 +0800] "POST /course/ajaxmediauser/ HTTP/1.1" 200 67 "www.imooc.com" "http://www.imooc.com/video/2877" mid=2877&time=5321.047&learn_time=325.78 "Mozilla/5.0 (Windows NT 10.0; WOW64; rv:49.0) Gecko/20100101 Firefox/49.0" "-" 10.100.136.65:80 200 0.019 0.019
10.100.0.1 - - [10/Nov/2016:00:01:07 +0800] "HEAD / HTTP/1.1" 301 0 "117.121.101.40" "-" - "curl/7.19.7 (x86_64-redhat-linux-gnu) libcurl/7.19.7 NSS/3.16.2.3 Basic ECC zlib/1.2.3 libidn/1.18 libssh2/1.4.2" "-" - - - 0.000
111.62.239.21 - - [10/Nov/2016:00:01:07 +0800] "POST /api/courseinfo HTTP/1.1" 200 393 "coding.imooc.com" "-" cid=0&timestamp=1478707268854&uid=2692535&course_id=65&secrect=979dcb6d4f81b59ee5629b7d5f60b7bb&token=8a1f624fc949ed94a63b79436b27ca77 "mukewang/5.0.1 (Android 6.0; LeEco Le X620 Build/HEXCNFN5801708221S),Network WIFI" "-" 10.100.135.57:80 200 0.045 0.045
10.100.0.1 - - [10/Nov/2016:00:01:07 +0800] "HEAD / HTTP/1.1" 301 0 "117.121.101.40" "-" - "curl/7.19.7 (x86_64-redhat-linux-gnu) libcurl/7.19.7 NSS/3.16.2.3 Basic ECC zlib/1.2.3 libidn/1.18 libssh2/1.4.2" "-" - - - 0.000
10.100.0.1 - - [10/Nov/2016:00:01:07 +0800] "HEAD / HTTP/1.1" 301 0 "117.121.101.40" "-" - "curl/7.19.7 (x86_64-redhat-linux-gnu) libcurl/7.19.7 NSS/3.16.2.3 Basic ECC zlib/1.2.3 libidn/1.18 libssh2/1.4.2" "-" - - - 0.000
120.197.193.44 - - [10/Nov/2016:00:01:07 +0800] "POST /api3/userinfo HTTP/1.1" 200 152 "www.imooc.com" "-" timestamp=1478707271975&uid=3779345&secrect=2177e4ca5c8a438af77c96ccfda52dfa&uuid=e8ac7c2dc5fce8d07a84b44b938c594c&cid=0&token=376f5b037bad36dd9ff258dd0f105c2a "mukewang/5.0.1 (Android 4.4.4; OPPO OPPO R7 Build/KTU84P),Network 2G/3G" "10.177.171.185" 10.100.134.244:80 200 0.096 0.096
10.100.0.1 - - [10/Nov/2016:00:01:07 +0800] "HEAD / HTTP/1.1" 301 0 "117.121.101.40" "-" - "curl/7.19.7 (x86_64-redhat-linux-gnu) libcurl/7.19.7 NSS/3.16.2.3 Basic ECC zlib/1.2.3 libidn/1.18 libssh2/1.4.2" "-" - - - 0.000
220.181.108.96 - - [10/Nov/2016:00:01:07 +0800] "GET /u/2906547/course/518/codes HTTP/1.1" 200 6334 "m.imooc.com" "-" - "Mozilla/5.0 (compatible; Baiduspider/2.0; +http://www.baidu.com/search/spider.html)" "-" 10.100.136.64:80 200 0.152 0.165
106.120.213.74 - - [10/Nov/2016:00:01:07 +0800] "POST /course/ajaxmediauser HTTP/1.1" 200 54 "www.imooc.com" "http://www.imooc.com/code/8344" mid=8344&time=60 "Mozilla/5.0 (Macintosh; Intel Mac OS X 10_11_6) AppleWebKit/537.36 (KHTML, like Gecko) Chrome/54.0.2840.71 Safari/537.36" "-" 10.100.134.244:80 200 0.025 0.025
10.100.0.1 - - [10/Nov/2016:00:01:07 +0800] "HEAD / HTTP/1.1" 301 0 "117.121.101.40" "-" - "curl/7.19.7 (x86_64-redhat-linux-gnu) libcurl/7.19.7 NSS/3.16.2.3 Basic ECC zlib/1.2.3 libidn/1.18 libssh2/1.4.2" "-" - - - 0.000
171.113.102.163 - - [10/Nov/2016:00:01:07 +0800] "GET /visitlog/index/user?v=1478707431122 HTTP/1.1" 200 2953 "www.imooc.com" "http://www.imooc.com/learn/249" - "Mozilla/5.0 (Windows NT 6.1) AppleWebKit/537.36 (KHTML, like Gecko) Chrome/45.0.2454.101 Safari/537.36" "-" 10.100.136.64:80 200 0.007 0.007
101.200.101.213 - - [10/Nov/2016:00:01:07 +0800] "GET /md5/f1ade806-3aaf-435a-8a12-994c655440ca/L/cd33bfa0de4a1efc.ts HTTP/1.1" 304 0 "szv1.mukewang.com" "-" - "Lavf/56.15.102" "36.47.218.163" 10.100.133.99:80 304 0.002 0.002
10.100.0.1 - - [10/Nov/2016:00:01:07 +0800] "HEAD / HTTP/1.1" 301 0 "117.121.101.40" "-" - "curl/7.19.7 (x86_64-redhat-linux-gnu) libcurl/7.19.7 NSS/3.16.2.3 Basic ECC zlib/1.2.3 libidn/1.18 libssh2/1.4.2" "-" - - - 0.000
10.100.0.1 - - [10/Nov/2016:00:01:07 +0800] "HEAD / HTTP/1.1" 301 0 "117.121.101.40" "-" - "curl/7.19.7 (x86_64-redhat-linux-gnu) libcurl/7.19.7 NSS/3.16.2.3 Basic ECC zlib/1.2.3 libidn/1.18 libssh2/1.4.2" "-" - - - 0.000
58.19.44.221 - - [10/Nov/2016:00:01:07 +0800] "GET /course/AjaxCourseMembers?ids=96 HTTP/1.1" 200 84 "www.imooc.com" "http://www.imooc.com/comment/96" - "Mozilla/5.0 (Windows NT 10.0; WOW64) AppleWebKit/537.36 (KHTML, like Gecko) Chrome/50.0.2661.102 Safari/537.36" "-" 10.100.134.244:80 200 0.324 0.324
10.100.0.1 - - [10/Nov/2016:00:01:07 +0800] "HEAD / HTTP/1.1" 301 0 "117.121.101.40" "-" - "curl/7.19.7 (x86_64-redhat-linux-gnu) libcurl/7.19.7 NSS/3.16.2.3 Basic ECC zlib/1.2.3 libidn/1.18 libssh2/1.4.2" "-" - - - 0.000
10.100.0.1 - - [10/Nov/2016:00:01:07 +0800] "HEAD / HTTP/1.1" 301 0 "117.121.101.40" "-" - "curl/7.19.7 (x86_64-redhat-linux-gnu) libcurl/7.19.7 NSS/3.16.2.3 Basic ECC zlib/1.2.3 libidn/1.18 libssh2/1.4.2" "-" - - - 0.000
117.144.180.65 - - [10/Nov/2016:00:01:07 +0800] "GET /socket.io/1/websocket/hI4sUIoGXu1VfdQZMebv HTTP/1.1" 101 126 "chat.mukewang.com" "-" - "-" "-" 10.100.15.239:80 101 261.099 261.099
10.100.0.1 - - [10/Nov/2016:00:01:07 +0800] "HEAD / HTTP/1.1" 301 0 "117.121.101.40" "-" - "curl/7.19.7 (x86_64-redhat-linux-gnu) libcurl/7.19.7 NSS/3.16.2.3 Basic ECC zlib/1.2.3 libidn/1.18 libssh2/1.4.2" "-" - - - 0.000
10.100.0.1 - - [10/Nov/2016:00:01:07 +0800] "HEAD / HTTP/1.1" 301 0 "117.121.101.40" "-" - "curl/7.19.7 (x86_64-redhat-linux-gnu) libcurl/7.19.7 NSS/3.16.2.3 Basic ECC zlib/1.2.3 libidn/1.18 libssh2/1.4.2" "-" - - - 0.000
10.100.0.1 - - [10/Nov/2016:00:01:07 +0800] "HEAD / HTTP/1.1" 301 0 "117.121.101.40" "-" - "curl/7.19.7 (x86_64-redhat-linux-gnu) libcurl/7.19.7 NSS/3.16.2.3 Basic ECC zlib/1.2.3 libidn/1.18 libssh2/1.4.2" "-" - - - 0.000
10.100.0.1 - - [10/Nov/2016:00:01:07 +0800] "HEAD / HTTP/1.1" 301 0 "117.121.101.40" "-" - "curl/7.19.7 (x86_64-redhat-linux-gnu) libcurl/7.19.7 NSS/3.16.2.3 Basic ECC zlib/1.2.3 libidn/1.18 libssh2/1.4.2" "-" - - - 0.000
58.20.14.170 - - [10/Nov/2016:00:01:07 +0800] "GET /course/ajaxmaxchaptermediaques?mid=5683 HTTP/1.1" 200 72 "www.imooc.com" "http://www.imooc.com/video/5683" - "Mozilla/5.0 (Windows NT 6.1; WOW64) AppleWebKit/537.36 (KHTML, like Gecko) Chrome/53.0.2785.143 Safari/537.36" "-" 10.100.136.65:80 200 1.600 1.600
10.100.0.1 - - [10/Nov/2016:00:01:07 +0800] "HEAD / HTTP/1.1" 301 0 "117.121.101.40" "-" - "curl/7.19.7 (x86_64-redhat-linux-gnu) libcurl/7.19.7 NSS/3.16.2.3 Basic ECC zlib/1.2.3 libidn/1.18 libssh2/1.4.2" "-" - - - 0.000
10.100.0.1 - - [10/Nov/2016:00:01:07 +0800] "HEAD / HTTP/1.1" 301 0 "117.121.101.40" "-" - "curl/7.19.7 (x86_64-redhat-linux-gnu) libcurl/7.19.7 NSS/3.16.2.3 Basic ECC zlib/1.2.3 libidn/1.18 libssh2/1.4.2" "-" - - - 0.000
10.100.0.1 - - [10/Nov/2016:00:01:07 +0800] "HEAD / HTTP/1.1" 301 0 "117.121.101.40" "-" - "curl/7.19.7 (x86_64-redhat-linux-gnu) libcurl/7.19.7 NSS/3.16.2.3 Basic ECC zlib/1.2.3 libidn/1.18 libssh2/1.4.2" "-" - - - 0.000
175.9.111.164 - - [10/Nov/2016:00:01:07 +0800] "POST /api3/getinvitemeuserlist HTTP/1.1" 200 115 "www.imooc.com" "-" timestamp=1478707267204&uid=4222543&secrect=91b0fb75940da6fd7e21c6f1198f310b&uuid=3c00abb7dcdf41d948c5e45b214e8ee2&cid=0&token=6bf3f0eca1b2714625969fde9c85babb "mukewang/5.0.1 (Android 4.4.4; OPPO 1100 Build/KTU84P),Network WIFI" "-" 10.100.136.64:80 200 0.053 0.053
10.100.0.1 - - [10/Nov/2016:00:01:07 +0800] "HEAD / HTTP/1.1" 301 0 "117.121.101.40" "-" - "curl/7.19.7 (x86_64-redhat-linux-gnu) libcurl/7.19.7 NSS/3.16.2.3 Basic ECC zlib/1.2.3 libidn/1.18 libssh2/1.4.2" "-" - - - 0.000
36.47.218.163 - - [10/Nov/2016:00:01:07 +0800] "POST /api/mediauserlog HTTP/1.1" 200 103 "coding.imooc.com" "-" timestamp=1478707265896&plat_id=5&uid=3218074&secrect=7589d9324175aedec6760be9af257b84&video_point=608&chpid=108&mid=634&is_offline=0&learn_time=609&cid=51&token=0132bb023b85bdeed31986d681c04583 "mukewang/5.0.1 (Android 4.4.4; OPPO OPPO R7s Build/KTU84P),Network WIFI" "-" 10.100.135.24:80 200 0.030 0.030
10.100.0.1 - - [10/Nov/2016:00:01:07 +0800] "HEAD / HTTP/1.1" 301 0 "117.121.101.40" "-" - "curl/7.19.7 (x86_64-redhat-linux-gnu) libcurl/7.19.7 NSS/3.16.2.3 Basic ECC zlib/1.2.3 libidn/1.18 libssh2/1.4.2" "-" - - - 0.000
171.113.102.163 - - [10/Nov/2016:00:01:07 +0800] "GET /course/AjaxCourseMembers?ids=249 HTTP/1.1" 200 85 "www.imooc.com" "http://www.imooc.com/learn/249" - "Mozilla/5.0 (Windows NT 6.1) AppleWebKit/537.36 (KHTML, like Gecko) Chrome/45.0.2454.101 Safari/537.36" "-" 10.100.136.65:80 200 0.013 0.013
